C51 COMPILER V9.60.7.0   KEY                                                               07/12/2026 16:22:53 PAGE 1   


C51 COMPILER V9.60.7.0, COMPILATION OF MODULE KEY
OBJECT MODULE PLACED IN .\Objects\Key.obj
COMPILER INVOKED BY: D:\Keil\C51\BIN\C51.EXE Key.c OPTIMIZE(8,SPEED) BROWSE DEBUG OBJECTEXTEND PRINT(.\Listings\Key.lst)
                    - TABS(2) OBJECT(.\Objects\Key.obj)

line level    source

   1          #include <REGX52.H>
   2          #include <Delay.h>
   3          unsigned char Key()
   4          {
   5   1        unsigned char Keynum = 0;
   6   1        
   7   1        if(P3_1 == 0)
   8   1          {
   9   2            Delay(20);
  10   2            while(P3_1 == 0);
  11   2            Delay(20);
  12   2            Keynum = 1;
  13   2          }
  14   1        if (P3_0 == 0)
  15   1        {
  16   2          Delay(20);
  17   2          while(P3_0 == 0);
  18   2          Delay(20);
  19   2          Keynum = 2;
  20   2        }
  21   1        if(P3_2 == 0)
  22   1        {
  23   2          Delay(20);
  24   2          while(P3_2 == 0);
  25   2          Delay(20);
  26   2          Keynum = 3;
  27   2        }
  28   1        if(P3_3 == 0)
  29   1        {
  30   2          Delay(20);
  31   2          while(P3_3 == 0);
  32   2          Delay(20);
  33   2          Keynum = 4;
  34   2        }
  35   1        return Keynum;
  36   1      }


MODULE INFORMATION:   STATIC OVERLAYABLE
   CODE SIZE        =     97    ----
   CONSTANT SIZE    =   ----    ----
   XDATA SIZE       =   ----    ----
   PDATA SIZE       =   ----    ----
   DATA SIZE        =   ----       1
   IDATA SIZE       =   ----    ----
   BIT SIZE         =   ----    ----
END OF MODULE INFORMATION.


C51 COMPILATION COMPLETE.  0 WARNING(S),  0 ERROR(S)
