C51 COMPILER V9.60.7.0   MAIN                                                              07/13/2026 00:00:43 PAGE 1   


C51 COMPILER V9.60.7.0, COMPILATION OF MODULE MAIN
OBJECT MODULE PLACED IN .\Objects\main.obj
COMPILER INVOKED BY: D:\Keil\C51\BIN\C51.EXE main.c OPTIMIZE(8,SPEED) BROWSE DEBUG OBJECTEXTEND PRINT(.\Listings\main.ls
                    -t) TABS(2) OBJECT(.\Objects\main.obj)

line level    source

   1          #include <REGX52.H>
   2          #include <Timer0.h>
   3          #include <Key.h>
   4          #include <INTRINS.H>
   5          unsigned char Mode = 0;
   6          void main()
   7          {
   8   1        P2 = 0xFE;//1111 1110
   9   1        Timer0_Init();//初始化计时器
  10   1        while(1)
  11   1        {
  12   2          unsigned char Num = Key();
  13   2          if (Num == 1)//左移Mode
  14   2            Mode = 1;
  15   2          else if (Num == 2)//右移
  16   2            Mode = 2;
  17   2          else if (Num == 3)//停止
  18   2            Mode = 3;
  19   2        }
  20   1      }
  21          
  22          void Timer0() interrupt 1//中断器1
  23          {
  24   1        static unsigned int Timer0Counts = 0;
  25   1        TL0 = 0x18;//初始化
  26   1        TH0 = 0xFC;//同上
  27   1        Timer0Counts++;
  28   1        if(Timer0Counts >= 200)//200ms
  29   1        {
  30   2          Timer0Counts = 0;
  31   2          if (Mode == 1)
  32   2            P2 = _cror_(P2,1);
  33   2          else if (Mode == 2)
  34   2            P2 = _crol_(P2,1);
  35   2        }
  36   1      }


MODULE INFORMATION:   STATIC OVERLAYABLE
   CODE SIZE        =    128    ----
   CONSTANT SIZE    =   ----    ----
   XDATA SIZE       =   ----    ----
   PDATA SIZE       =   ----    ----
   DATA SIZE        =      3       1
   IDATA SIZE       =   ----    ----
   BIT SIZE         =   ----    ----
END OF MODULE INFORMATION.


C51 COMPILATION COMPLETE.  0 WARNING(S),  0 ERROR(S)
