BL51 BANKED LINKER/LOCATER V6.22.4.0                                                    07/13/2026  00:00:44  PAGE 1


BL51 BANKED LINKER/LOCATER V6.22.4.0, INVOKED BY:
D:\KEIL\C51\BIN\BL51.EXE .\Objects\main.obj, .\Objects\Timer0.obj, .\Objects\Key.obj, .\Objects\Delay.obj TO .\Objects\T
>> imer2 PRINT (.\Listings\Timer2.m51) RAMSIZE (256)


MEMORY MODEL: SMALL


INPUT MODULES INCLUDED:
  .\Objects\main.obj (MAIN)
  .\Objects\Timer0.obj (TIMER0)
  .\Objects\Key.obj (KEY)
  .\Objects\Delay.obj (DELAY)
  D:\KEIL\C51\LIB\C51S.LIB (?C_STARTUP)
  D:\KEIL\C51\LIB\C51S.LIB (?C_INIT)


LINK MAP OF MODULE:  .\Objects\Timer2 (MAIN)


            TYPE    BASE      LENGTH    RELOCATION   SEGMENT NAME
            -----------------------------------------------------

            * * * * * * *   D A T A   M E M O R Y   * * * * * * *
            REG     0000H     0008H     ABSOLUTE     "REG BANK 0"
            DATA    0008H     0003H     UNIT         ?DT?MAIN
            DATA    000BH     0002H     UNIT         _DATA_GROUP_
            IDATA   000DH     0001H     UNIT         ?STACK

            * * * * * * *   C O D E   M E M O R Y   * * * * * * *
            CODE    0000H     0003H     ABSOLUTE     
            CODE    0003H     0008H     UNIT         ?C_INITSEG
            CODE    000BH     0003H     ABSOLUTE     
            CODE    000EH     008CH     UNIT         ?C_C51STARTUP
            CODE    009AH     0061H     UNIT         ?PR?KEY?KEY
            CODE    00FBH     0057H     UNIT         ?PR?TIMER0?MAIN
            CODE    0152H     0029H     UNIT         ?PR?MAIN?MAIN
            CODE    017BH     001DH     UNIT         ?PR?TIMER0_INIT?TIMER0
            CODE    0198H     0016H     UNIT         ?PR?_DELAY?DELAY



OVERLAY MAP OF MODULE:   .\Objects\Timer2 (MAIN)


SEGMENT                          DATA_GROUP 
  +--> CALLED SEGMENT          START    LENGTH
----------------------------------------------
?C_C51STARTUP                  -----    -----
  +--> ?PR?MAIN?MAIN
  +--> ?C_INITSEG

?PR?MAIN?MAIN                  000BH    0001H
  +--> ?PR?TIMER0_INIT?TIMER0
  +--> ?PR?KEY?KEY

?PR?KEY?KEY                    000CH    0001H
  +--> ?PR?_DELAY?DELAY
BL51 BANKED LINKER/LOCATER V6.22.4.0                                                  07/13/2026  00:00:44  PAGE 2





SYMBOL TABLE OF MODULE:  .\Objects\Timer2 (MAIN)

  VALUE           TYPE          NAME
  ----------------------------------

  -------         MODULE        MAIN
  C:0000H         SYMBOL        _ICE_DUMMY_
  D:00A0H         PUBLIC        P2
  D:000AH         PUBLIC        Mode
  C:0152H         PUBLIC        main
  C:00FBH         PUBLIC        Timer0
  D:008CH         PUBLIC        TH0
  D:008AH         PUBLIC        TL0
  -------         PROC          MAIN
  -------         DO            
  D:000BH         SYMBOL        Num
  -------         ENDDO         
  C:0152H         LINE#         6
  C:0152H         LINE#         7
  C:0152H         LINE#         8
  C:0155H         LINE#         9
  C:0158H         LINE#         10
  C:0158H         LINE#         11
  C:0158H         LINE#         12
  C:015DH         LINE#         13
  C:0162H         LINE#         14
  C:0167H         LINE#         15
  C:016CH         LINE#         16
  C:0171H         LINE#         17
  C:0176H         LINE#         18
  C:0179H         LINE#         19
  -------         ENDPROC       MAIN
  -------         PROC          TIMER0
  -------         DO            
  D:0008H         SYMBOL        Timer0Counts
  -------         ENDDO         
  C:00FBH         LINE#         22
  C:0106H         LINE#         25
  C:0109H         LINE#         26
  C:010CH         LINE#         27
  C:0114H         LINE#         28
  C:011DH         LINE#         29
  C:011DH         LINE#         30
  C:0123H         LINE#         31
  C:0128H         LINE#         32
  C:0137H         LINE#         33
  C:013CH         LINE#         34
  C:0149H         LINE#         35
  C:0149H         LINE#         36
  -------         ENDPROC       TIMER0
  -------         ENDMOD        MAIN

  -------         MODULE        TIMER0
  C:0000H         SYMBOL        _ICE_DUMMY_
BL51 BANKED LINKER/LOCATER V6.22.4.0                                                  07/13/2026  00:00:44  PAGE 3


  B:00A8H.7       PUBLIC        EA
  C:017BH         PUBLIC        Timer0_Init
  D:0089H         PUBLIC        TMOD
  B:00A8H.1       PUBLIC        ET0
  B:0088H.5       PUBLIC        TF0
  D:008CH         PUBLIC        TH0
  D:008AH         PUBLIC        TL0
  B:00B8H.1       PUBLIC        PT0
  B:0088H.4       PUBLIC        TR0
  D:00B7H         PUBLIC        IPH
  -------         PROC          TIMER0_INIT
  C:017BH         LINE#         3
  C:017BH         LINE#         4
  C:017BH         LINE#         5
  C:017EH         LINE#         6
  C:0181H         LINE#         7
  C:0183H         LINE#         8
  C:0185H         LINE#         9
  C:0188H         LINE#         10
  C:018BH         LINE#         11
  C:018DH         LINE#         12
  C:018FH         LINE#         13
  C:0192H         LINE#         14
  C:0195H         LINE#         15
  C:0197H         LINE#         16
  -------         ENDPROC       TIMER0_INIT
  -------         ENDMOD        TIMER0

  -------         MODULE        KEY
  C:0000H         SYMBOL        _ICE_DUMMY_
  B:00B0H.0       PUBLIC        P3_0
  B:00B0H.1       PUBLIC        P3_1
  B:00B0H.2       PUBLIC        P3_2
  B:00B0H.3       PUBLIC        P3_3
  C:009AH         PUBLIC        Key
  -------         PROC          KEY
  -------         DO            
  D:000CH         SYMBOL        Keynum
  -------         ENDDO         
  C:009AH         LINE#         3
  C:009AH         LINE#         4
  C:009AH         LINE#         5
  C:009DH         LINE#         7
  C:00A0H         LINE#         8
  C:00A0H         LINE#         9
  C:00A6H         LINE#         10
  C:00A9H         LINE#         11
  C:00B0H         LINE#         12
  C:00B3H         LINE#         13
  C:00B3H         LINE#         14
  C:00B6H         LINE#         15
  C:00B6H         LINE#         16
  C:00BDH         LINE#         17
  C:00C0H         LINE#         18
  C:00C7H         LINE#         19
  C:00CAH         LINE#         20
  C:00CAH         LINE#         21
BL51 BANKED LINKER/LOCATER V6.22.4.0                                                  07/13/2026  00:00:44  PAGE 4


  C:00CDH         LINE#         22
  C:00CDH         LINE#         23
  C:00D4H         LINE#         24
  C:00D7H         LINE#         25
  C:00DEH         LINE#         26
  C:00E1H         LINE#         27
  C:00E1H         LINE#         28
  C:00E4H         LINE#         29
  C:00E4H         LINE#         30
  C:00EBH         LINE#         31
  C:00EEH         LINE#         32
  C:00F5H         LINE#         33
  C:00F8H         LINE#         34
  C:00F8H         LINE#         35
  C:00FAH         LINE#         36
  -------         ENDPROC       KEY
  -------         ENDMOD        KEY

  -------         MODULE        DELAY
  C:0000H         SYMBOL        _ICE_DUMMY_
  C:0198H         PUBLIC        _Delay
  -------         PROC          _DELAY
  D:0006H         SYMBOL        xms
  -------         DO            
  D:0005H         SYMBOL        i
  D:0004H         SYMBOL        j
  -------         ENDDO         
  C:0198H         LINE#         2
  C:0198H         LINE#         3
  C:0198H         LINE#         5
  C:01A2H         LINE#         6
  C:01A2H         LINE#         7
  C:01A3H         LINE#         8
  C:01A5H         LINE#         9
  C:01A7H         LINE#         11
  C:01A7H         LINE#         12
  C:01A9H         LINE#         13
  C:01ABH         LINE#         14
  C:01ADH         LINE#         15
  -------         ENDPROC       _DELAY
  -------         ENDMOD        DELAY

Program Size: data=14.0 xdata=0 code=430
LINK/LOCATE RUN COMPLETE.  0 WARNING(S),  0 ERROR(S)
