C51 COMPILER V9.60.7.0   MAIN                                                              07/09/2026 17:22:45 PAGE 1   


C51 COMPILER V9.60.7.0, COMPILATION OF MODULE MAIN
OBJECT MODULE PLACED IN .\Objects\main.obj
COMPILER INVOKED BY: D:\Keil\C51\BIN\C51.EXE main.c OPTIMIZE(8,SPEED) BROWSE DEBUG OBJECTEXTEND PRINT(.\Listings\main.ls
                    -t) TABS(2) OBJECT(.\Objects\main.obj)

line level    source

   1          #include <REGX52.H>
   2          #include <INTRINS.H>
   3          void Delay(unsigned int xms)  //@11.0592MHz
   4          {
   5   1        unsigned char data i, j;
   6   1        while(xms--)
   7   1        {
   8   2          _nop_();
   9   2          i = 2;
  10   2          j = 199;
  11   2          do
  12   2          {
  13   3            while (--j);
  14   3          } while (--i);
  15   2        }
  16   1      }
  17          void main()
  18          {
  19   1        unsigned char LEDNum = 0; 
  20   1        while(1)
  21   1        {
  22   2          if(P3_1 == 0)
  23   2          {
  24   3            Delay(20);
  25   3            while(P3_1 == 0);
  26   3            Delay(20);
  27   3            
  28   3            LEDNum++;
  29   3            P2 = ~LEDNum;
  30   3          }
  31   2          if (P3_0 == 0)
  32   2          {
  33   3            Delay(20);
  34   3            while(P3_0 == 0);
  35   3            Delay(20);
  36   3            P2 = 0xFF;
  37   3            LEDNum = 0;
  38   3          }
  39   2        }
  40   1      }
  41          


MODULE INFORMATION:   STATIC OVERLAYABLE
   CODE SIZE        =     64    ----
   CONSTANT SIZE    =   ----    ----
   XDATA SIZE       =   ----    ----
   PDATA SIZE       =   ----    ----
   DATA SIZE        =   ----    ----
   IDATA SIZE       =   ----    ----
   BIT SIZE         =   ----    ----
END OF MODULE INFORMATION.


C51 COMPILATION COMPLETE.  0 WARNING(S),  0 ERROR(S)
