BL51 BANKED LINKER/LOCATER V6.22.4.0                                                    07/13/2026  12:52:19  PAGE 1


BL51 BANKED LINKER/LOCATER V6.22.4.0, INVOKED BY:
D:\KEIL\C51\BIN\BL51.EXE .\Objects\main.obj, .\Objects\Delay.obj, .\Objects\Timer0.obj, .\Objects\Leds.obj TO .\Objects\
>> Timer3 PRINT (.\Listings\Timer3.m51) RAMSIZE (256)


MEMORY MODEL: SMALL


INPUT MODULES INCLUDED:
  .\Objects\main.obj (MAIN)
  .\Objects\Delay.obj (DELAY)
  .\Objects\Timer0.obj (TIMER0)
  .\Objects\Leds.obj (LEDS)
  D:\KEIL\C51\LIB\C51S.LIB (?C_STARTUP)
  D:\KEIL\C51\LIB\C51S.LIB (?C_INIT)


LINK MAP OF MODULE:  .\Objects\Timer3 (MAIN)


            TYPE    BASE      LENGTH    RELOCATION   SEGMENT NAME
            -----------------------------------------------------

            * * * * * * *   D A T A   M E M O R Y   * * * * * * *
            REG     0000H     0008H     ABSOLUTE     "REG BANK 0"
            DATA    0008H     0015H     UNIT         ?DT?MAIN
            IDATA   001DH     0001H     UNIT         ?STACK

            * * * * * * *   C O D E   M E M O R Y   * * * * * * *
            CODE    0000H     0003H     ABSOLUTE     
                    0003H     0008H                  *** GAP ***
            CODE    000BH     0003H     ABSOLUTE     
            CODE    000EH     00D3H     UNIT         ?PR?_LEDS?LEDS
            CODE    00E1H     008DH     UNIT         ?PR?MAIN?MAIN
            CODE    016EH     008CH     UNIT         ?C_C51STARTUP
            CODE    01FAH     0031H     UNIT         ?PR?TIMER0?MAIN
            CODE    022BH     002EH     UNIT         ?C_INITSEG
            CODE    0259H     001DH     UNIT         ?PR?TIMER0_INIT?TIMER0
            CODE    0276H     0016H     UNIT         ?PR?_DELAY?DELAY



OVERLAY MAP OF MODULE:   .\Objects\Timer3 (MAIN)


SEGMENT
  +--> CALLED SEGMENT
---------------------
?C_C51STARTUP
  +--> ?PR?MAIN?MAIN
  +--> ?C_INITSEG

?PR?MAIN?MAIN
  +--> ?PR?TIMER0_INIT?TIMER0
  +--> ?PR?_LEDS?LEDS

?PR?_LEDS?LEDS
  +--> ?PR?_DELAY?DELAY
BL51 BANKED LINKER/LOCATER V6.22.4.0                                                  07/13/2026  12:52:19  PAGE 2





SYMBOL TABLE OF MODULE:  .\Objects\Timer3 (MAIN)

  VALUE           TYPE          NAME
  ----------------------------------

  -------         MODULE        MAIN
  C:0000H         SYMBOL        _ICE_DUMMY_
  D:0008H         PUBLIC        Time
  D:0011H         PUBLIC        Sec
  D:0012H         PUBLIC        Hour
  D:0013H         PUBLIC        Min
  C:00E1H         PUBLIC        main
  C:01FAH         PUBLIC        Timer0
  D:0014H         PUBLIC        Timer0Counts
  D:008CH         PUBLIC        TH0
  D:0016H         PUBLIC        Sec1
  D:0017H         PUBLIC        Sec2
  D:008AH         PUBLIC        TL0
  D:0018H         PUBLIC        Hour1
  D:0019H         PUBLIC        Hour2
  D:001AH         PUBLIC        Min1
  D:001BH         PUBLIC        Min2
  D:001CH         PUBLIC        i
  -------         PROC          MAIN
  C:00E1H         LINE#         17
  C:00E1H         LINE#         18
  C:00E1H         LINE#         19
  C:00E4H         LINE#         20
  C:00E4H         LINE#         21
  C:00E4H         LINE#         22
  C:00EBH         LINE#         23
  C:00EBH         LINE#         24
  C:00F3H         LINE#         25
  C:00FCH         LINE#         26
  C:00FCH         LINE#         27
  C:0103H         LINE#         28
  C:0103H         LINE#         29
  C:0105H         LINE#         30
  C:0108H         LINE#         31
  C:010EH         LINE#         32
  C:010EH         LINE#         33
  C:0116H         LINE#         34
  C:011FH         LINE#         35
  C:011FH         LINE#         36
  C:0126H         LINE#         37
  C:0126H         LINE#         38
  C:0128H         LINE#         39
  C:012BH         LINE#         40
  C:0133H         LINE#         41
  C:013CH         LINE#         42
  C:013CH         LINE#         43
  C:013CH         LINE#         44
  C:013FH         LINE#         45
  C:0142H         LINE#         46
BL51 BANKED LINKER/LOCATER V6.22.4.0                                                  07/13/2026  12:52:19  PAGE 3


  C:0145H         LINE#         47
  C:0148H         LINE#         48
  C:014BH         LINE#         49
  C:014EH         LINE#         50
  C:0151H         LINE#         51
  C:0154H         LINE#         53
  C:015EH         LINE#         54
  C:015EH         LINE#         55
  C:016AH         LINE#         56
  -------         ENDPROC       MAIN
  -------         PROC          TIMER0
  C:01FAH         LINE#         63
  C:01FEH         LINE#         65
  C:0201H         LINE#         66
  C:0204H         LINE#         67
  C:020CH         LINE#         68
  C:0215H         LINE#         69
  C:0215H         LINE#         70
  C:021BH         LINE#         71
  C:021DH         LINE#         72
  C:0223H         LINE#         73
  C:0226H         LINE#         74
  C:0226H         LINE#         75
  -------         ENDPROC       TIMER0
  -------         ENDMOD        MAIN

  -------         MODULE        DELAY
  C:0000H         SYMBOL        _ICE_DUMMY_
  C:0276H         PUBLIC        _Delay
  -------         PROC          _DELAY
  D:0006H         SYMBOL        xms
  -------         DO            
  D:0005H         SYMBOL        i
  D:0004H         SYMBOL        j
  -------         ENDDO         
  C:0276H         LINE#         2
  C:0276H         LINE#         3
  C:0276H         LINE#         5
  C:0280H         LINE#         6
  C:0280H         LINE#         7
  C:0281H         LINE#         8
  C:0283H         LINE#         9
  C:0285H         LINE#         11
  C:0285H         LINE#         12
  C:0287H         LINE#         13
  C:0289H         LINE#         14
  C:028BH         LINE#         15
  -------         ENDPROC       _DELAY
  -------         ENDMOD        DELAY

  -------         MODULE        TIMER0
  C:0000H         SYMBOL        _ICE_DUMMY_
  B:00A8H.7       PUBLIC        EA
  C:0259H         PUBLIC        Timer0_Init
  D:0089H         PUBLIC        TMOD
  B:00A8H.1       PUBLIC        ET0
  B:0088H.5       PUBLIC        TF0
BL51 BANKED LINKER/LOCATER V6.22.4.0                                                  07/13/2026  12:52:19  PAGE 4


  D:008CH         PUBLIC        TH0
  D:008AH         PUBLIC        TL0
  B:00B8H.1       PUBLIC        PT0
  B:0088H.4       PUBLIC        TR0
  D:00B7H         PUBLIC        IPH
  -------         PROC          TIMER0_INIT
  C:0259H         LINE#         3
  C:0259H         LINE#         4
  C:0259H         LINE#         5
  C:025CH         LINE#         6
  C:025FH         LINE#         7
  C:0261H         LINE#         8
  C:0263H         LINE#         9
  C:0266H         LINE#         10
  C:0269H         LINE#         11
  C:026BH         LINE#         12
  C:026DH         LINE#         13
  C:0270H         LINE#         14
  C:0273H         LINE#         15
  C:0275H         LINE#         16
  -------         ENDPROC       TIMER0_INIT
  -------         ENDMOD        TIMER0

  -------         MODULE        LEDS
  C:0000H         SYMBOL        _ICE_DUMMY_
  D:0080H         PUBLIC        P0
  C:000EH         PUBLIC        _Leds
  B:00A0H.2       PUBLIC        P2_2
  B:00A0H.3       PUBLIC        P2_3
  B:00A0H.4       PUBLIC        P2_4
  -------         PROC          _LEDS
  D:0007H         SYMBOL        Location
  D:0005H         SYMBOL        Num
  C:000EH         LINE#         3
  C:000EH         LINE#         4
  C:000EH         LINE#         6
  C:0011H         LINE#         7
  C:003EH         LINE#         8
  C:003EH         LINE#         9
  C:0042H         LINE#         10
  C:004AH         LINE#         11
  C:004EH         LINE#         12
  C:0056H         LINE#         13
  C:005AH         LINE#         14
  C:0062H         LINE#         15
  C:0066H         LINE#         16
  C:006CH         LINE#         17
  C:006CH         LINE#         18
  C:00A0H         LINE#         19
  C:00A0H         LINE#         20
  C:00A5H         LINE#         21
  C:00AAH         LINE#         22
  C:00AFH         LINE#         23
  C:00B4H         LINE#         24
  C:00B9H         LINE#         25
  C:00BEH         LINE#         26
  C:00C3H         LINE#         27
BL51 BANKED LINKER/LOCATER V6.22.4.0                                                  07/13/2026  12:52:19  PAGE 5


  C:00C8H         LINE#         28
  C:00CDH         LINE#         29
  C:00D2H         LINE#         30
  C:00D7H         LINE#         31
  C:00DAH         LINE#         32
  C:00DAH         LINE#         33
  -------         ENDPROC       _LEDS
  -------         ENDMOD        LEDS

Program Size: data=30.0 xdata=0 code=644
LINK/LOCATE RUN COMPLETE.  0 WARNING(S),  0 ERROR(S)
