C51 COMPILER V9.60.7.0   MAIN                                                              07/25/2026 10:09:15 PAGE 1   


C51 COMPILER V9.60.7.0, COMPILATION OF MODULE MAIN
OBJECT MODULE PLACED IN .\Objects\main.obj
COMPILER INVOKED BY: D:\Keil\C51\BIN\C51.EXE main.c OPTIMIZE(8,SPEED) BROWSE DEBUG OBJECTEXTEND PRINT(.\Listings\main.ls
                    -t) TABS(2) OBJECT(.\Objects\main.obj)

line level    source

   1          #include <REGX52.H>
   2          #include "DS1302.h"
   3          #include "Delay.h"
   4          #include "Key.h"
   5          #include "LCD1602.h"
   6          void main()
   7          {
   8   1        LCD1602_Init();
   9   1        DS1302_Init();
  10   1        LCD1602_ShowString(1,1,"  -  -  ");//静态字符初始化显示
  11   1        LCD1602_ShowString(2,1,"  :  :  ");
  12   1        
  13   1        DS1302_SetTime();//设置时间
  14   1        
  15   1        while(1)
  16   1        {
  17   2          DS1302_ReadTime();//读取时间
  18   2          LCD1602_ShowNum(1,1,DS1302_Time[0],2);//显示年
  19   2          LCD1602_ShowNum(1,4,DS1302_Time[1],2);//显示月
  20   2          LCD1602_ShowNum(1,7,DS1302_Time[2],2);//显示日
  21   2          LCD1602_ShowNum(2,1,DS1302_Time[3],2);//显示时
  22   2          LCD1602_ShowNum(2,4,DS1302_Time[4],2);//显示分
  23   2          LCD1602_ShowNum(2,7,DS1302_Time[5],2);//显示秒
  24   2        }
  25   1      }


MODULE INFORMATION:   STATIC OVERLAYABLE
   CODE SIZE        =    130    ----
   CONSTANT SIZE    =     18    ----
   XDATA SIZE       =   ----    ----
   PDATA SIZE       =   ----    ----
   DATA SIZE        =   ----    ----
   IDATA SIZE       =   ----    ----
   BIT SIZE         =   ----    ----
END OF MODULE INFORMATION.


C51 COMPILATION COMPLETE.  0 WARNING(S),  0 ERROR(S)
