C51 COMPILER V9.60.7.0   MAIN                                                              07/07/2026 23:45:07 PAGE 1   


C51 COMPILER V9.60.7.0, COMPILATION OF MODULE MAIN
OBJECT MODULE PLACED IN .\Objects\main.obj
COMPILER INVOKED BY: D:\Keil\C51\BIN\C51.EXE main.c OPTIMIZE(8,SPEED) BROWSE DEBUG OBJECTEXTEND PRINT(.\Listings\main.ls
                    -t) TABS(2) OBJECT(.\Objects\main.obj)

line level    source

   1          #include <REGX52.H>
   2          #include <INTRINS.H>
   3          void Delay1ms(unsigned int xms) //@11.0592MHz
   4          {
   5   1        unsigned char data i, j;
   6   1        while(xms)
   7   1        {
   8   2        _nop_();
   9   2        i = 2;
  10   2        j = 199;
  11   2        do
  12   2        {
  13   3          while (--j);
  14   3        } while (--i);
  15   2        xms--;
  16   2        }
  17   1      }
  18          int main()
  19          {
  20   1          while(1)
  21   1          {
  22   2            P2 = 0xFE;
  23   2            Delay1ms(700);
  24   2            P2 = 0xFD;
  25   2            Delay1ms(600);
  26   2            P2 = 0xFB;
  27   2            Delay1ms(500);
  28   2            P2 = 0xF7;
  29   2            Delay1ms(400);
  30   2            P2 = 0xEF;
  31   2            Delay1ms(300);
  32   2            P2 = 0xDF;
  33   2            Delay1ms(200);
  34   2            P2 = 0xBF;
  35   2            Delay1ms(100);
  36   2            P2 = 0x7F;
  37   2            Delay1ms(50);
  38   2          }
  39   1      }


MODULE INFORMATION:   STATIC OVERLAYABLE
   CODE SIZE        =    103    ----
   CONSTANT SIZE    =   ----    ----
   XDATA SIZE       =   ----    ----
   PDATA SIZE       =   ----    ----
   DATA SIZE        =   ----    ----
   IDATA SIZE       =   ----    ----
   BIT SIZE         =   ----    ----
END OF MODULE INFORMATION.


C51 COMPILATION COMPLETE.  0 WARNING(S),  0 ERROR(S)
