C51 COMPILER V9.60.7.0   LED8X8                                                            07/17/2026 11:04:16 PAGE 1   


C51 COMPILER V9.60.7.0, COMPILATION OF MODULE LED8X8
OBJECT MODULE PLACED IN .\Objects\Led8x8.obj
COMPILER INVOKED BY: D:\Keil\C51\BIN\C51.EXE Led8x8.c OPTIMIZE(8,SPEED) BROWSE DEBUG OBJECTEXTEND PRINT(.\Listings\Led8x
                    -8.lst) TABS(2) OBJECT(.\Objects\Led8x8.obj)

line level    source

   1          #include <REGX52.H>
   2          #include <Delay.h>
   3          sbit SER = P3^4;
   4          sbit RCK = P3^5;
   5          sbit SRCK = P3^6;
   6          
   7          void HC595_WriteByte(unsigned char Byte)
   8          {
   9   1        unsigned char i;
  10   1        for (i = 0;i<8;i++)
  11   1        {
  12   2          SER = (Byte & 0x80 >> i) != 0;
  13   2          SRCK = 0;
  14   2          SRCK = 1;
  15   2        }
  16   1        RCK = 0;
  17   1        RCK = 1;
  18   1      }
  19          
  20          
  21          void Led8x8(unsigned char Lie,unsigned char Data)//ÏÔÊ¾Ò»ÁÐ
  22          {
  23   1        P0 = ~(0x80 >> (Lie - 1));
  24   1        HC595_WriteByte(Data);
  25   1        Delay(1);
  26   1        P0 = 0xFF;
  27   1      }
  28          


MODULE INFORMATION:   STATIC OVERLAYABLE
   CODE SIZE        =     81    ----
   CONSTANT SIZE    =   ----    ----
   XDATA SIZE       =   ----    ----
   PDATA SIZE       =   ----    ----
   DATA SIZE        =   ----    ----
   IDATA SIZE       =   ----    ----
   BIT SIZE         =   ----    ----
END OF MODULE INFORMATION.


C51 COMPILATION COMPLETE.  0 WARNING(S),  0 ERROR(S)
