C51 COMPILER V9.60.7.0   MAIN                                                              07/17/2026 11:04:16 PAGE 1   


C51 COMPILER V9.60.7.0, COMPILATION OF MODULE MAIN
OBJECT MODULE PLACED IN .\Objects\main.obj
COMPILER INVOKED BY: D:\Keil\C51\BIN\C51.EXE main.c OPTIMIZE(8,SPEED) BROWSE DEBUG OBJECTEXTEND PRINT(.\Listings\main.ls
                    -t) TABS(2) OBJECT(.\Objects\main.obj)

line level    source

   1          #include <REGX52.H>
   2          #include <Delay.h>
   3          #include <Led8x8.h>
   4          unsigned char Led[]={
   5            0x00,0x00,0x00,0x00,0x00,0x00,0x00,0x00,
   6            0x00,0xC3,0xC3,0xFF,0xFF,0xC3,0xC3,0x00,//I
   7            0x00,0xFF,0xFF,0x03,0x03,0x03,0x03,0x00,//L
   8            0x00,0x7E,0x81,0x81,0x81,0x81,0x7E,0x00,//O
   9            0x00,0x70,0x0C,0x02,0x02,0x0C,0x70,0x00,//V
  10            0x00,0xFF,0x99,0x99,0x99,0x99,0x99,0x00,//E
  11            0x00,0x7C,0x02,0x02,0x02,0x02,0x7C,0x00,//U
  12          
  13            0x00,0x7E,0x42,0x42,0x42,0x3C,0x00,0x00,//D
  14            0x00,0xC0,0x60,0x3E,0x3E,0x60,0xC0,0x00,//Y
  15            0x00,0x00,0x46,0x42,0x7E,0x40,0x00,0x00,//J
  16            0x00,0x00,0x00,0xFB,0xFB,0x00,0x00,0x00,//!
  17            
  18            0x70,0xF8,0xFC,0x7E,0x7E,0xFC,0xF8,0x70,//HEART
  19            0x00,0x00,0x00,0x00,0x00,0x00,0x00,0x00,
  20          };
  21            
  22          
  23          void main()
  24          {
  25   1        unsigned char i;
  26   1        unsigned char j;
  27   1        unsigned char offset = 0;
  28   1        unsigned char count = 0;
  29   1        while(1)
  30   1        {
  31   2          
  32   2            for(i = 0;i < 8;i++)
  33   2            {
  34   3              Led8x8(i,Led[i + offset]);
  35   3            }
  36   2            count++;
  37   2            if(count >= 8 )
  38   2            {
  39   3              count = 0;
  40   3              offset++;
  41   3              if(offset >= 96)
  42   3                offset = 0;
  43   3            }
  44   2            
  45   2            
  46   2        }
  47   1      }
*** WARNING C280 IN LINE 26 OF main.c: 'j': unreferenced local variable


MODULE INFORMATION:   STATIC OVERLAYABLE
   CODE SIZE        =     56    ----
   CONSTANT SIZE    =   ----    ----
   XDATA SIZE       =   ----    ----
C51 COMPILER V9.60.7.0   MAIN                                                              07/17/2026 11:04:16 PAGE 2   

   PDATA SIZE       =   ----    ----
   DATA SIZE        =    104       4
   IDATA SIZE       =   ----    ----
   BIT SIZE         =   ----    ----
END OF MODULE INFORMATION.


C51 COMPILATION COMPLETE.  1 WARNING(S),  0 ERROR(S)
