BL51 BANKED LINKER/LOCATER V6.22.4.0                                                    07/09/2026  21:58:26  PAGE 1


BL51 BANKED LINKER/LOCATER V6.22.4.0, INVOKED BY:
D:\KEIL\C51\BIN\BL51.EXE .\Objects\main.obj TO .\Objects\Key4 PRINT (.\Listings\Key4.m51) RAMSIZE (256)


MEMORY MODEL: SMALL


INPUT MODULES INCLUDED:
  .\Objects\main.obj (MAIN)
  D:\KEIL\C51\LIB\C51S.LIB (?C_STARTUP)


LINK MAP OF MODULE:  .\Objects\Key4 (MAIN)


            TYPE    BASE      LENGTH    RELOCATION   SEGMENT NAME
            -----------------------------------------------------

            * * * * * * *   D A T A   M E M O R Y   * * * * * * *
            REG     0000H     0008H     ABSOLUTE     "REG BANK 0"
            IDATA   0008H     0001H     UNIT         ?STACK

            * * * * * * *   C O D E   M E M O R Y   * * * * * * *
            CODE    0000H     0003H     ABSOLUTE     
            CODE    0003H     005DH     UNIT         ?PR?MAIN?MAIN
            CODE    0060H     001AH     UNIT         ?PR?_DELAY?MAIN
            CODE    007AH     000CH     UNIT         ?C_C51STARTUP



OVERLAY MAP OF MODULE:   .\Objects\Key4 (MAIN)


SEGMENT
  +--> CALLED SEGMENT
---------------------
?C_C51STARTUP
  +--> ?PR?MAIN?MAIN

?PR?MAIN?MAIN
  +--> ?PR?_DELAY?MAIN



SYMBOL TABLE OF MODULE:  .\Objects\Key4 (MAIN)

  VALUE           TYPE          NAME
  ----------------------------------

  -------         MODULE        MAIN
  C:0000H         SYMBOL        _ICE_DUMMY_
  D:00A0H         PUBLIC        P2
  B:00B0H.0       PUBLIC        P3_0
  B:00B0H.1       PUBLIC        P3_1
  C:0003H         PUBLIC        main
  C:0064H         PUBLIC        _Delay
  C:0060H         SYMBOL        L?0028
  -------         PROC          L?0027
BL51 BANKED LINKER/LOCATER V6.22.4.0                                                  07/09/2026  21:58:26  PAGE 2


  -------         ENDPROC       L?0027
  C:0060H         SYMBOL        L?0028
  -------         PROC          _DELAY
  D:0006H         SYMBOL        xms
  -------         DO            
  D:0005H         SYMBOL        i
  D:0004H         SYMBOL        j
  -------         ENDDO         
  C:0064H         LINE#         4
  C:0064H         LINE#         5
  C:0064H         LINE#         7
  C:006EH         LINE#         8
  C:006EH         LINE#         9
  C:006FH         LINE#         10
  C:0071H         LINE#         11
  C:0073H         LINE#         13
  C:0073H         LINE#         14
  C:0075H         LINE#         15
  C:0077H         LINE#         16
  C:0079H         LINE#         17
  -------         ENDPROC       _DELAY
  -------         PROC          MAIN
  -------         DO            
  D:0003H         SYMBOL        Lednum
  -------         ENDDO         
  C:0003H         LINE#         19
  C:0003H         LINE#         20
  C:0003H         LINE#         21
  C:0005H         LINE#         22
  C:0008H         LINE#         23
  C:0008H         LINE#         24
  C:0008H         LINE#         25
  C:000BH         LINE#         26
  C:000BH         LINE#         27
  C:000EH         LINE#         28
  C:0011H         LINE#         29
  C:0014H         LINE#         30
  C:0025H         LINE#         31
  C:0033H         LINE#         32
  C:0033H         LINE#         33
  C:0036H         LINE#         34
  C:0036H         LINE#         35
  C:0039H         LINE#         36
  C:003CH         LINE#         37
  C:003FH         LINE#         38
  C:0050H         LINE#         39
  C:005EH         LINE#         40
  C:005EH         LINE#         41
  -------         ENDPROC       MAIN
  -------         ENDMOD        MAIN

Program Size: data=9.0 xdata=0 code=134
LINK/LOCATE RUN COMPLETE.  0 WARNING(S),  0 ERROR(S)
