C51 COMPILER V9.60.7.0   MAIN                                                              07/09/2026 21:08:56 PAGE 1   


C51 COMPILER V9.60.7.0, COMPILATION OF MODULE MAIN
OBJECT MODULE PLACED IN .\Objects\main.obj
COMPILER INVOKED BY: D:\Keil\C51\BIN\C51.EXE main.c OPTIMIZE(8,SPEED) BROWSE DEBUG OBJECTEXTEND PRINT(.\Listings\main.ls
                    -t) TABS(2) OBJECT(.\Objects\main.obj)

line level    source

   1          #include <REGX52.H>
   2          #include <INTRINS.H>
   3          
   4          void Delay(unsigned int xms)  //@11.0592MHz
   5          {
   6   1        unsigned char data i, j;
   7   1        while(xms--)
   8   1        {
   9   2          _nop_();
  10   2          i = 2;
  11   2          j = 199;
  12   2          do
  13   2          {
  14   3            while (--j);
  15   3          } while (--i);
  16   2        }
  17   1      }
  18          
  19          void main()
  20          {
  21   1        char Lednum = 0;
  22   1        P2 = ~0x01;
  23   1        while(1)
  24   1        {
  25   2          if(P3_1 == 0)
  26   2          {
  27   3            Delay(20);
  28   3            while(P3_1 == 0);
  29   3            Delay(20);
  30   3            Lednum = (Lednum <= 0 ) ? 7 :Lednum - 1;
  31   3            P2 = ~(0x01<<Lednum);
  32   3          }
  33   2          if (P3_0 == 0)
  34   2          {
  35   3            Delay(20);
  36   3            while(P3_0 == 0);
  37   3            Delay(20);
  38   3            Lednum = (Lednum >= 7 ) ? 0 : Lednum + 1;
  39   3            P2 = ~(0x01<<Lednum);
  40   3          }
  41   2        }
  42   1      }


MODULE INFORMATION:   STATIC OVERLAYABLE
   CODE SIZE        =    119    ----
   CONSTANT SIZE    =   ----    ----
   XDATA SIZE       =   ----    ----
   PDATA SIZE       =   ----    ----
   DATA SIZE        =   ----    ----
   IDATA SIZE       =   ----    ----
   BIT SIZE         =   ----    ----
END OF MODULE INFORMATION.


C51 COMPILATION COMPLETE.  0 WARNING(S),  0 ERROR(S)
