BL51 BANKED LINKER/LOCATER V6.22.4.0                                                    08/07/2026  10:33:00  PAGE 1


BL51 BANKED LINKER/LOCATER V6.22.4.0, INVOKED BY:
D:\KEIL\C51\BIN\BL51.EXE .\Objects\main.obj, .\Objects\LCD1602.obj, .\Objects\Delay.obj, .\Objects\OneWire.obj, .\Object
>> s\DS18B20.obj TO .\Objects\DS18B20 PRINT (.\Listings\DS18B20.m51) RAMSIZE (256)


MEMORY MODEL: SMALL WITH FLOATING POINT ARITHMETIC


INPUT MODULES INCLUDED:
  .\Objects\main.obj (MAIN)
  .\Objects\LCD1602.obj (LCD1602)
  .\Objects\Delay.obj (DELAY)
  .\Objects\OneWire.obj (ONEWIRE)
  .\Objects\DS18B20.obj (DS18B20)
  D:\KEIL\C51\LIB\C51FPS.LIB (?C?FPMUL)
  D:\KEIL\C51\LIB\C51FPS.LIB (?C?FPDIV)
  D:\KEIL\C51\LIB\C51FPS.LIB (?C?FPCMP)
  D:\KEIL\C51\LIB\C51FPS.LIB (?C?FPNEG)
  D:\KEIL\C51\LIB\C51FPS.LIB (?C?FCAST)
  D:\KEIL\C51\LIB\C51FPS.LIB (?C?CASTF)
  D:\KEIL\C51\LIB\C51FPS.LIB (?C?FPGETOPN)
  D:\KEIL\C51\LIB\C51S.LIB (?C_STARTUP)
  D:\KEIL\C51\LIB\C51S.LIB (?C?CLDOPTR)
  D:\KEIL\C51\LIB\C51S.LIB (?C?LMUL)
  D:\KEIL\C51\LIB\C51S.LIB (?C?ULDIV)
  D:\KEIL\C51\LIB\C51S.LIB (?C?LNEG)


LINK MAP OF MODULE:  .\Objects\DS18B20 (MAIN)


            TYPE    BASE      LENGTH    RELOCATION   SEGMENT NAME
            -----------------------------------------------------

            * * * * * * *   D A T A   M E M O R Y   * * * * * * *
            REG     0000H     0008H     ABSOLUTE     "REG BANK 0"
            DATA    0008H     0011H     UNIT         _DATA_GROUP_
            DATA    0019H     0008H     UNIT         ?DT?_LCD1602_SHOWSIGNEDNUM?LCD1602
            DATA    0021H     0004H     UNIT         ?DT?_LCD1602_SHOWHEX?LCD1602
            DATA    0025H     0001H     UNIT         ?DT?_DS18B20_BITSET?DS18B20
            IDATA   0026H     0001H     UNIT         ?STACK

            * * * * * * *   C O D E   M E M O R Y   * * * * * * *
            CODE    0000H     0003H     ABSOLUTE     
            CODE    0003H     0447H     UNIT         ?C?LIB_CODE
            CODE    044AH     00AFH     UNIT         ?PR?MAIN?MAIN
            CODE    04F9H     006BH     UNIT         ?PR?_POW?LCD1602
            CODE    0564H     006BH     UNIT         ?PR?_LCD1602_SHOWSIGNEDNUM?LCD1602
            CODE    05CFH     004FH     UNIT         ?PR?_LCD1602_SHOWHEX?LCD1602
            CODE    061EH     004EH     UNIT         ?PR?_DS18B20_BITSET?DS18B20
            CODE    066CH     002DH     UNIT         ?PR?_LCD1602_SHOWNUM?LCD1602
            CODE    0699H     002BH     UNIT         ?PR?DS18B20_READT?DS18B20
            CODE    06C4H     0028H     UNIT         ?PR?_LCD1602_WRITEDATA?LCD1602
            CODE    06ECH     0026H     UNIT         ?PR?_LCD1602_SHOWSTRING?LCD1602
            CODE    0712H     001EH     UNIT         ?PR?_LCD1602_CURSORSET?LCD1602
            CODE    0730H     001EH     UNIT         ?PR?ONEWIRE_INIT?ONEWIRE
            CODE    074EH     001DH     UNIT         ?PR?ONEWIRE_RECEIVEBYTE?ONEWIRE
            CODE    076BH     001CH     UNIT         ?PR?ONEWIRE_RECEIVEBIT?ONEWIRE
BL51 BANKED LINKER/LOCATER V6.22.4.0                                                  08/07/2026  10:33:00  PAGE 2


            CODE    0787H     0019H     UNIT         ?PR?_ONEWIRE_WRITEBYTE?ONEWIRE
            CODE    07A0H     0018H     UNIT         ?PR?_LCD1602_WRITECMD?LCD1602
            CODE    07B8H     0016H     UNIT         ?PR?_DELAY?DELAY
            CODE    07CEH     0016H     UNIT         ?PR?_ONEWIRE_WRITEBIT?ONEWIRE
            CODE    07E4H     0016H     UNIT         ?PR?DS18B20_START?DS18B20
            CODE    07FAH     0014H     UNIT         ?PR?LCD1602_INIT?LCD1602
            CODE    080EH     000CH     UNIT         ?C_C51STARTUP
            CODE    081AH     000AH     UNIT         ?PR?_LCD1602_SHOWCHAR?LCD1602
            CODE    0824H     0007H     UNIT         ?CO?MAIN
            CODE    082BH     0003H     UNIT         ?CO?LCD1602



OVERLAY MAP OF MODULE:   .\Objects\DS18B20 (MAIN)


SEGMENT                                      DATA_GROUP 
  +--> CALLED SEGMENT                      START    LENGTH
----------------------------------------------------------
?C_C51STARTUP                              -----    -----
  +--> ?PR?MAIN?MAIN

?PR?MAIN?MAIN                              0008H    0004H
  +--> ?PR?LCD1602_INIT?LCD1602
  +--> ?PR?DS18B20_START?DS18B20
  +--> ?CO?MAIN
  +--> ?PR?_LCD1602_SHOWSTRING?LCD1602
  +--> ?PR?ONEWIRE_RECEIVEBIT?ONEWIRE
  +--> ?PR?DS18B20_READT?DS18B20
  +--> ?PR?_LCD1602_SHOWCHAR?LCD1602
  +--> ?PR?_LCD1602_SHOWNUM?LCD1602

?PR?LCD1602_INIT?LCD1602                   -----    -----
  +--> ?PR?_LCD1602_WRITECMD?LCD1602

?PR?_LCD1602_WRITECMD?LCD1602              -----    -----
  +--> ?PR?_DELAY?DELAY

?PR?DS18B20_START?DS18B20                  -----    -----
  +--> ?PR?ONEWIRE_INIT?ONEWIRE
  +--> ?PR?_ONEWIRE_WRITEBYTE?ONEWIRE

?PR?_ONEWIRE_WRITEBYTE?ONEWIRE             -----    -----
  +--> ?PR?_ONEWIRE_WRITEBIT?ONEWIRE

?PR?_LCD1602_SHOWSTRING?LCD1602            000CH    0004H
  +--> ?PR?_LCD1602_CURSORSET?LCD1602
  +--> ?PR?_LCD1602_WRITEDATA?LCD1602

?PR?_LCD1602_CURSORSET?LCD1602             0012H    0002H
  +--> ?PR?_LCD1602_WRITECMD?LCD1602

?PR?_LCD1602_WRITEDATA?LCD1602             -----    -----
  +--> ?PR?_DELAY?DELAY

?PR?DS18B20_READT?DS18B20                  000CH    0001H
  +--> ?PR?ONEWIRE_INIT?ONEWIRE
BL51 BANKED LINKER/LOCATER V6.22.4.0                                                  08/07/2026  10:33:00  PAGE 3


  +--> ?PR?_ONEWIRE_WRITEBYTE?ONEWIRE
  +--> ?PR?ONEWIRE_RECEIVEBYTE?ONEWIRE

?PR?ONEWIRE_RECEIVEBYTE?ONEWIRE            -----    -----
  +--> ?PR?ONEWIRE_RECEIVEBIT?ONEWIRE

?PR?_LCD1602_SHOWCHAR?LCD1602              000CH    0001H
  +--> ?PR?_LCD1602_CURSORSET?LCD1602
  +--> ?PR?_LCD1602_WRITEDATA?LCD1602

?PR?_LCD1602_SHOWNUM?LCD1602               000CH    0006H
  +--> ?PR?_LCD1602_CURSORSET?LCD1602
  +--> ?PR?_POW?LCD1602
  +--> ?PR?_LCD1602_WRITEDATA?LCD1602

?PR?_POW?LCD1602                           0012H    0007H



SYMBOL TABLE OF MODULE:  .\Objects\DS18B20 (MAIN)

  VALUE           TYPE          NAME
  ----------------------------------

  -------         MODULE        MAIN
  C:0000H         SYMBOL        _ICE_DUMMY_
  C:044AH         PUBLIC        main
  -------         PROC          MAIN
  -------         DO            
  D:0008H         SYMBOL        T
  -------         ENDDO         
  C:044AH         LINE#         7
  C:044AH         LINE#         8
  C:044AH         LINE#         11
  C:044DH         LINE#         13
  C:044DH         LINE#         14
  C:044DH         LINE#         15
  C:0453H         LINE#         16
  C:0453H         LINE#         17
  C:0460H         LINE#         18
  C:0462H         LINE#         20
  C:0462H         LINE#         21
  C:0468H         LINE#         22
  C:0473H         LINE#         23
  C:0485H         LINE#         24
  C:0485H         LINE#         25
  C:048EH         LINE#         26
  C:04A1H         LINE#         27
  C:04A3H         LINE#         29
  C:04A3H         LINE#         30
  C:04ACH         LINE#         31
  C:04ACH         LINE#         32
  C:04C5H         LINE#         33
  C:04CEH         LINE#         34
  C:04F6H         LINE#         36
  C:04F6H         LINE#         38
  -------         ENDPROC       MAIN
BL51 BANKED LINKER/LOCATER V6.22.4.0                                                  08/07/2026  10:33:00  PAGE 4


  -------         ENDMOD        MAIN

  -------         MODULE        LCD1602
  C:0000H         SYMBOL        _ICE_DUMMY_
  D:0080H         PUBLIC        P0
  D:00A0H         PUBLIC        P2
  C:06D4H         PUBLIC        _LCD1602_WriteData
  B:00A0H.7       PUBLIC        LCD1602_EN
  C:07FAH         PUBLIC        LCD1602_Init
  C:06ECH         PUBLIC        _LCD1602_ShowString
  C:081AH         PUBLIC        _LCD1602_ShowChar
  C:07A0H         PUBLIC        _LCD1602_WriteCmd
  B:00A0H.6       PUBLIC        LCD1602_RS
  B:00A0H.5       PUBLIC        LCD1602_WR
  C:0712H         PUBLIC        _LCD1602_CursorSet
  C:0564H         PUBLIC        _LCD1602_ShowSignedNum
  C:0504H         PUBLIC        _Pow
  C:05CFH         PUBLIC        _LCD1602_ShowHex
  C:066CH         PUBLIC        _LCD1602_ShowNum
  -------         PROC          L?0046
  -------         ENDPROC       L?0046
  -------         PROC          _POW
  D:0012H         SYMBOL        X
  D:0082H         SYMBOL        Y
  -------         DO            
  D:0014H         SYMBOL        i
  D:0015H         SYMBOL        result
  -------         ENDDO         
  C:0504H         LINE#         8
  C:050CH         LINE#         9
  C:050CH         LINE#         11
  C:0516H         LINE#         12
  C:0521H         LINE#         13
  C:0521H         LINE#         14
  C:052BH         LINE#         15
  C:052BH         LINE#         16
  C:0548H         LINE#         17
  C:054CH         LINE#         18
  C:054CH         LINE#         19
  C:0552H         LINE#         20
  C:0552H         LINE#         21
  C:055BH         LINE#         22
  C:055BH         LINE#         23
  C:0563H         LINE#         24
  -------         ENDPROC       _POW
  -------         PROC          _LCD1602_WRITECMD
  D:0007H         SYMBOL        Cmd
  C:07A0H         LINE#         25
  C:07A0H         LINE#         26
  C:07A0H         LINE#         27
  C:07A2H         LINE#         28
  C:07A4H         LINE#         29
  C:07A6H         LINE#         30
  C:07A8H         LINE#         31
  C:07AFH         LINE#         32
  C:07B1H         LINE#         33
  -------         ENDPROC       _LCD1602_WRITECMD
BL51 BANKED LINKER/LOCATER V6.22.4.0                                                  08/07/2026  10:33:00  PAGE 5


  -------         PROC          L?0045
  -------         ENDPROC       L?0045
  -------         PROC          _LCD1602_WRITEDATA
  D:0007H         SYMBOL        Data
  C:06D4H         LINE#         37
  C:06D4H         LINE#         38
  C:06D4H         LINE#         39
  C:06D6H         LINE#         40
  C:06D8H         LINE#         41
  C:06DAH         LINE#         42
  C:06DCH         LINE#         43
  C:06E3H         LINE#         44
  C:06E5H         LINE#         45
  -------         ENDPROC       _LCD1602_WRITEDATA
  -------         PROC          LCD1602_INIT
  C:07FAH         LINE#         47
  C:07FAH         LINE#         48
  C:07FAH         LINE#         49
  C:07FFH         LINE#         50
  C:0804H         LINE#         51
  C:0809H         LINE#         52
  -------         ENDPROC       LCD1602_INIT
  -------         PROC          _LCD1602_CURSORSET
  D:0012H         SYMBOL        Line
  D:0013H         SYMBOL        Col
  C:0712H         LINE#         55
  C:0716H         LINE#         56
  C:0716H         LINE#         57
  C:071BH         LINE#         58
  C:071BH         LINE#         59
  C:071EH         LINE#         60
  C:0720H         LINE#         61
  C:0725H         LINE#         62
  C:0725H         LINE#         63
  C:072FH         LINE#         64
  C:072FH         LINE#         65
  -------         ENDPROC       _LCD1602_CURSORSET
  -------         PROC          _LCD1602_SHOWCHAR
  D:0007H         SYMBOL        Line
  D:0005H         SYMBOL        Col
  D:000CH         SYMBOL        Char
  C:081AH         LINE#         67
  C:081CH         LINE#         68
  C:081CH         LINE#         69
  C:081FH         LINE#         70
  -------         ENDPROC       _LCD1602_SHOWCHAR
  -------         PROC          _LCD1602_SHOWSTRING
  D:0007H         SYMBOL        Line
  D:0005H         SYMBOL        Col
  D:000CH         SYMBOL        String
  -------         DO            
  D:000FH         SYMBOL        i
  -------         ENDDO         
  C:06ECH         LINE#         72
  C:06F2H         LINE#         73
  C:06F2H         LINE#         75
  C:06F5H         LINE#         76
BL51 BANKED LINKER/LOCATER V6.22.4.0                                                  08/07/2026  10:33:00  PAGE 6


  C:070AH         LINE#         77
  C:070AH         LINE#         78
  C:070DH         LINE#         79
  C:0711H         LINE#         80
  -------         ENDPROC       _LCD1602_SHOWSTRING
  -------         PROC          _LCD1602_SHOWNUM
  D:0007H         SYMBOL        Line
  D:0005H         SYMBOL        Col
  D:000EH         SYMBOL        Num
  D:0010H         SYMBOL        Lenth
  -------         DO            
  D:0011H         SYMBOL        i
  -------         ENDDO         
  C:066CH         LINE#         81
  C:0670H         LINE#         82
  C:0670H         LINE#         84
  C:0673H         LINE#         85
  C:067DH         LINE#         86
  C:067DH         LINE#         87
  C:0694H         LINE#         88
  C:0698H         LINE#         90
  -------         ENDPROC       _LCD1602_SHOWNUM
  -------         PROC          _LCD1602_SHOWSIGNEDNUM
  D:0007H         SYMBOL        Line
  D:0005H         SYMBOL        Col
  D:001BH         SYMBOL        Num
  D:001DH         SYMBOL        Lenth
  -------         DO            
  D:001EH         SYMBOL        Num1
  D:0020H         SYMBOL        i
  -------         ENDDO         
  C:0564H         LINE#         91
  C:0568H         LINE#         92
  C:0568H         LINE#         95
  C:056BH         LINE#         96
  C:0578H         LINE#         97
  C:0578H         LINE#         98
  C:057DH         LINE#         99
  C:057DH         LINE#         100
  C:057FH         LINE#         101
  C:0588H         LINE#         102
  C:0588H         LINE#         103
  C:058DH         LINE#         104
  C:0598H         LINE#         105
  C:059AH         LINE#         106
  C:05A0H         LINE#         107
  C:05A0H         LINE#         108
  C:05A6H         LINE#         109
  C:05A6H         LINE#         110
  C:05B0H         LINE#         111
  C:05B0H         LINE#         112
  C:05CAH         LINE#         113
  C:05CEH         LINE#         115
  -------         ENDPROC       _LCD1602_SHOWSIGNEDNUM
  -------         PROC          _LCD1602_SHOWHEX
  D:0007H         SYMBOL        Line
  D:0005H         SYMBOL        Col
BL51 BANKED LINKER/LOCATER V6.22.4.0                                                  08/07/2026  10:33:00  PAGE 7


  D:0021H         SYMBOL        Num
  -------         DO            
  D:0023H         SYMBOL        Temp
  D:0024H         SYMBOL        i
  -------         ENDDO         
  C:05CFH         LINE#         116
  C:05D3H         LINE#         117
  C:05D3H         LINE#         121
  C:05DCH         LINE#         122
  C:05E4H         LINE#         123
  C:05E4H         LINE#         124
  C:05FFH         LINE#         125
  C:0604H         LINE#         126
  C:0604H         LINE#         127
  C:0608H         LINE#         128
  C:060AH         LINE#         129
  C:0611H         LINE#         130
  C:0611H         LINE#         131
  C:0619H         LINE#         132
  C:0619H         LINE#         133
  C:061DH         LINE#         135
  -------         ENDPROC       _LCD1602_SHOWHEX
  -------         ENDMOD        LCD1602

  -------         MODULE        DELAY
  C:0000H         SYMBOL        _ICE_DUMMY_
  C:07B8H         PUBLIC        _Delay
  -------         PROC          _DELAY
  D:0006H         SYMBOL        xms
  -------         DO            
  D:0005H         SYMBOL        i
  D:0004H         SYMBOL        j
  -------         ENDDO         
  C:07B8H         LINE#         2
  C:07B8H         LINE#         3
  C:07B8H         LINE#         5
  C:07C2H         LINE#         6
  C:07C2H         LINE#         7
  C:07C3H         LINE#         8
  C:07C5H         LINE#         9
  C:07C7H         LINE#         11
  C:07C7H         LINE#         12
  C:07C9H         LINE#         13
  C:07CBH         LINE#         14
  C:07CDH         LINE#         15
  -------         ENDPROC       _DELAY
  -------         ENDMOD        DELAY

  -------         MODULE        ONEWIRE
  C:0000H         SYMBOL        _ICE_DUMMY_
  D:00B0H         PUBLIC        P3
  B:00A8H.7       PUBLIC        EA
  C:076BH         PUBLIC        OneWire_ReceiveBit
  B:00B0H.7       PUBLIC        OneWire_DQ
  C:0730H         PUBLIC        OneWire_Init
  C:0787H         PUBLIC        _OneWire_WriteByte
  C:07CEH         PUBLIC        _OneWire_WriteBit
BL51 BANKED LINKER/LOCATER V6.22.4.0                                                  08/07/2026  10:33:00  PAGE 8


  C:074EH         PUBLIC        OneWire_ReceiveByte
  -------         PROC          ONEWIRE_INIT
  -------         DO            
  D:0007H         SYMBOL        i
  D:0006H         SYMBOL        AckBit
  -------         ENDDO         
  C:0730H         LINE#         4
  C:0730H         LINE#         5
  C:0730H         LINE#         8
  C:0732H         LINE#         9
  C:0734H         LINE#         10
  C:0736H         LINE#         11
  C:073AH         LINE#         12
  C:073CH         LINE#         13
  C:0740H         LINE#         14
  C:0745H         LINE#         15
  C:0749H         LINE#         16
  C:074BH         LINE#         17
  C:074DH         LINE#         18
  -------         ENDPROC       ONEWIRE_INIT
  -------         PROC          _ONEWIRE_WRITEBIT
  D:0007H         SYMBOL        Bit
  -------         DO            
  D:0006H         SYMBOL        i
  -------         ENDDO         
  C:07CEH         LINE#         19
  C:07CEH         LINE#         20
  C:07CEH         LINE#         22
  C:07D0H         LINE#         23
  C:07D2H         LINE#         24
  C:07D6H         LINE#         25
  C:07DBH         LINE#         26
  C:07DFH         LINE#         27
  C:07E1H         LINE#         28
  C:07E3H         LINE#         30
  -------         ENDPROC       _ONEWIRE_WRITEBIT
  -------         PROC          ONEWIRE_RECEIVEBIT
  -------         DO            
  D:0007H         SYMBOL        i
  D:0006H         SYMBOL        Bit
  -------         ENDDO         
  C:076BH         LINE#         31
  C:076BH         LINE#         32
  C:076BH         LINE#         35
  C:076DH         LINE#         36
  C:076FH         LINE#         37
  C:0773H         LINE#         38
  C:0775H         LINE#         39
  C:0779H         LINE#         40
  C:077EH         LINE#         41
  C:0782H         LINE#         42
  C:0784H         LINE#         43
  C:0786H         LINE#         44
  -------         ENDPROC       ONEWIRE_RECEIVEBIT
  -------         PROC          _ONEWIRE_WRITEBYTE
  D:0005H         SYMBOL        Byte
  -------         DO            
BL51 BANKED LINKER/LOCATER V6.22.4.0                                                  08/07/2026  10:33:00  PAGE 9


  D:0004H         SYMBOL        i
  -------         ENDDO         
  C:0787H         LINE#         45
  C:0789H         LINE#         46
  C:0789H         LINE#         48
  C:078BH         LINE#         49
  C:078BH         LINE#         50
  C:079BH         LINE#         51
  C:079FH         LINE#         52
  -------         ENDPROC       _ONEWIRE_WRITEBYTE
  -------         PROC          ONEWIRE_RECEIVEBYTE
  -------         DO            
  D:0004H         SYMBOL        i
  D:0005H         SYMBOL        Byte
  -------         ENDDO         
  C:074EH         LINE#         53
  C:074EH         LINE#         54
  C:074EH         LINE#         56
  C:0750H         LINE#         57
  C:0751H         LINE#         58
  C:0751H         LINE#         59
  C:0764H         LINE#         60
  C:0768H         LINE#         61
  C:076AH         LINE#         62
  -------         ENDPROC       ONEWIRE_RECEIVEBYTE
  -------         ENDMOD        ONEWIRE

  -------         MODULE        DS18B20
  C:0000H         SYMBOL        _ICE_DUMMY_
  C:07E4H         PUBLIC        DS18B20_Start
  C:061EH         PUBLIC        _DS18B20_BitSet
  C:0699H         PUBLIC        DS18B20_ReadT
  -------         PROC          DS18B20_START
  -------         DO            
  D:0007H         SYMBOL        Ack
  -------         ENDDO         
  C:07E4H         LINE#         12
  C:07E4H         LINE#         13
  C:07E4H         LINE#         15
  C:07E7H         LINE#         16
  C:07EAH         LINE#         17
  C:07EAH         LINE#         18
  C:07EDH         LINE#         19
  C:07EDH         LINE#         20
  C:07F2H         LINE#         21
  C:07F7H         LINE#         22
  C:07F9H         LINE#         24
  -------         ENDPROC       DS18B20_START
  -------         PROC          DS18B20_READT
  -------         DO            
  D:000CH         SYMBOL        TLSB
  D:0007H         SYMBOL        TMSB
  D:0006H         SYMBOL        Temp
  D:0004H         SYMBOL        T
  -------         ENDDO         
  C:0699H         LINE#         26
  C:0699H         LINE#         27
BL51 BANKED LINKER/LOCATER V6.22.4.0                                                  08/07/2026  10:33:00  PAGE 10


  C:0699H         LINE#         31
  C:069CH         LINE#         33
  C:06A1H         LINE#         34
  C:06A6H         LINE#         35
  C:06ABH         LINE#         36
  C:06AEH         LINE#         37
  C:06B3H         LINE#         38
  -------         ENDPROC       DS18B20_READT
  -------         PROC          _DS18B20_BITSET
  D:0007H         SYMBOL        Bit
  -------         DO            
  D:0025H         SYMBOL        BIT
  -------         ENDDO         
  C:061EH         LINE#         42
  C:061EH         LINE#         43
  C:061EH         LINE#         46
  C:062AH         LINE#         47
  C:062AH         LINE#         48
  C:062AH         LINE#         49
  C:062DH         LINE#         50
  C:062FH         LINE#         51
  C:062FH         LINE#         52
  C:0632H         LINE#         53
  C:0634H         LINE#         54
  C:0634H         LINE#         55
  C:0637H         LINE#         56
  C:0639H         LINE#         57
  C:0639H         LINE#         58
  C:063CH         LINE#         59
  C:063CH         LINE#         60
  C:063CH         LINE#         61
  C:063FH         LINE#         62
  C:0644H         LINE#         63
  C:0649H         LINE#         64
  C:064EH         LINE#         65
  C:0653H         LINE#         66
  C:0658H         LINE#         68
  C:065BH         LINE#         69
  C:0660H         LINE#         70
  C:0665H         LINE#         71
  -------         ENDPROC       _DS18B20_BITSET
  -------         ENDMOD        DS18B20

  -------         MODULE        ?C?FPMUL
  C:0003H         PUBLIC        ?C?FPMUL
  -------         ENDMOD        ?C?FPMUL

  -------         MODULE        ?C?FPDIV
  C:010CH         PUBLIC        ?C?FPDIV
  -------         ENDMOD        ?C?FPDIV

  -------         MODULE        ?C?FPCMP
  C:01ABH         PUBLIC        ?C?FPCMP
  C:01A9H         PUBLIC        ?C?FPCMP3
  -------         ENDMOD        ?C?FPCMP

  -------         MODULE        ?C?FPNEG
BL51 BANKED LINKER/LOCATER V6.22.4.0                                                  08/07/2026  10:33:00  PAGE 11


  C:0222H         PUBLIC        ?C?FPNEG
  -------         ENDMOD        ?C?FPNEG

  -------         MODULE        ?C?FCAST
  C:023DH         PUBLIC        ?C?FCASTC
  C:0238H         PUBLIC        ?C?FCASTI
  C:0233H         PUBLIC        ?C?FCASTL
  -------         ENDMOD        ?C?FCAST

  -------         MODULE        ?C?CASTF
  C:0271H         PUBLIC        ?C?CASTF
  -------         ENDMOD        ?C?CASTF

  -------         MODULE        ?C?CLDOPTR
  C:02F2H         PUBLIC        ?C?CLDOPTR
  -------         ENDMOD        ?C?CLDOPTR

  -------         MODULE        ?C?LMUL
  C:031FH         PUBLIC        ?C?LMUL
  -------         ENDMOD        ?C?LMUL

  -------         MODULE        ?C?ULDIV
  C:03AAH         PUBLIC        ?C?ULDIV
  -------         ENDMOD        ?C?ULDIV

  -------         MODULE        ?C?LNEG
  C:043CH         PUBLIC        ?C?LNEG
  -------         ENDMOD        ?C?LNEG

*** WARNING L16: UNCALLED SEGMENT, IGNORED FOR OVERLAY PROCESS
    SEGMENT: ?PR?_LCD1602_SHOWSIGNEDNUM?LCD1602

*** WARNING L16: UNCALLED SEGMENT, IGNORED FOR OVERLAY PROCESS
    SEGMENT: ?PR?_LCD1602_SHOWHEX?LCD1602

*** WARNING L16: UNCALLED SEGMENT, IGNORED FOR OVERLAY PROCESS
    SEGMENT: ?PR?_DS18B20_BITSET?DS18B20

Program Size: data=39.0 xdata=0 code=2094
LINK/LOCATE RUN COMPLETE.  3 WARNING(S),  0 ERROR(S)
