C51 COMPILER V9.60.7.0   DS18B20                                                           08/06/2026 17:45:13 PAGE 1   


C51 COMPILER V9.60.7.0, COMPILATION OF MODULE DS18B20
OBJECT MODULE PLACED IN .\Objects\DS18B20.obj
COMPILER INVOKED BY: D:\Keil\C51\BIN\C51.EXE DS18B20.c OPTIMIZE(8,SPEED) BROWSE DEBUG OBJECTEXTEND PRINT(.\Listings\DS18
                    -B20.lst) TABS(2) OBJECT(.\Objects\DS18B20.obj)

line level    source

   1          #include <REGX52.H>
   2          #include "OneWire.h"
   3          
   4          #define DS18B20_SkipRom     0xCC
   5          #define DS18B20_ConvertT    0x44
   6          #define DS18B20_ReadScratchpad     0xBE
   7          
   8          void DS18B20_Start(void)
   9          {
  10   1          OneWire_Init();
  11   1          OneWire_WriteByte(DS18B20_SkipRom);
  12   1          OneWire_WriteByte(DS18B20_ConvertT);
  13   1      }
  14          
  15          float DS18B20_ReadT(void)
  16          {
  17   1          unsigned char TLSB,TMSB;
  18   1          int Temp;
  19   1          float T;
  20   1          OneWire_Init();
  21   1      
  22   1          OneWire_WriteByte(DS18B20_SkipRom);
  23   1          OneWire_WriteByte(DS18B20_ReadScratchpad);
  24   1          TLSB = OneWire_ReceiveByte();
  25   1          TMSB = OneWire_ReceiveByte();
  26   1          Temp = (TLSB | (TMSB << 8));
  27   1          T = Temp /16.0;
  28   1          return T;
  29   1      
  30   1      }


MODULE INFORMATION:   STATIC OVERLAYABLE
   CODE SIZE        =     56    ----
   CONSTANT SIZE    =   ----    ----
   XDATA SIZE       =   ----    ----
   PDATA SIZE       =   ----    ----
   DATA SIZE        =   ----       1
   IDATA SIZE       =   ----    ----
   BIT SIZE         =   ----    ----
END OF MODULE INFORMATION.


C51 COMPILATION COMPLETE.  0 WARNING(S),  0 ERROR(S)
