C51 COMPILER V9.60.7.0   I2C                                                               08/12/2026 22:37:08 PAGE 1   


C51 COMPILER V9.60.7.0, COMPILATION OF MODULE I2C
OBJECT MODULE PLACED IN .\Objects\I2C.obj
COMPILER INVOKED BY: D:\Keil\C51\BIN\C51.EXE I2C.c OPTIMIZE(8,SPEED) BROWSE DEBUG OBJECTEXTEND PRINT(.\Listings\I2C.lst)
                    - TABS(2) OBJECT(.\Objects\I2C.obj)

line level    source

   1          #include <REGX52.H>
   2          sbit I2C_SCL = P2^1;
   3          sbit I2C_SDA = P2^0;
   4          
   5          
   6          void I2C_Start(void)//开始标志
   7          {
   8   1          I2C_SCL = 1;
   9   1          I2C_SDA = 1;
  10   1          I2C_SDA = 0;
  11   1          I2C_SCL = 0;
  12   1      }
  13          void I2C_Stop(void)//结束标志
  14          {
  15   1          I2C_SDA = 0;
  16   1          I2C_SCL = 1;
  17   1          I2C_SDA = 1; 
  18   1      }
  19          void I2C_SendByte(unsigned char Byte)//写字节
  20          {
  21   1          unsigned char i;
  22   1          for (i = 0;i < 8;i++)
  23   1          {
  24   2              I2C_SDA = Byte & (0x80 >> i);
  25   2              I2C_SCL = 1;
  26   2              I2C_SCL = 0;
  27   2          }
  28   1      }
  29          unsigned char I2C_ReadByte(void)//读字节
  30          {
  31   1          unsigned char i;
  32   1          unsigned char Byte = 0x00;
  33   1          I2C_SDA = 1;
  34   1          for (i = 0;i < 8;i++)
  35   1          {
  36   2              I2C_SCL = 1;
  37   2              if (I2C_SDA == 1){Byte |= (0x80 >> i);}
  38   2              I2C_SCL = 0;
  39   2          }
  40   1          return Byte;
  41   1      }
  42          void I2C_SendAck(unsigned char AckBit)//发送ack
  43          {
  44   1          I2C_SCL = 0;
  45   1          I2C_SDA = AckBit;
  46   1          I2C_SCL = 1;
  47   1          I2C_SCL = 0;
  48   1      }
  49          unsigned char I2C_ReciveAck(void)//读取ack
  50          {
  51   1          unsigned char AckBit;  
  52   1          I2C_SCL = 0;//将scl变为0，使sda可变，并且防止sda变化触发s/p
  53   1          I2C_SDA = 1;//释放总线，使sda可写
  54   1       
C51 COMPILER V9.60.7.0   I2C                                                               08/12/2026 22:37:08 PAGE 2   

  55   1          I2C_SCL = 1;//读取sda的状态
  56   1          AckBit = I2C_SDA;
  57   1          I2C_SCL = 0;
  58   1          return AckBit;
  59   1      }


MODULE INFORMATION:   STATIC OVERLAYABLE
   CODE SIZE        =    113    ----
   CONSTANT SIZE    =   ----    ----
   XDATA SIZE       =   ----    ----
   PDATA SIZE       =   ----    ----
   DATA SIZE        =   ----    ----
   IDATA SIZE       =   ----    ----
   BIT SIZE         =   ----    ----
END OF MODULE INFORMATION.


C51 COMPILATION COMPLETE.  0 WARNING(S),  0 ERROR(S)
