C51 COMPILER V9.60.7.0   MAIN                                                              08/13/2026 12:10:07 PAGE 1   


C51 COMPILER V9.60.7.0, COMPILATION OF MODULE MAIN
OBJECT MODULE PLACED IN .\Objects\main.obj
COMPILER INVOKED BY: D:\Keil\C51\BIN\C51.EXE main.c OPTIMIZE(8,SPEED) BROWSE DEBUG OBJECTEXTEND PRINT(.\Listings\main.ls
                    -t) TABS(2) OBJECT(.\Objects\main.obj)

line level    source

   1          #include <REGX52.H>
   2          #include "LCD1602.h"
   3          #include "Delay.h"
   4          #include "OneWire.h"
   5          #include "DS18B20.h"
   6          #include "Timer0.h"
   7          #include "Key.h"
   8          #include "AT24C02.h"
   9          #include "Buzzer.h"
  10          
  11          void main()
  12          {
  13   1        float T;
  14   1        float TD;
  15   1        char TLow;
  16   1        char THigh;
  17   1        unsigned char K;
  18   1        LCD1602_Init();
  19   1        Timer0_Init();
  20   1        THigh = AT24C02_ReciveByte(0);//上电读取eeprom里的数据
  21   1        TLow = (signed char)AT24C02_ReciveByte(1);//转化成有符号的
  22   1        if(THigh > 125 || TLow < -55 || THigh <= TLow)//防止第一次读取错误数据，初始化
  23   1        {
  24   2          THigh = 35;
  25   2          TLow = 18;
  26   2          AT24C02_WriteByte(0,THigh);
  27   2          Delay(5);//留出时间写
  28   2          AT24C02_WriteByte(1,TLow);
  29   2          Delay(5);
  30   2        }
  31   1        //DS18B20_BitSet(10);//设置为10bit，第一次烧录后可注释掉，已存入eeprom里
  32   1        while(1)
  33   1        {
  34   2          if(DS18B20_Start() == 1)//检测设备是否存在
  35   2          {
  36   3            LCD1602_ShowString(1,1,"Err             ");//清屏并显示错误
  37   3            LCD1602_ShowString(2,1,"                ");
  38   3            Buzzer_Time(150);//警报
  39   3          }
  40   2          else
  41   2          {
  42   3            K = KEY();
  43   3            LCD1602_ShowString(1,1,"T:");
  44   3            LCD1602_ShowString(2,8,"TL:");
  45   3            LCD1602_ShowString(2,1,"TH:");
  46   3            if(K)//按键控制阈值，并逻辑判断，保存
  47   3            {
  48   4              if(K == 1)
  49   4              {
  50   5                THigh++;
  51   5                if(THigh >= 125)
  52   5                {
  53   6                  THigh = 125;
  54   6                }
C51 COMPILER V9.60.7.0   MAIN                                                              08/13/2026 12:10:07 PAGE 2   

  55   5              }
  56   4              else if(K == 2)
  57   4              {
  58   5                THigh--;
  59   5                if(THigh <= TLow)
  60   5                {
  61   6                  THigh++;
  62   6                }
  63   5              }
  64   4              else if(K == 3)
  65   4              {
  66   5                TLow++;
  67   5                if(TLow >= THigh)
  68   5                {
  69   6                  TLow--;
  70   6                }
  71   5                else if(TLow == 0)
  72   5                {
  73   6                  LCD1602_ShowChar(2,13,' ');//防止在==0的时候有一位仍保留
  74   6                }
  75   5              }
  76   4              else if(K == 4)
  77   4              {
  78   5                TLow--;
  79   5                if(TLow <= -55)
  80   5                {
  81   6                  TLow = -55;
  82   6                }
  83   5                else if(TLow == 0)
  84   5                {
  85   6                  LCD1602_ShowChar(2,13,' ');
  86   6                }
  87   5              }
  88   4              AT24C02_WriteByte(0,THigh);
  89   4              Delay(5);
  90   4              AT24C02_WriteByte(1,TLow);
  91   4              Delay(5);
  92   4            }
  93   3            LCD1602_ShowSignedNum(2,4,THigh,3);
  94   3            LCD1602_ShowSignedNum(2,11,TLow,2);
  95   3            while(!OneWire_ReceiveBit());//测温时返回0，完成返回1，以此判断
  96   3            T = DS18B20_ReadT();
  97   3            if(T < 0)
  98   3            {
  99   4              LCD1602_ShowChar(1,3,'-');
 100   4              TD = -T;//使现实的翻转，用原始数据与阈值比大小
 101   4            }
 102   3            else
 103   3            {
 104   4              LCD1602_ShowChar(1,3,'+');
 105   4              TD = T;
 106   4            }
 107   3            LCD1602_ShowNum(1,4,TD,2);
 108   3            LCD1602_ShowChar(1,6,'.');
 109   3            LCD1602_ShowNum(1,7,(unsigned long)(TD*100)%100,2);//显示小数部分
 110   3            if(T >= THigh)
 111   3            {
 112   4              LCD1602_ShowString(1,11,"H!");//高温预警
 113   4              Buzzer_Time(200);
 114   4            }
 115   3            else if(T <= TLow)
 116   3            {
C51 COMPILER V9.60.7.0   MAIN                                                              08/13/2026 12:10:07 PAGE 3   

 117   4              LCD1602_ShowString(1,11,"L!");//低温预警
 118   4              Buzzer_Time(200);
 119   4            }
 120   3            else if(T < THigh && T > TLow)
 121   3            {
 122   4              LCD1602_ShowString(1,11,"  ");//清除预警
 123   4            }
 124   3      
 125   3          }
 126   2      
 127   2        }
 128   1      }
 129          
 130          
 131          void Timer0() interrupt 1//检测按键
 132          {
 133   1        static unsigned int Counts = 0;
 134   1        TL0 = 0x18;
 135   1        TH0 = 0xFC;
 136   1        Counts++;
 137   1        if(Counts >= 20)
 138   1        {
 139   2          Counts = 0;
 140   2          Key_Loop();
 141   2        }
 142   1      }


MODULE INFORMATION:   STATIC OVERLAYABLE
   CODE SIZE        =    732    ----
   CONSTANT SIZE    =     54    ----
   XDATA SIZE       =   ----    ----
   PDATA SIZE       =   ----    ----
   DATA SIZE        =      2      11
   IDATA SIZE       =   ----    ----
   BIT SIZE         =   ----    ----
END OF MODULE INFORMATION.


C51 COMPILATION COMPLETE.  0 WARNING(S),  0 ERROR(S)
