C51 COMPILER V9.60.7.0   ONEWIRE                                                           08/07/2026 10:26:33 PAGE 1   


C51 COMPILER V9.60.7.0, COMPILATION OF MODULE ONEWIRE
OBJECT MODULE PLACED IN .\Objects\OneWire.obj
COMPILER INVOKED BY: D:\Keil\C51\BIN\C51.EXE OneWire.c OPTIMIZE(8,SPEED) BROWSE DEBUG OBJECTEXTEND PRINT(.\Listings\OneW
                    -ire.lst) TABS(2) OBJECT(.\Objects\OneWire.obj)

line level    source

   1          #include <REGX52.H>
   2          sbit OneWire_DQ = P3^7;
   3          
   4          unsigned char OneWire_Init(void)
   5          {   
   6   1          unsigned char i;
   7   1          unsigned char AckBit;
   8   1          EA = 0;//防止定时器干扰时序读写
   9   1          OneWire_DQ = 1;//确定状态
  10   1          OneWire_DQ = 0;
  11   1        i = 227;while (--i);//Delay 500us
  12   1          OneWire_DQ = 1;
  13   1          i = 29;while (--i);//Delay 70us
  14   1          AckBit = OneWire_DQ;
  15   1          i = 158;while (--i);//Delay 350us
  16   1          EA = 1;
  17   1          return AckBit;//确定从机是否存在（存在返回0，因为待机状态有上拉电阻置1）
  18   1      }
  19          void OneWire_WriteBit(unsigned char Bit)
  20          {
  21   1          unsigned char i;
  22   1          EA = 0;
  23   1          OneWire_DQ = 0;
  24   1          i = 3;while (--i);//Delay 10us
  25   1          OneWire_DQ = Bit;//如果是写0，正好不变，写1则拉高
  26   1          i = 24;while (--i);//Delay 50us
  27   1          OneWire_DQ = 1;//如果是1就没有变化，0正好结束
  28   1          EA = 1;
  29   1      
  30   1      }
  31          unsigned char OneWire_ReceiveBit(void)
  32          {
  33   1          unsigned char i;
  34   1          unsigned char Bit;
  35   1          EA = 0;
  36   1          OneWire_DQ = 0;//开始读的标志
  37   1          i = 1;while (--i);//Delay 5us
  38   1          OneWire_DQ = 1;//释放总线，让从机决定电平
  39   1          i = 1;while (--i);//Delay 5us
  40   1          Bit = OneWire_DQ;
  41   1          i = 22;while (--i);//Delay 50us
  42   1          EA = 1;
  43   1          return Bit;
  44   1      }
  45          void OneWire_WriteByte(unsigned char Byte)
  46          {
  47   1          unsigned char i;
  48   1          for (i = 0;i < 8;i++)
  49   1          {
  50   2              OneWire_WriteBit(Byte&(0x01 << i));
  51   2          }
  52   1      }
  53          unsigned char OneWire_ReceiveByte(void)
  54          {
C51 COMPILER V9.60.7.0   ONEWIRE                                                           08/07/2026 10:26:33 PAGE 2   

  55   1          unsigned char i;
  56   1          unsigned char Byte = 0x00;
  57   1          for (i = 0;i < 8;i++)
  58   1          {
  59   2              if(OneWire_ReceiveBit()){Byte |= (0x01 << i);}
  60   2          }
  61   1          return Byte;
  62   1      }


MODULE INFORMATION:   STATIC OVERLAYABLE
   CODE SIZE        =    134    ----
   CONSTANT SIZE    =   ----    ----
   XDATA SIZE       =   ----    ----
   PDATA SIZE       =   ----    ----
   DATA SIZE        =   ----    ----
   IDATA SIZE       =   ----    ----
   BIT SIZE         =   ----    ----
END OF MODULE INFORMATION.


C51 COMPILATION COMPLETE.  0 WARNING(S),  0 ERROR(S)
