C51 COMPILER V9.60.7.0   TIMER0                                                            08/13/2026 12:10:07 PAGE 1   


C51 COMPILER V9.60.7.0, COMPILATION OF MODULE TIMER0
OBJECT MODULE PLACED IN .\Objects\Timer0.obj
COMPILER INVOKED BY: D:\Keil\C51\BIN\C51.EXE Timer0.c OPTIMIZE(8,SPEED) BROWSE DEBUG OBJECTEXTEND PRINT(.\Listings\Timer
                    -0.lst) TABS(2) OBJECT(.\Objects\Timer0.obj)

line level    source

   1          #include <REGX52.H>
   2          
   3          void Timer0_Init()
   4          {
   5   1        TMOD &= 0xF0;
   6   1        TMOD |= 0x01;
   7   1        TR0 = 1;
   8   1        TF0 = 0;
   9   1        TL0 = 0x18;
  10   1        TH0 = 0xFC;
  11   1        ET0 = 1;
  12   1        EA = 1;
  13   1        IPH &= 0xFD;
  14   1        IPH |= 0x02;
  15   1        PT0 = 1;
  16   1      }


MODULE INFORMATION:   STATIC OVERLAYABLE
   CODE SIZE        =     29    ----
   CONSTANT SIZE    =   ----    ----
   XDATA SIZE       =   ----    ----
   PDATA SIZE       =   ----    ----
   DATA SIZE        =   ----    ----
   IDATA SIZE       =   ----    ----
   BIT SIZE         =   ----    ----
END OF MODULE INFORMATION.


C51 COMPILATION COMPLETE.  0 WARNING(S),  0 ERROR(S)
