BL51 BANKED LINKER/LOCATER V6.22.4.0                                                    07/26/2026  21:43:03  PAGE 1


BL51 BANKED LINKER/LOCATER V6.22.4.0, INVOKED BY:
D:\KEIL\C51\BIN\BL51.EXE .\Objects\main.obj, .\Objects\Delay.obj, .\Objects\Key.obj, .\Objects\LCD1602.obj, .\Objects\DS
>> 1302.obj, .\Objects\Timer0.obj TO .\Objects\Clock PRINT (.\Listings\Clock.m51) RAMSIZE (256)


MEMORY MODEL: SMALL


INPUT MODULES INCLUDED:
  .\Objects\main.obj (MAIN)
  .\Objects\Delay.obj (DELAY)
  .\Objects\Key.obj (KEY)
  .\Objects\LCD1602.obj (LCD1602)
  .\Objects\DS1302.obj (DS1302)
  .\Objects\Timer0.obj (TIMER0)
  D:\KEIL\C51\LIB\C51S.LIB (?C_STARTUP)
  D:\KEIL\C51\LIB\C51S.LIB (?C?SCDIV)
  D:\KEIL\C51\LIB\C51S.LIB (?C?CLDOPTR)
  D:\KEIL\C51\LIB\C51S.LIB (?C?LMUL)
  D:\KEIL\C51\LIB\C51S.LIB (?C?ULDIV)
  D:\KEIL\C51\LIB\C51S.LIB (?C_INIT)


LINK MAP OF MODULE:  .\Objects\Clock (MAIN)


            TYPE    BASE      LENGTH    RELOCATION   SEGMENT NAME
            -----------------------------------------------------

            * * * * * * *   D A T A   M E M O R Y   * * * * * * *
            REG     0000H     0008H     ABSOLUTE     "REG BANK 0"
            DATA    0008H     000EH     UNIT         ?DT?DS1302
            DATA    0016H     000DH     UNIT         _DATA_GROUP_
            DATA    0023H     0008H     UNIT         ?DT?_LCD1602_SHOWSIGNEDNUM?LCD1602
            DATA    002BH     0006H     UNIT         ?DT?MAIN
            DATA    0031H     0004H     UNIT         ?DT?_LCD1602_SHOWHEX?LCD1602
            IDATA   0035H     0001H     UNIT         ?STACK

            * * * * * * *   C O D E   M E M O R Y   * * * * * * *
            CODE    0000H     0003H     ABSOLUTE     
            CODE    0003H     0006H     UNIT         ?CO?DS1302
                    0009H     0002H                  *** GAP ***
            CODE    000BH     0003H     ABSOLUTE     
            CODE    000EH     047FH     UNIT         ?PR?DS1302_TIMESET?MAIN
            CODE    048DH     016CH     UNIT         ?C?LIB_CODE
            CODE    05F9H     00B9H     UNIT         ?PR?DS1302_TIMESHOW?DS1302
            CODE    06B2H     008CH     UNIT         ?C_C51STARTUP
            CODE    073EH     006BH     UNIT         ?PR?_POW?LCD1602
            CODE    07A9H     006BH     UNIT         ?PR?_LCD1602_SHOWSIGNEDNUM?LCD1602
            CODE    0814H     005FH     UNIT         ?PR?KEY?KEY
            CODE    0873H     005BH     UNIT         ?PR?DS1302_SETTIME?DS1302
            CODE    08CEH     005BH     UNIT         ?PR?DS1302_SETREALTIME?DS1302
            CODE    0929H     004FH     UNIT         ?PR?_LCD1602_SHOWHEX?LCD1602
            CODE    0978H     0043H     UNIT         ?PR?TIMER0_FLASHFLAG?MAIN
            CODE    09BBH     0041H     UNIT         ?PR?DS1302_GETTIME?DS1302
            CODE    09FCH     003BH     UNIT         ?PR?MAIN?MAIN
            CODE    0A37H     002DH     UNIT         ?PR?_LCD1602_SHOWNUM?LCD1602
            CODE    0A64H     0028H     UNIT         ?PR?_LCD1602_WRITEDATA?LCD1602
BL51 BANKED LINKER/LOCATER V6.22.4.0                                                  07/26/2026  21:43:03  PAGE 2


            CODE    0A8CH     0026H     UNIT         ?PR?_LCD1602_SHOWSTRING?LCD1602
            CODE    0AB2H     001EH     UNIT         ?PR?_LCD1602_CURSORSET?LCD1602
            CODE    0AD0H     001EH     UNIT         ?PR?DS1302_READBYTE?DS1302
            CODE    0AEEH     001DH     UNIT         ?PR?TIMER0_INIT?TIMER0
            CODE    0B0BH     0018H     UNIT         ?PR?_LCD1602_WRITECMD?LCD1602
            CODE    0B23H     0018H     UNIT         ?PR?_DS1302_WRITECMD?DS1302
            CODE    0B3BH     0018H     UNIT         ?PR?_DS1302_WRITEDATA?DS1302
            CODE    0B53H     0016H     UNIT         ?PR?_DELAY?DELAY
            CODE    0B69H     0014H     UNIT         ?PR?LCD1602_INIT?LCD1602
            CODE    0B7DH     0014H     UNIT         ?PR?_DS1302_WRITE?DS1302
            CODE    0B91H     0013H     UNIT         ?PR?_DS1302_READ?DS1302
            CODE    0BA4H     0013H     UNIT         ?PR?_DECTOBCD?DS1302
            CODE    0BB7H     0012H     UNIT         ?PR?_BCDTODEC?DS1302
            CODE    0BC9H     0010H     UNIT         ?C_INITSEG
            CODE    0BD9H     000AH     UNIT         ?PR?_LCD1602_SHOWCHAR?LCD1602
            CODE    0BE3H     0005H     UNIT         ?PR?DS1302_INIT?DS1302
            CODE    0BE8H     0003H     UNIT         ?CO?MAIN
            CODE    0BEBH     0003H     UNIT         ?CO?LCD1602



OVERLAY MAP OF MODULE:   .\Objects\Clock (MAIN)


SEGMENT                                      DATA_GROUP 
  +--> CALLED SEGMENT                      START    LENGTH
----------------------------------------------------------
?C_C51STARTUP                              -----    -----
  +--> ?PR?MAIN?MAIN
  +--> ?C_INITSEG

?PR?MAIN?MAIN                              -----    -----
  +--> ?PR?LCD1602_INIT?LCD1602
  +--> ?PR?DS1302_INIT?DS1302
  +--> ?PR?DS1302_SETTIME?DS1302
  +--> ?PR?TIMER0_INIT?TIMER0
  +--> ?PR?KEY?KEY
  +--> ?PR?DS1302_TIMESHOW?DS1302
  +--> ?PR?DS1302_TIMESET?MAIN

?PR?LCD1602_INIT?LCD1602                   -----    -----
  +--> ?PR?_LCD1602_WRITECMD?LCD1602

?PR?_LCD1602_WRITECMD?LCD1602              -----    -----
  +--> ?PR?_DELAY?DELAY

?PR?DS1302_SETTIME?DS1302                  -----    -----
  +--> ?PR?_DS1302_WRITE?DS1302
  +--> ?PR?_DECTOBCD?DS1302

?PR?_DS1302_WRITE?DS1302                   -----    -----
  +--> ?PR?_DECTOBCD?DS1302
  +--> ?PR?_DS1302_WRITECMD?DS1302
  +--> ?PR?_DS1302_WRITEDATA?DS1302

?PR?KEY?KEY                                -----    -----
  +--> ?PR?_DELAY?DELAY
BL51 BANKED LINKER/LOCATER V6.22.4.0                                                  07/26/2026  21:43:03  PAGE 3



?PR?DS1302_TIMESHOW?DS1302                 -----    -----
  +--> ?PR?_LCD1602_SHOWNUM?LCD1602
  +--> ?PR?_LCD1602_SHOWCHAR?LCD1602
  +--> ?CO?DS1302
  +--> ?PR?_LCD1602_SHOWSTRING?LCD1602
  +--> ?PR?DS1302_GETTIME?DS1302

?PR?_LCD1602_SHOWNUM?LCD1602               0016H    0006H
  +--> ?PR?_LCD1602_CURSORSET?LCD1602
  +--> ?PR?_POW?LCD1602
  +--> ?PR?_LCD1602_WRITEDATA?LCD1602

?PR?_LCD1602_CURSORSET?LCD1602             001CH    0002H
  +--> ?PR?_LCD1602_WRITECMD?LCD1602

?PR?_POW?LCD1602                           001CH    0007H

?PR?_LCD1602_WRITEDATA?LCD1602             -----    -----
  +--> ?PR?_DELAY?DELAY

?PR?_LCD1602_SHOWCHAR?LCD1602              0016H    0001H
  +--> ?PR?_LCD1602_CURSORSET?LCD1602
  +--> ?PR?_LCD1602_WRITEDATA?LCD1602

?PR?_LCD1602_SHOWSTRING?LCD1602            0016H    0004H
  +--> ?PR?_LCD1602_CURSORSET?LCD1602
  +--> ?PR?_LCD1602_WRITEDATA?LCD1602

?PR?DS1302_GETTIME?DS1302                  -----    -----
  +--> ?PR?_BCDTODEC?DS1302
  +--> ?PR?_DS1302_READ?DS1302

?PR?_BCDTODEC?DS1302                       -----    -----
  +--> ?PR?_DS1302_READ?DS1302

?PR?_DS1302_READ?DS1302                    -----    -----
  +--> ?PR?_DS1302_WRITECMD?DS1302
  +--> ?PR?DS1302_READBYTE?DS1302

?PR?DS1302_TIMESET?MAIN                    -----    -----
  +--> ?PR?DS1302_SETREALTIME?DS1302
  +--> ?CO?MAIN
  +--> ?PR?_LCD1602_SHOWSTRING?LCD1602
  +--> ?PR?_LCD1602_SHOWNUM?LCD1602
  +--> ?PR?_LCD1602_SHOWCHAR?LCD1602

?PR?DS1302_SETREALTIME?DS1302              -----    -----
  +--> ?PR?_DS1302_WRITE?DS1302
  +--> ?PR?_DECTOBCD?DS1302



SYMBOL TABLE OF MODULE:  .\Objects\Clock (MAIN)

  VALUE           TYPE          NAME
  ----------------------------------
BL51 BANKED LINKER/LOCATER V6.22.4.0                                                  07/26/2026  21:43:03  PAGE 4



  -------         MODULE        MAIN
  C:0000H         SYMBOL        _ICE_DUMMY_
  C:000EH         PUBLIC        DS1302_TimeSet
  C:0978H         PUBLIC        Timer0_FlashFlag
  D:002DH         PUBLIC        TimeSetSelect
  D:002EH         PUBLIC        MODE
  C:09FCH         PUBLIC        main
  D:002FH         PUBLIC        TimeSetFlashFlag
  D:008CH         PUBLIC        TH0
  D:008AH         PUBLIC        TL0
  D:0030H         PUBLIC        KeyNum
  -------         PROC          DS1302_TIMESET
  C:000EH         LINE#         17
  C:000EH         LINE#         18
  C:000EH         LINE#         19
  C:0013H         LINE#         20
  C:0013H         LINE#         21
  C:0015H         LINE#         22
  C:001EH         LINE#         23
  C:001EH         LINE#         24
  C:0027H         LINE#         25
  C:0027H         LINE#         26
  C:002DH         LINE#         27
  C:0031H         LINE#         28
  C:0031H         LINE#         29
  C:0041H         LINE#         30
  C:0041H         LINE#         31
  C:0044H         LINE#         32
  C:004AH         LINE#         33
  C:004AH         LINE#         34
  C:0057H         LINE#         35
  C:005EH         LINE#         36
  C:0075H         LINE#         37
  C:0075H         LINE#         38
  C:0081H         LINE#         39
  C:0081H         LINE#         41
  C:0083H         LINE#         42
  C:008CH         LINE#         43
  C:008CH         LINE#         44
  C:0099H         LINE#         45
  C:0099H         LINE#         46
  C:00A5H         LINE#         47
  C:00A5H         LINE#         49
  C:00A7H         LINE#         51
  C:00A7H         LINE#         52
  C:00B3H         LINE#         53
  C:00B6H         LINE#         55
  C:00B6H         LINE#         56
  C:00B6H         LINE#         57
  C:00B9H         LINE#         58
  C:00C2H         LINE#         59
  C:00C2H         LINE#         60
  C:00EBH         LINE#         61
  C:00EBH         LINE#         62
  C:00FBH         LINE#         63
  C:00FBH         LINE#         64
BL51 BANKED LINKER/LOCATER V6.22.4.0                                                  07/26/2026  21:43:03  PAGE 5


  C:00FDH         LINE#         65
  C:0114H         LINE#         66
  C:0114H         LINE#         67
  C:0124H         LINE#         68
  C:0124H         LINE#         69
  C:0126H         LINE#         70
  C:012FH         LINE#         71
  C:012FH         LINE#         72
  C:013CH         LINE#         73
  C:013CH         LINE#         74
  C:0149H         LINE#         75
  C:0149H         LINE#         76
  C:014BH         LINE#         78
  C:014BH         LINE#         79
  C:0158H         LINE#         80
  C:0158H         LINE#         81
  C:0158H         LINE#         82
  C:0158H         LINE#         83
  C:015AH         LINE#         84
  C:015FH         LINE#         85
  C:015FH         LINE#         86
  C:016AH         LINE#         87
  C:0171H         LINE#         88
  C:0173H         LINE#         89
  C:0178H         LINE#         90
  C:0178H         LINE#         91
  C:0183H         LINE#         92
  C:0183H         LINE#         93
  C:0185H         LINE#         94
  C:018AH         LINE#         95
  C:018AH         LINE#         96
  C:0195H         LINE#         97
  C:0195H         LINE#         98
  C:0197H         LINE#         99
  C:019CH         LINE#         100
  C:019CH         LINE#         101
  C:01A7H         LINE#         102
  C:01AEH         LINE#         103
  C:01AEH         LINE#         105
  C:01AEH         LINE#         106
  C:01B7H         LINE#         107
  C:01B7H         LINE#         108
  C:01BDH         LINE#         109
  C:01C1H         LINE#         110
  C:01C1H         LINE#         111
  C:01D1H         LINE#         112
  C:01D8H         LINE#         113
  C:01DBH         LINE#         114
  C:01E1H         LINE#         115
  C:01E1H         LINE#         116
  C:01EEH         LINE#         117
  C:01F5H         LINE#         119
  C:020CH         LINE#         120
  C:020CH         LINE#         121
  C:0218H         LINE#         122
  C:0218H         LINE#         124
  C:021AH         LINE#         125
BL51 BANKED LINKER/LOCATER V6.22.4.0                                                  07/26/2026  21:43:03  PAGE 6


  C:0223H         LINE#         126
  C:0223H         LINE#         127
  C:0230H         LINE#         128
  C:0230H         LINE#         129
  C:023CH         LINE#         130
  C:023CH         LINE#         132
  C:023EH         LINE#         134
  C:023EH         LINE#         135
  C:024AH         LINE#         136
  C:024DH         LINE#         138
  C:024DH         LINE#         139
  C:024DH         LINE#         141
  C:0250H         LINE#         142
  C:0259H         LINE#         143
  C:0259H         LINE#         144
  C:0282H         LINE#         145
  C:0282H         LINE#         146
  C:0292H         LINE#         147
  C:0299H         LINE#         149
  C:029CH         LINE#         150
  C:02B3H         LINE#         151
  C:02B3H         LINE#         152
  C:02C3H         LINE#         153
  C:02CAH         LINE#         155
  C:02CDH         LINE#         156
  C:02D6H         LINE#         157
  C:02D6H         LINE#         158
  C:02E3H         LINE#         159
  C:02E3H         LINE#         160
  C:02F0H         LINE#         161
  C:02F7H         LINE#         163
  C:02F9H         LINE#         165
  C:02F9H         LINE#         166
  C:0306H         LINE#         167
  C:030DH         LINE#         169
  C:030DH         LINE#         170
  C:030DH         LINE#         171
  C:030FH         LINE#         173
  C:0314H         LINE#         174
  C:0314H         LINE#         175
  C:031FH         LINE#         176
  C:0326H         LINE#         177
  C:0328H         LINE#         178
  C:032DH         LINE#         179
  C:032DH         LINE#         180
  C:0338H         LINE#         181
  C:033FH         LINE#         182
  C:0341H         LINE#         183
  C:0346H         LINE#         184
  C:0346H         LINE#         185
  C:0351H         LINE#         186
  C:0351H         LINE#         187
  C:0353H         LINE#         188
  C:0358H         LINE#         189
  C:0358H         LINE#         190
  C:0363H         LINE#         191
  C:036AH         LINE#         192
BL51 BANKED LINKER/LOCATER V6.22.4.0                                                  07/26/2026  21:43:03  PAGE 7


  C:036AH         LINE#         194
  C:036AH         LINE#         196
  C:036DH         LINE#         197
  C:0385H         LINE#         198
  C:0396H         LINE#         199
  C:03AFH         LINE#         200
  C:03C0H         LINE#         201
  C:03D9H         LINE#         202
  C:03EAH         LINE#         203
  C:03FFH         LINE#         204
  C:0410H         LINE#         205
  C:0429H         LINE#         206
  C:043AH         LINE#         207
  C:0453H         LINE#         208
  C:0464H         LINE#         209
  C:047BH         LINE#         210
  C:048CH         LINE#         212
  -------         ENDPROC       DS1302_TIMESET
  -------         PROC          MAIN
  C:09FCH         LINE#         213
  C:09FCH         LINE#         214
  C:09FCH         LINE#         215
  C:09FFH         LINE#         216
  C:0A02H         LINE#         217
  C:0A05H         LINE#         218
  C:0A08H         LINE#         220
  C:0A08H         LINE#         221
  C:0A08H         LINE#         222
  C:0A0DH         LINE#         223
  C:0A12H         LINE#         224
  C:0A12H         LINE#         225
  C:0A16H         LINE#         226
  C:0A16H         LINE#         227
  C:0A19H         LINE#         228
  C:0A1BH         LINE#         229
  C:0A1DH         LINE#         230
  C:0A22H         LINE#         231
  C:0A22H         LINE#         232
  C:0A25H         LINE#         233
  C:0A25H         LINE#         234
  C:0A25H         LINE#         235
  C:0A2DH         LINE#         236
  C:0A2DH         LINE#         237
  C:0A32H         LINE#         238
  -------         ENDPROC       MAIN
  -------         PROC          TIMER0_FLASHFLAG
  -------         DO            
  D:002BH         SYMBOL        Timer0Count
  -------         ENDDO         
  C:0978H         LINE#         243
  C:0981H         LINE#         246
  C:0984H         LINE#         247
  C:0987H         LINE#         248
  C:098FH         LINE#         249
  C:0998H         LINE#         250
  C:0998H         LINE#         251
  C:099EH         LINE#         252
BL51 BANKED LINKER/LOCATER V6.22.4.0                                                  07/26/2026  21:43:03  PAGE 8


  C:09A3H         LINE#         253
  C:09B1H         LINE#         255
  C:09B4H         LINE#         256
  C:09B4H         LINE#         258
  -------         ENDPROC       TIMER0_FLASHFLAG
  -------         ENDMOD        MAIN

  -------         MODULE        DELAY
  C:0000H         SYMBOL        _ICE_DUMMY_
  C:0B53H         PUBLIC        _Delay
  -------         PROC          _DELAY
  D:0006H         SYMBOL        xms
  -------         DO            
  D:0005H         SYMBOL        i
  D:0004H         SYMBOL        j
  -------         ENDDO         
  C:0B53H         LINE#         2
  C:0B53H         LINE#         3
  C:0B53H         LINE#         5
  C:0B5DH         LINE#         6
  C:0B5DH         LINE#         7
  C:0B5EH         LINE#         8
  C:0B60H         LINE#         9
  C:0B62H         LINE#         11
  C:0B62H         LINE#         12
  C:0B64H         LINE#         13
  C:0B66H         LINE#         14
  C:0B68H         LINE#         15
  -------         ENDPROC       _DELAY
  -------         ENDMOD        DELAY

  -------         MODULE        KEY
  C:0000H         SYMBOL        _ICE_DUMMY_
  B:00B0H.0       PUBLIC        P3_0
  B:00B0H.1       PUBLIC        P3_1
  B:00B0H.2       PUBLIC        P3_2
  B:00B0H.3       PUBLIC        P3_3
  C:0814H         PUBLIC        Key
  -------         PROC          KEY
  C:0814H         LINE#         3
  C:0814H         LINE#         4
  C:0814H         LINE#         5
  C:0817H         LINE#         6
  C:0817H         LINE#         7
  C:081EH         LINE#         8
  C:0821H         LINE#         9
  C:0828H         LINE#         10
  C:082BH         LINE#         11
  C:082BH         LINE#         12
  C:082EH         LINE#         13
  C:082EH         LINE#         14
  C:0835H         LINE#         15
  C:0838H         LINE#         16
  C:083FH         LINE#         17
  C:0842H         LINE#         18
  C:0842H         LINE#         19
  C:0845H         LINE#         20
BL51 BANKED LINKER/LOCATER V6.22.4.0                                                  07/26/2026  21:43:03  PAGE 9


  C:0845H         LINE#         21
  C:084CH         LINE#         22
  C:084FH         LINE#         23
  C:0856H         LINE#         24
  C:0859H         LINE#         25
  C:0859H         LINE#         26
  C:085CH         LINE#         27
  C:085CH         LINE#         28
  C:0863H         LINE#         29
  C:0866H         LINE#         30
  C:086DH         LINE#         31
  C:0870H         LINE#         32
  C:0870H         LINE#         33
  C:0872H         LINE#         34
  -------         ENDPROC       KEY
  -------         ENDMOD        KEY

  -------         MODULE        LCD1602
  C:0000H         SYMBOL        _ICE_DUMMY_
  D:0080H         PUBLIC        P0
  D:00A0H         PUBLIC        P2
  C:0A74H         PUBLIC        _LCD1602_WriteData
  B:00A0H.7       PUBLIC        LCD1602_EN
  C:0B69H         PUBLIC        LCD1602_Init
  C:0A8CH         PUBLIC        _LCD1602_ShowString
  C:0BD9H         PUBLIC        _LCD1602_ShowChar
  C:0B0BH         PUBLIC        _LCD1602_WriteCmd
  B:00A0H.6       PUBLIC        LCD1602_RS
  B:00A0H.5       PUBLIC        LCD1602_WR
  C:0AB2H         PUBLIC        _LCD1602_CursorSet
  C:07A9H         PUBLIC        _LCD1602_ShowSignedNum
  C:0749H         PUBLIC        _Pow
  C:0929H         PUBLIC        _LCD1602_ShowHex
  C:0A37H         PUBLIC        _LCD1602_ShowNum
  -------         PROC          L?0046
  -------         ENDPROC       L?0046
  -------         PROC          _POW
  D:001CH         SYMBOL        X
  D:0082H         SYMBOL        Y
  -------         DO            
  D:001EH         SYMBOL        i
  D:001FH         SYMBOL        result
  -------         ENDDO         
  C:0749H         LINE#         8
  C:0751H         LINE#         9
  C:0751H         LINE#         11
  C:075BH         LINE#         12
  C:0766H         LINE#         13
  C:0766H         LINE#         14
  C:0770H         LINE#         15
  C:0770H         LINE#         16
  C:078DH         LINE#         17
  C:0791H         LINE#         18
  C:0791H         LINE#         19
  C:0797H         LINE#         20
  C:0797H         LINE#         21
  C:07A0H         LINE#         22
BL51 BANKED LINKER/LOCATER V6.22.4.0                                                  07/26/2026  21:43:03  PAGE 10


  C:07A0H         LINE#         23
  C:07A8H         LINE#         24
  -------         ENDPROC       _POW
  -------         PROC          _LCD1602_WRITECMD
  D:0007H         SYMBOL        Cmd
  C:0B0BH         LINE#         25
  C:0B0BH         LINE#         26
  C:0B0BH         LINE#         27
  C:0B0DH         LINE#         28
  C:0B0FH         LINE#         29
  C:0B11H         LINE#         30
  C:0B13H         LINE#         31
  C:0B1AH         LINE#         32
  C:0B1CH         LINE#         33
  -------         ENDPROC       _LCD1602_WRITECMD
  -------         PROC          L?0045
  -------         ENDPROC       L?0045
  -------         PROC          _LCD1602_WRITEDATA
  D:0007H         SYMBOL        Data
  C:0A74H         LINE#         37
  C:0A74H         LINE#         38
  C:0A74H         LINE#         39
  C:0A76H         LINE#         40
  C:0A78H         LINE#         41
  C:0A7AH         LINE#         42
  C:0A7CH         LINE#         43
  C:0A83H         LINE#         44
  C:0A85H         LINE#         45
  -------         ENDPROC       _LCD1602_WRITEDATA
  -------         PROC          LCD1602_INIT
  C:0B69H         LINE#         47
  C:0B69H         LINE#         48
  C:0B69H         LINE#         49
  C:0B6EH         LINE#         50
  C:0B73H         LINE#         51
  C:0B78H         LINE#         52
  -------         ENDPROC       LCD1602_INIT
  -------         PROC          _LCD1602_CURSORSET
  D:001CH         SYMBOL        Line
  D:001DH         SYMBOL        Col
  C:0AB2H         LINE#         55
  C:0AB6H         LINE#         56
  C:0AB6H         LINE#         57
  C:0ABBH         LINE#         58
  C:0ABBH         LINE#         59
  C:0ABEH         LINE#         60
  C:0AC0H         LINE#         61
  C:0AC5H         LINE#         62
  C:0AC5H         LINE#         63
  C:0ACFH         LINE#         64
  C:0ACFH         LINE#         65
  -------         ENDPROC       _LCD1602_CURSORSET
  -------         PROC          _LCD1602_SHOWCHAR
  D:0007H         SYMBOL        Line
  D:0005H         SYMBOL        Col
  D:0016H         SYMBOL        Char
  C:0BD9H         LINE#         67
BL51 BANKED LINKER/LOCATER V6.22.4.0                                                  07/26/2026  21:43:03  PAGE 11


  C:0BDBH         LINE#         68
  C:0BDBH         LINE#         69
  C:0BDEH         LINE#         70
  -------         ENDPROC       _LCD1602_SHOWCHAR
  -------         PROC          _LCD1602_SHOWSTRING
  D:0007H         SYMBOL        Line
  D:0005H         SYMBOL        Col
  D:0016H         SYMBOL        String
  -------         DO            
  D:0019H         SYMBOL        i
  -------         ENDDO         
  C:0A8CH         LINE#         72
  C:0A92H         LINE#         73
  C:0A92H         LINE#         75
  C:0A95H         LINE#         76
  C:0AAAH         LINE#         77
  C:0AAAH         LINE#         78
  C:0AADH         LINE#         79
  C:0AB1H         LINE#         80
  -------         ENDPROC       _LCD1602_SHOWSTRING
  -------         PROC          _LCD1602_SHOWNUM
  D:0007H         SYMBOL        Line
  D:0005H         SYMBOL        Col
  D:0018H         SYMBOL        Num
  D:001AH         SYMBOL        Lenth
  -------         DO            
  D:001BH         SYMBOL        i
  -------         ENDDO         
  C:0A37H         LINE#         81
  C:0A3BH         LINE#         82
  C:0A3BH         LINE#         84
  C:0A3EH         LINE#         85
  C:0A48H         LINE#         86
  C:0A48H         LINE#         87
  C:0A5FH         LINE#         88
  C:0A63H         LINE#         90
  -------         ENDPROC       _LCD1602_SHOWNUM
  -------         PROC          _LCD1602_SHOWSIGNEDNUM
  D:0007H         SYMBOL        Line
  D:0005H         SYMBOL        Col
  D:0025H         SYMBOL        Num
  D:0027H         SYMBOL        Lenth
  -------         DO            
  D:0028H         SYMBOL        Num1
  D:002AH         SYMBOL        i
  -------         ENDDO         
  C:07A9H         LINE#         91
  C:07ADH         LINE#         92
  C:07ADH         LINE#         95
  C:07B0H         LINE#         96
  C:07BDH         LINE#         97
  C:07BDH         LINE#         98
  C:07C2H         LINE#         99
  C:07C2H         LINE#         100
  C:07C4H         LINE#         101
  C:07CDH         LINE#         102
  C:07CDH         LINE#         103
BL51 BANKED LINKER/LOCATER V6.22.4.0                                                  07/26/2026  21:43:03  PAGE 12


  C:07D2H         LINE#         104
  C:07DDH         LINE#         105
  C:07DFH         LINE#         106
  C:07E5H         LINE#         107
  C:07E5H         LINE#         108
  C:07EBH         LINE#         109
  C:07EBH         LINE#         110
  C:07F5H         LINE#         111
  C:07F5H         LINE#         112
  C:080FH         LINE#         113
  C:0813H         LINE#         115
  -------         ENDPROC       _LCD1602_SHOWSIGNEDNUM
  -------         PROC          _LCD1602_SHOWHEX
  D:0007H         SYMBOL        Line
  D:0005H         SYMBOL        Col
  D:0031H         SYMBOL        Num
  -------         DO            
  D:0033H         SYMBOL        Temp
  D:0034H         SYMBOL        i
  -------         ENDDO         
  C:0929H         LINE#         116
  C:092DH         LINE#         117
  C:092DH         LINE#         121
  C:0936H         LINE#         122
  C:093EH         LINE#         123
  C:093EH         LINE#         124
  C:0959H         LINE#         125
  C:095EH         LINE#         126
  C:095EH         LINE#         127
  C:0962H         LINE#         128
  C:0964H         LINE#         129
  C:096BH         LINE#         130
  C:096BH         LINE#         131
  C:0973H         LINE#         132
  C:0973H         LINE#         133
  C:0977H         LINE#         135
  -------         ENDPROC       _LCD1602_SHOWHEX
  -------         ENDMOD        LCD1602

  -------         MODULE        DS1302
  C:0000H         SYMBOL        _ICE_DUMMY_
  C:0873H         PUBLIC        DS1302_SetTime
  D:00B0H         PUBLIC        P3
  C:08CEH         PUBLIC        DS1302_SetRealTime
  D:0008H         PUBLIC        Time
  D:000FH         PUBLIC        RealTime
  C:0B91H         PUBLIC        _DS1302_Read
  B:00B0H.5       PUBLIC        DS1302_CE
  C:0B3BH         PUBLIC        _DS1302_WriteData
  C:0B84H         PUBLIC        _DS1302_Write
  C:0AD0H         PUBLIC        DS1302_ReadByte
  C:0BE3H         PUBLIC        DS1302_Init
  B:00B0H.4       PUBLIC        DS1302_IO
  C:0BA4H         PUBLIC        _DecToBcd
  C:0BBAH         PUBLIC        _BcdToDec
  C:0B23H         PUBLIC        _DS1302_WriteCmd
  B:00B0H.6       PUBLIC        DS1302_SCLK
BL51 BANKED LINKER/LOCATER V6.22.4.0                                                  07/26/2026  21:43:03  PAGE 13


  C:09BBH         PUBLIC        DS1302_GetTime
  C:05F9H         PUBLIC        DS1302_TimeShow
  -------         PROC          DS1302_INIT
  C:0BE3H         LINE#         19
  C:0BE3H         LINE#         20
  C:0BE3H         LINE#         21
  C:0BE5H         LINE#         22
  C:0BE7H         LINE#         23
  -------         ENDPROC       DS1302_INIT
  -------         PROC          _DS1302_WRITECMD
  D:0007H         SYMBOL        Cmd
  -------         DO            
  D:0006H         SYMBOL        i
  -------         ENDDO         
  C:0B23H         LINE#         25
  C:0B23H         LINE#         26
  C:0B23H         LINE#         28
  C:0B25H         LINE#         29
  C:0B25H         LINE#         30
  C:0B32H         LINE#         31
  C:0B34H         LINE#         32
  C:0B36H         LINE#         33
  C:0B3AH         LINE#         34
  -------         ENDPROC       _DS1302_WRITECMD
  -------         PROC          _DS1302_WRITEDATA
  D:0007H         SYMBOL        Data
  -------         DO            
  D:0006H         SYMBOL        i
  -------         ENDDO         
  C:0B3BH         LINE#         35
  C:0B3BH         LINE#         36
  C:0B3BH         LINE#         38
  C:0B3DH         LINE#         39
  C:0B3DH         LINE#         40
  C:0B4AH         LINE#         41
  C:0B4CH         LINE#         42
  C:0B4EH         LINE#         43
  C:0B52H         LINE#         44
  -------         ENDPROC       _DS1302_WRITEDATA
  -------         PROC          L?0030
  -------         ENDPROC       L?0030
  -------         PROC          _DS1302_WRITE
  D:0007H         SYMBOL        Cmd
  D:0005H         SYMBOL        Data
  C:0B84H         LINE#         45
  C:0B84H         LINE#         46
  C:0B84H         LINE#         47
  C:0B86H         LINE#         48
  C:0B89H         LINE#         49
  C:0B8EH         LINE#         50
  C:0B90H         LINE#         51
  -------         ENDPROC       _DS1302_WRITE
  -------         PROC          DS1302_READBYTE
  -------         DO            
  D:0006H         SYMBOL        i
  D:0007H         SYMBOL        Data
  -------         ENDDO         
BL51 BANKED LINKER/LOCATER V6.22.4.0                                                  07/26/2026  21:43:03  PAGE 14


  C:0AD0H         LINE#         52
  C:0AD0H         LINE#         53
  C:0AD0H         LINE#         54
  C:0AD2H         LINE#         55
  C:0AD4H         LINE#         56
  C:0AD5H         LINE#         57
  C:0AD5H         LINE#         58
  C:0AD7H         LINE#         60
  C:0ADAH         LINE#         61
  C:0ADAH         LINE#         62
  C:0AE7H         LINE#         63
  C:0AE7H         LINE#         64
  C:0AE9H         LINE#         65
  C:0AEDH         LINE#         66
  C:0AEDH         LINE#         67
  -------         ENDPROC       DS1302_READBYTE
  -------         PROC          _DS1302_READ
  D:0007H         SYMBOL        Cmd
  -------         DO            
  D:0007H         SYMBOL        Data
  -------         ENDDO         
  C:0B91H         LINE#         68
  C:0B91H         LINE#         69
  C:0B91H         LINE#         71
  C:0B93H         LINE#         72
  C:0B9AH         LINE#         73
  C:0B9CH         LINE#         74
  C:0B9FH         LINE#         75
  C:0BA1H         LINE#         76
  C:0BA3H         LINE#         77
  C:0BA3H         LINE#         78
  -------         ENDPROC       _DS1302_READ
  -------         PROC          L?0029
  -------         ENDPROC       L?0029
  -------         PROC          _BCDTODEC
  D:0007H         SYMBOL        Bcd
  -------         DO            
  D:0007H         SYMBOL        result
  -------         ENDDO         
  C:0BBAH         LINE#         79
  C:0BBAH         LINE#         80
  C:0BBAH         LINE#         82
  C:0BC8H         LINE#         83
  C:0BC8H         LINE#         84
  -------         ENDPROC       _BCDTODEC
  -------         PROC          _DECTOBCD
  D:0007H         SYMBOL        Dec
  -------         DO            
  D:0007H         SYMBOL        result
  -------         ENDDO         
  C:0BA4H         LINE#         85
  C:0BA4H         LINE#         86
  C:0BA4H         LINE#         88
  C:0BB6H         LINE#         89
  C:0BB6H         LINE#         90
  -------         ENDPROC       _DECTOBCD
  -------         PROC          DS1302_SETTIME
BL51 BANKED LINKER/LOCATER V6.22.4.0                                                  07/26/2026  21:43:03  PAGE 15


  C:0873H         LINE#         91
  C:0873H         LINE#         92
  C:0873H         LINE#         93
  C:087AH         LINE#         95
  C:087FH         LINE#         96
  C:088BH         LINE#         97
  C:0897H         LINE#         98
  C:08A3H         LINE#         99
  C:08AFH         LINE#         100
  C:08BBH         LINE#         101
  C:08C7H         LINE#         103
  -------         ENDPROC       DS1302_SETTIME
  -------         PROC          DS1302_GETTIME
  C:09BBH         LINE#         105
  C:09BBH         LINE#         106
  C:09BBH         LINE#         107
  C:09C2H         LINE#         108
  C:09C9H         LINE#         109
  C:09D3H         LINE#         110
  C:09DDH         LINE#         111
  C:09E7H         LINE#         112
  C:09F1H         LINE#         113
  C:09FBH         LINE#         114
  -------         ENDPROC       DS1302_GETTIME
  -------         PROC          DS1302_TIMESHOW
  C:05F9H         LINE#         115
  C:05F9H         LINE#         116
  C:05F9H         LINE#         117
  C:0607H         LINE#         118
  C:0610H         LINE#         119
  C:0619H         LINE#         120
  C:0626H         LINE#         121
  C:062FH         LINE#         122
  C:0638H         LINE#         124
  C:063BH         LINE#         125
  C:064CH         LINE#         126
  C:065DH         LINE#         127
  C:066EH         LINE#         128
  C:067FH         LINE#         129
  C:0690H         LINE#         130
  C:06A1H         LINE#         131
  -------         ENDPROC       DS1302_TIMESHOW
  -------         PROC          DS1302_SETREALTIME
  C:08CEH         LINE#         134
  C:08CEH         LINE#         135
  C:08CEH         LINE#         136
  C:08D5H         LINE#         138
  C:08DAH         LINE#         139
  C:08E6H         LINE#         140
  C:08F2H         LINE#         141
  C:08FEH         LINE#         142
  C:090AH         LINE#         143
  C:0916H         LINE#         144
  C:0922H         LINE#         146
  -------         ENDPROC       DS1302_SETREALTIME
  -------         ENDMOD        DS1302

BL51 BANKED LINKER/LOCATER V6.22.4.0                                                  07/26/2026  21:43:03  PAGE 16


  -------         MODULE        TIMER0
  C:0000H         SYMBOL        _ICE_DUMMY_
  B:00A8H.7       PUBLIC        EA
  C:0AEEH         PUBLIC        Timer0_Init
  D:0089H         PUBLIC        TMOD
  B:00A8H.1       PUBLIC        ET0
  B:0088H.5       PUBLIC        TF0
  D:008CH         PUBLIC        TH0
  D:008AH         PUBLIC        TL0
  B:00B8H.1       PUBLIC        PT0
  B:0088H.4       PUBLIC        TR0
  D:00B7H         PUBLIC        IPH
  -------         PROC          TIMER0_INIT
  C:0AEEH         LINE#         3
  C:0AEEH         LINE#         4
  C:0AEEH         LINE#         5
  C:0AF1H         LINE#         6
  C:0AF4H         LINE#         7
  C:0AF6H         LINE#         8
  C:0AF8H         LINE#         9
  C:0AFBH         LINE#         10
  C:0AFEH         LINE#         11
  C:0B00H         LINE#         12
  C:0B02H         LINE#         13
  C:0B05H         LINE#         14
  C:0B08H         LINE#         15
  C:0B0AH         LINE#         16
  -------         ENDPROC       TIMER0_INIT
  -------         ENDMOD        TIMER0

  -------         MODULE        ?C?SCDIV
  C:048DH         PUBLIC        ?C?SCDIV
  -------         ENDMOD        ?C?SCDIV

  -------         MODULE        ?C?CLDOPTR
  C:04AFH         PUBLIC        ?C?CLDOPTR
  -------         ENDMOD        ?C?CLDOPTR

  -------         MODULE        ?C?LMUL
  C:04DCH         PUBLIC        ?C?LMUL
  -------         ENDMOD        ?C?LMUL

  -------         MODULE        ?C?ULDIV
  C:0567H         PUBLIC        ?C?ULDIV
  -------         ENDMOD        ?C?ULDIV

*** WARNING L16: UNCALLED SEGMENT, IGNORED FOR OVERLAY PROCESS
    SEGMENT: ?PR?_LCD1602_SHOWSIGNEDNUM?LCD1602

*** WARNING L16: UNCALLED SEGMENT, IGNORED FOR OVERLAY PROCESS
    SEGMENT: ?PR?_LCD1602_SHOWHEX?LCD1602

Program Size: data=54.0 xdata=0 code=3052
LINK/LOCATE RUN COMPLETE.  2 WARNING(S),  0 ERROR(S)
