BL51 BANKED LINKER/LOCATER V6.22.4.0                                                    07/09/2026  16:51:38  PAGE 1


BL51 BANKED LINKER/LOCATER V6.22.4.0, INVOKED BY:
D:\KEIL\C51\BIN\BL51.EXE .\Objects\main.obj TO .\Objects\Key2 PRINT (.\Listings\Key2.m51) RAMSIZE (256)


MEMORY MODEL: SMALL


INPUT MODULES INCLUDED:
  .\Objects\main.obj (MAIN)
  D:\KEIL\C51\LIB\C51S.LIB (?C_STARTUP)


LINK MAP OF MODULE:  .\Objects\Key2 (MAIN)


            TYPE    BASE      LENGTH    RELOCATION   SEGMENT NAME
            -----------------------------------------------------

            * * * * * * *   D A T A   M E M O R Y   * * * * * * *
            REG     0000H     0008H     ABSOLUTE     "REG BANK 0"
            IDATA   0008H     0001H     UNIT         ?STACK

            * * * * * * *   C O D E   M E M O R Y   * * * * * * *
            CODE    0000H     0003H     ABSOLUTE     
            CODE    0003H     001AH     UNIT         ?PR?_DELAY?MAIN
            CODE    001DH     0018H     UNIT         ?PR?MAIN?MAIN
            CODE    0035H     000CH     UNIT         ?C_C51STARTUP



OVERLAY MAP OF MODULE:   .\Objects\Key2 (MAIN)


SEGMENT
  +--> CALLED SEGMENT
---------------------
?C_C51STARTUP
  +--> ?PR?MAIN?MAIN

?PR?MAIN?MAIN
  +--> ?PR?_DELAY?MAIN



SYMBOL TABLE OF MODULE:  .\Objects\Key2 (MAIN)

  VALUE           TYPE          NAME
  ----------------------------------

  -------         MODULE        MAIN
  C:0000H         SYMBOL        _ICE_DUMMY_
  B:00A0H.0       PUBLIC        P2_0
  B:00B0H.1       PUBLIC        P3_1
  C:001DH         PUBLIC        main
  C:0003H         PUBLIC        _Delay
  -------         PROC          _DELAY
  D:0006H         SYMBOL        xms
  -------         DO            
BL51 BANKED LINKER/LOCATER V6.22.4.0                                                  07/09/2026  16:51:38  PAGE 2


  D:0005H         SYMBOL        i
  D:0004H         SYMBOL        j
  -------         ENDDO         
  C:0003H         LINE#         3
  C:0003H         LINE#         4
  C:0003H         LINE#         6
  C:000CH         LINE#         7
  C:000CH         LINE#         8
  C:0011H         LINE#         9
  C:0012H         LINE#         10
  C:0014H         LINE#         11
  C:0016H         LINE#         13
  C:0016H         LINE#         14
  C:0018H         LINE#         15
  C:001AH         LINE#         16
  C:001CH         LINE#         17
  -------         ENDPROC       _DELAY
  -------         PROC          MAIN
  C:001DH         LINE#         19
  C:001DH         LINE#         20
  C:001DH         LINE#         21
  C:001DH         LINE#         22
  C:001DH         LINE#         23
  C:0020H         LINE#         24
  C:0020H         LINE#         25
  C:0027H         LINE#         26
  C:002AH         LINE#         27
  C:0031H         LINE#         28
  C:0033H         LINE#         29
  C:0033H         LINE#         30
  -------         ENDPROC       MAIN
  -------         ENDMOD        MAIN

Program Size: data=9.0 xdata=0 code=65
LINK/LOCATE RUN COMPLETE.  0 WARNING(S),  0 ERROR(S)
