Rebuild target 'Target 1'
compiling main.c...
compiling LCD1602.c...
compiling Delay.c...
compiling OneWire.c...
compiling DS18B20.c...
compiling Key.c...
compiling Timer0.c...
compiling AT24C02.c...
compiling I2C.c...
compiling Buzzer.c...
linking...
*** WARNING L16: UNCALLED SEGMENT, IGNORED FOR OVERLAY PROCESS
    SEGMENT: ?PR?_LCD1602_SHOWHEX?LCD1602

*** WARNING L16: UNCALLED SEGMENT, IGNORED FOR OVERLAY PROCESS
    SEGMENT: ?PR?_DS18B20_BITSET?DS18B20

Program Size: data=44.0 xdata=0 code=3180
creating hex file from ".\Objects\DS18B20"...
".\Objects\DS18B20" - 0 Error(s), 2 Warning(s).
Build Time Elapsed:  00:00:00
