C51 COMPILER V9.60.7.0   KEYS                                                              07/23/2026 10:54:16 PAGE 1   


C51 COMPILER V9.60.7.0, COMPILATION OF MODULE KEYS
OBJECT MODULE PLACED IN .\Objects\Keys.obj
COMPILER INVOKED BY: D:\Keil\C51\BIN\C51.EXE Keys.c OPTIMIZE(8,SPEED) BROWSE DEBUG OBJECTEXTEND PRINT(.\Listings\Keys.ls
                    -t) TABS(2) OBJECT(.\Objects\Keys.obj)

line level    source

   1          #include <REGX52.H>
   2          #include <Delay.h>
   3          unsigned char Keys()
   4          {
   5   1        unsigned char KeyNum = 255;
   6   1        P1 = 0xFF;
   7   1        
   8   1        P1_3 = 0;
   9   1        if (P1_7 == 0){Delay(20);while(P1_7 == 0);Delay(20);KeyNum = 1;}
  10   1        if (P1_6 == 0){Delay(20);while(P1_6 == 0);Delay(20);KeyNum = 5;}
  11   1        if (P1_5 == 0){Delay(20);while(P1_5 == 0);Delay(20);KeyNum = 9;}
  12   1        if (P1_4 == 0){Delay(20);while(P1_4 == 0);Delay(20);KeyNum = 13;}
  13   1        
  14   1        P1 = 0xFF;
  15   1        P1_2 = 0;
  16   1        if (P1_7 == 0){Delay(20);while(P1_7 == 0);Delay(20);KeyNum = 2;}
  17   1        if (P1_6 == 0){Delay(20);while(P1_6 == 0);Delay(20);KeyNum = 6;}
  18   1        if (P1_5 == 0){Delay(20);while(P1_5 == 0);Delay(20);KeyNum = 0;}
  19   1        if (P1_4 == 0){Delay(20);while(P1_4 == 0);Delay(20);KeyNum = 14;}
  20   1        
  21   1        P1 = 0xFF;
  22   1        P1_1 = 0;
  23   1        if (P1_7 == 0){Delay(20);while(P1_7 == 0);Delay(20);KeyNum = 3;}
  24   1        if (P1_6 == 0){Delay(20);while(P1_6 == 0);Delay(20);KeyNum = 7;}
  25   1        if (P1_5 == 0){Delay(20);while(P1_5 == 0);Delay(20);KeyNum = 11;}
  26   1        if (P1_4 == 0){Delay(20);while(P1_4 == 0);Delay(20);KeyNum = 15;}
  27   1        
  28   1        P1 = 0xFF;
  29   1        P1_0 = 0;
  30   1        if (P1_7 == 0){Delay(20);while(P1_7 == 0);Delay(20);KeyNum = 4;}
  31   1        if (P1_6 == 0){Delay(20);while(P1_6 == 0);Delay(20);KeyNum = 8;}
  32   1        if (P1_5 == 0){Delay(20);while(P1_5 == 0);Delay(20);KeyNum = 12;}
  33   1        if (P1_4 == 0){Delay(20);while(P1_4 == 0);Delay(20);KeyNum = 16;}
  34   1        
  35   1        return KeyNum;
  36   1      }


MODULE INFORMATION:   STATIC OVERLAYABLE
   CODE SIZE        =    394    ----
   CONSTANT SIZE    =   ----    ----
   XDATA SIZE       =   ----    ----
   PDATA SIZE       =   ----    ----
   DATA SIZE        =   ----       1
   IDATA SIZE       =   ----    ----
   BIT SIZE         =   ----    ----
END OF MODULE INFORMATION.


C51 COMPILATION COMPLETE.  0 WARNING(S),  0 ERROR(S)
