C51 COMPILER V9.60.7.0   MAIN                                                              07/12/2026 15:02:36 PAGE 1   


C51 COMPILER V9.60.7.0, COMPILATION OF MODULE MAIN
OBJECT MODULE PLACED IN .\Objects\main.obj
COMPILER INVOKED BY: D:\Keil\C51\BIN\C51.EXE main.c OPTIMIZE(8,SPEED) BROWSE DEBUG OBJECTEXTEND PRINT(.\Listings\main.ls
                    -t) TABS(2) OBJECT(.\Objects\main.obj)

line level    source

   1          #include <REGX52.H>
   2          
   3          void Timer_Init()
   4          {
   5   1        //TMOD = 0x01;会导致高四位被置1
   6   1        TMOD &= 0xF0;//与等于
   7   1        TMOD |= 0x01;//或等于
   8   1        TF0 = 0;
   9   1        TR0 = 1;
  10   1        TH0 = 0xFC;
  11   1        TL0 = 0x18;
  12   1        ET0 = 1;
  13   1        EA = 1;
  14   1        IPH = 0x02;
  15   1        PT0 = 1;
  16   1      }
  17          
  18          void main()
  19          {
  20   1        Timer_Init();
  21   1        while(1)
  22   1        {
  23   2            
  24   2        }
  25   1      }
  26            
  27          void Timer0_Routine() interrupt 1
  28          {
  29   1        static unsigned int T0Counts = 0;
  30   1        T0Counts++;
  31   1        TH0 = 0xFC;
  32   1        TL0 = 0x18;
  33   1        if(T0Counts >= 1000)
  34   1        {
  35   2          T0Counts = 0;
  36   2          P2_0 = ~P2_0;
  37   2        }
  38   1      }
  39          


MODULE INFORMATION:   STATIC OVERLAYABLE
   CODE SIZE        =     73    ----
   CONSTANT SIZE    =   ----    ----
   XDATA SIZE       =   ----    ----
   PDATA SIZE       =   ----    ----
   DATA SIZE        =      2    ----
   IDATA SIZE       =   ----    ----
   BIT SIZE         =   ----    ----
END OF MODULE INFORMATION.


C51 COMPILATION COMPLETE.  0 WARNING(S),  0 ERROR(S)
