BL51 BANKED LINKER/LOCATER V6.22.4.0                                                    07/12/2026  15:02:36  PAGE 1


BL51 BANKED LINKER/LOCATER V6.22.4.0, INVOKED BY:
D:\KEIL\C51\BIN\BL51.EXE .\Objects\main.obj TO .\Objects\Timer1 PRINT (.\Listings\Timer1.m51) RAMSIZE (256)


MEMORY MODEL: SMALL


INPUT MODULES INCLUDED:
  .\Objects\main.obj (MAIN)
  D:\KEIL\C51\LIB\C51S.LIB (?C_STARTUP)
  D:\KEIL\C51\LIB\C51S.LIB (?C_INIT)


LINK MAP OF MODULE:  .\Objects\Timer1 (MAIN)


            TYPE    BASE      LENGTH    RELOCATION   SEGMENT NAME
            -----------------------------------------------------

            * * * * * * *   D A T A   M E M O R Y   * * * * * * *
            REG     0000H     0008H     ABSOLUTE     "REG BANK 0"
            DATA    0008H     0002H     UNIT         ?DT?MAIN
            IDATA   000AH     0001H     UNIT         ?STACK

            * * * * * * *   C O D E   M E M O R Y   * * * * * * *
            CODE    0000H     0003H     ABSOLUTE     
            CODE    0003H     0005H     UNIT         ?PR?MAIN?MAIN
                    0008H     0003H                  *** GAP ***
            CODE    000BH     0003H     ABSOLUTE     
            CODE    000EH     008CH     UNIT         ?C_C51STARTUP
            CODE    009AH     002AH     UNIT         ?PR?TIMER0_ROUTINE?MAIN
            CODE    00C4H     001AH     UNIT         ?PR?TIMER_INIT?MAIN
            CODE    00DEH     0005H     UNIT         ?C_INITSEG



OVERLAY MAP OF MODULE:   .\Objects\Timer1 (MAIN)


SEGMENT
  +--> CALLED SEGMENT
---------------------
?C_C51STARTUP
  +--> ?PR?MAIN?MAIN
  +--> ?C_INITSEG

?PR?MAIN?MAIN
  +--> ?PR?TIMER_INIT?MAIN



SYMBOL TABLE OF MODULE:  .\Objects\Timer1 (MAIN)

  VALUE           TYPE          NAME
  ----------------------------------

  -------         MODULE        MAIN
  C:0000H         SYMBOL        _ICE_DUMMY_
BL51 BANKED LINKER/LOCATER V6.22.4.0                                                  07/12/2026  15:02:36  PAGE 2


  C:009AH         PUBLIC        Timer0_Routine
  B:00A8H.7       PUBLIC        EA
  B:00A0H.0       PUBLIC        P2_0
  C:0003H         PUBLIC        main
  D:0089H         PUBLIC        TMOD
  B:00A8H.1       PUBLIC        ET0
  B:0088H.5       PUBLIC        TF0
  D:008CH         PUBLIC        TH0
  D:008AH         PUBLIC        TL0
  B:00B8H.1       PUBLIC        PT0
  B:0088H.4       PUBLIC        TR0
  D:00B7H         PUBLIC        IPH
  C:00C4H         PUBLIC        Timer_Init
  -------         PROC          TIMER_INIT
  C:00C4H         LINE#         3
  C:00C4H         LINE#         4
  C:00C4H         LINE#         6
  C:00C7H         LINE#         7
  C:00CAH         LINE#         8
  C:00CCH         LINE#         9
  C:00CEH         LINE#         10
  C:00D1H         LINE#         11
  C:00D4H         LINE#         12
  C:00D6H         LINE#         13
  C:00D8H         LINE#         14
  C:00DBH         LINE#         15
  C:00DDH         LINE#         16
  -------         ENDPROC       TIMER_INIT
  -------         PROC          MAIN
  C:0003H         LINE#         18
  C:0003H         LINE#         19
  C:0003H         LINE#         20
  C:0006H         LINE#         21
  C:0006H         LINE#         22
  C:0006H         LINE#         24
  -------         ENDPROC       MAIN
  -------         PROC          TIMER0_ROUTINE
  -------         DO            
  D:0008H         SYMBOL        T0Counts
  -------         ENDDO         
  C:009AH         LINE#         27
  C:009EH         LINE#         30
  C:00A6H         LINE#         31
  C:00A9H         LINE#         32
  C:00ACH         LINE#         33
  C:00B7H         LINE#         34
  C:00B7H         LINE#         35
  C:00BDH         LINE#         36
  C:00BFH         LINE#         37
  C:00BFH         LINE#         38
  -------         ENDPROC       TIMER0_ROUTINE
  -------         ENDMOD        MAIN

Program Size: data=11.0 xdata=0 code=224
LINK/LOCATE RUN COMPLETE.  0 WARNING(S),  0 ERROR(S)
