BL51 BANKED LINKER/LOCATER V6.22.4.0                                                    07/28/2026  22:18:38  PAGE 1


BL51 BANKED LINKER/LOCATER V6.22.4.0, INVOKED BY:
D:\KEIL\C51\BIN\BL51.EXE .\Objects\main.obj, .\Objects\Delay.obj, .\Objects\Key.obj, .\Objects\LCD1602.obj, .\Objects\DS
>> 1302.obj, .\Objects\Timer0.obj, .\Objects\Buzzer.obj TO .\Objects\Clock PRINT (.\Listings\Clock.m51) RAMSIZE (256)


MEMORY MODEL: SMALL


INPUT MODULES INCLUDED:
  .\Objects\main.obj (MAIN)
  .\Objects\Delay.obj (DELAY)
  .\Objects\Key.obj (KEY)
  .\Objects\LCD1602.obj (LCD1602)
  .\Objects\DS1302.obj (DS1302)
  .\Objects\Timer0.obj (TIMER0)
  .\Objects\Buzzer.obj (BUZZER)
  D:\KEIL\C51\LIB\C51S.LIB (?C_STARTUP)
  D:\KEIL\C51\LIB\C51S.LIB (?C?SCDIV)
  D:\KEIL\C51\LIB\C51S.LIB (?C?CLDOPTR)
  D:\KEIL\C51\LIB\C51S.LIB (?C?LMUL)
  D:\KEIL\C51\LIB\C51S.LIB (?C?ULDIV)
  D:\KEIL\C51\LIB\C51S.LIB (?C_INIT)


LINK MAP OF MODULE:  .\Objects\Clock (MAIN)


            TYPE    BASE      LENGTH    RELOCATION   SEGMENT NAME
            -----------------------------------------------------

            * * * * * * *   D A T A   M E M O R Y   * * * * * * *
            REG     0000H     0008H     ABSOLUTE     "REG BANK 0"
            DATA    0008H     000EH     UNIT         ?DT?DS1302
            DATA    0016H     000DH     UNIT         _DATA_GROUP_
            DATA    0023H     0008H     UNIT         ?DT?_LCD1602_SHOWSIGNEDNUM?LCD1602
            DATA    002BH     0007H     UNIT         ?DT?MAIN
            DATA    0032H     0004H     UNIT         ?DT?_LCD1602_SHOWHEX?LCD1602
            IDATA   0036H     0001H     UNIT         ?STACK

            * * * * * * *   C O D E   M E M O R Y   * * * * * * *
            CODE    0000H     0003H     ABSOLUTE     
            CODE    0003H     0006H     UNIT         ?CO?DS1302
                    0009H     0002H                  *** GAP ***
            CODE    000BH     0003H     ABSOLUTE     
            CODE    000EH     047FH     UNIT         ?PR?DS1302_TIMESET?MAIN
            CODE    048DH     016CH     UNIT         ?C?LIB_CODE
            CODE    05F9H     00B9H     UNIT         ?PR?DS1302_TIMESHOW?DS1302
            CODE    06B2H     008CH     UNIT         ?C_C51STARTUP
            CODE    073EH     006BH     UNIT         ?PR?_POW?LCD1602
            CODE    07A9H     006BH     UNIT         ?PR?_LCD1602_SHOWSIGNEDNUM?LCD1602
            CODE    0814H     005FH     UNIT         ?PR?KEY?KEY
            CODE    0873H     005BH     UNIT         ?PR?MAIN?MAIN
            CODE    08CEH     005BH     UNIT         ?PR?DS1302_SETTIME?DS1302
            CODE    0929H     005BH     UNIT         ?PR?DS1302_SETREALTIME?DS1302
            CODE    0984H     004FH     UNIT         ?PR?_LCD1602_SHOWHEX?LCD1602
            CODE    09D3H     0043H     UNIT         ?PR?TIMER0_FLASHFLAG?MAIN
            CODE    0A16H     0041H     UNIT         ?PR?DS1302_GETTIME?DS1302
            CODE    0A57H     002DH     UNIT         ?PR?_LCD1602_SHOWNUM?LCD1602
BL51 BANKED LINKER/LOCATER V6.22.4.0                                                  07/28/2026  22:18:38  PAGE 2


            CODE    0A84H     0028H     UNIT         ?PR?_LCD1602_WRITEDATA?LCD1602
            CODE    0AACH     0028H     UNIT         ?PR?_BUZZER_TIME?BUZZER
            CODE    0AD4H     0026H     UNIT         ?PR?_LCD1602_SHOWSTRING?LCD1602
            CODE    0AFAH     001EH     UNIT         ?PR?_LCD1602_CURSORSET?LCD1602
            CODE    0B18H     001EH     UNIT         ?PR?DS1302_READBYTE?DS1302
            CODE    0B36H     001DH     UNIT         ?PR?TIMER0_INIT?TIMER0
            CODE    0B53H     0018H     UNIT         ?PR?_LCD1602_WRITECMD?LCD1602
            CODE    0B6BH     0018H     UNIT         ?PR?_DS1302_WRITECMD?DS1302
            CODE    0B83H     0018H     UNIT         ?PR?_DS1302_WRITEDATA?DS1302
            CODE    0B9BH     0016H     UNIT         ?PR?_DELAY?DELAY
            CODE    0BB1H     0014H     UNIT         ?PR?LCD1602_INIT?LCD1602
            CODE    0BC5H     0014H     UNIT         ?PR?_DS1302_WRITE?DS1302
            CODE    0BD9H     0013H     UNIT         ?C_INITSEG
            CODE    0BECH     0013H     UNIT         ?PR?_DS1302_READ?DS1302
            CODE    0BFFH     0013H     UNIT         ?PR?_DECTOBCD?DS1302
            CODE    0C12H     0012H     UNIT         ?PR?_BCDTODEC?DS1302
            CODE    0C24H     000AH     UNIT         ?PR?_LCD1602_SHOWCHAR?LCD1602
            CODE    0C2EH     0005H     UNIT         ?PR?DS1302_INIT?DS1302
            CODE    0C33H     0003H     UNIT         ?CO?MAIN
            CODE    0C36H     0003H     UNIT         ?CO?LCD1602



OVERLAY MAP OF MODULE:   .\Objects\Clock (MAIN)


SEGMENT                                      DATA_GROUP 
  +--> CALLED SEGMENT                      START    LENGTH
----------------------------------------------------------
?C_C51STARTUP                              -----    -----
  +--> ?PR?MAIN?MAIN
  +--> ?C_INITSEG

?PR?MAIN?MAIN                              -----    -----
  +--> ?PR?LCD1602_INIT?LCD1602
  +--> ?PR?DS1302_INIT?DS1302
  +--> ?PR?DS1302_SETTIME?DS1302
  +--> ?PR?TIMER0_INIT?TIMER0
  +--> ?PR?KEY?KEY
  +--> ?PR?DS1302_TIMESHOW?DS1302
  +--> ?PR?DS1302_TIMESET?MAIN
  +--> ?PR?_BUZZER_TIME?BUZZER

?PR?LCD1602_INIT?LCD1602                   -----    -----
  +--> ?PR?_LCD1602_WRITECMD?LCD1602

?PR?_LCD1602_WRITECMD?LCD1602              -----    -----
  +--> ?PR?_DELAY?DELAY

?PR?DS1302_SETTIME?DS1302                  -----    -----
  +--> ?PR?_DS1302_WRITE?DS1302
  +--> ?PR?_DECTOBCD?DS1302

?PR?_DS1302_WRITE?DS1302                   -----    -----
  +--> ?PR?_DECTOBCD?DS1302
  +--> ?PR?_DS1302_WRITECMD?DS1302
  +--> ?PR?_DS1302_WRITEDATA?DS1302
BL51 BANKED LINKER/LOCATER V6.22.4.0                                                  07/28/2026  22:18:38  PAGE 3



?PR?KEY?KEY                                -----    -----
  +--> ?PR?_DELAY?DELAY

?PR?DS1302_TIMESHOW?DS1302                 -----    -----
  +--> ?PR?_LCD1602_SHOWNUM?LCD1602
  +--> ?PR?_LCD1602_SHOWCHAR?LCD1602
  +--> ?CO?DS1302
  +--> ?PR?_LCD1602_SHOWSTRING?LCD1602
  +--> ?PR?DS1302_GETTIME?DS1302

?PR?_LCD1602_SHOWNUM?LCD1602               0016H    0006H
  +--> ?PR?_LCD1602_CURSORSET?LCD1602
  +--> ?PR?_POW?LCD1602
  +--> ?PR?_LCD1602_WRITEDATA?LCD1602

?PR?_LCD1602_CURSORSET?LCD1602             001CH    0002H
  +--> ?PR?_LCD1602_WRITECMD?LCD1602

?PR?_POW?LCD1602                           001CH    0007H

?PR?_LCD1602_WRITEDATA?LCD1602             -----    -----
  +--> ?PR?_DELAY?DELAY

?PR?_LCD1602_SHOWCHAR?LCD1602              0016H    0001H
  +--> ?PR?_LCD1602_CURSORSET?LCD1602
  +--> ?PR?_LCD1602_WRITEDATA?LCD1602

?PR?_LCD1602_SHOWSTRING?LCD1602            0016H    0004H
  +--> ?PR?_LCD1602_CURSORSET?LCD1602
  +--> ?PR?_LCD1602_WRITEDATA?LCD1602

?PR?DS1302_GETTIME?DS1302                  -----    -----
  +--> ?PR?_BCDTODEC?DS1302
  +--> ?PR?_DS1302_READ?DS1302

?PR?_BCDTODEC?DS1302                       -----    -----
  +--> ?PR?_DS1302_READ?DS1302

?PR?_DS1302_READ?DS1302                    -----    -----
  +--> ?PR?_DS1302_WRITECMD?DS1302
  +--> ?PR?DS1302_READBYTE?DS1302

?PR?DS1302_TIMESET?MAIN                    -----    -----
  +--> ?PR?DS1302_SETREALTIME?DS1302
  +--> ?CO?MAIN
  +--> ?PR?_LCD1602_SHOWSTRING?LCD1602
  +--> ?PR?_LCD1602_SHOWNUM?LCD1602
  +--> ?PR?_LCD1602_SHOWCHAR?LCD1602

?PR?DS1302_SETREALTIME?DS1302              -----    -----
  +--> ?PR?_DS1302_WRITE?DS1302
  +--> ?PR?_DECTOBCD?DS1302

?PR?_BUZZER_TIME?BUZZER                    0016H    0004H
  +--> ?PR?_DELAY?DELAY

BL51 BANKED LINKER/LOCATER V6.22.4.0                                                  07/28/2026  22:18:38  PAGE 4




SYMBOL TABLE OF MODULE:  .\Objects\Clock (MAIN)

  VALUE           TYPE          NAME
  ----------------------------------

  -------         MODULE        MAIN
  C:0000H         SYMBOL        _ICE_DUMMY_
  C:000EH         PUBLIC        DS1302_TimeSet
  C:09D3H         PUBLIC        Timer0_FlashFlag
  D:002DH         PUBLIC        BuzzerFlag
  D:002EH         PUBLIC        TimeSetSelect
  D:002FH         PUBLIC        MODE
  C:0873H         PUBLIC        main
  D:0030H         PUBLIC        TimeSetFlashFlag
  D:008CH         PUBLIC        TH0
  D:008AH         PUBLIC        TL0
  D:0031H         PUBLIC        KeyNum
  -------         PROC          DS1302_TIMESET
  C:000EH         LINE#         18
  C:000EH         LINE#         19
  C:000EH         LINE#         20
  C:0013H         LINE#         21
  C:0013H         LINE#         22
  C:0015H         LINE#         23
  C:001EH         LINE#         24
  C:001EH         LINE#         25
  C:0027H         LINE#         26
  C:0027H         LINE#         27
  C:002DH         LINE#         28
  C:0031H         LINE#         29
  C:0031H         LINE#         30
  C:0041H         LINE#         31
  C:0041H         LINE#         32
  C:0044H         LINE#         33
  C:004AH         LINE#         34
  C:004AH         LINE#         35
  C:0057H         LINE#         36
  C:005EH         LINE#         37
  C:0075H         LINE#         38
  C:0075H         LINE#         39
  C:0081H         LINE#         40
  C:0081H         LINE#         42
  C:0083H         LINE#         43
  C:008CH         LINE#         44
  C:008CH         LINE#         45
  C:0099H         LINE#         46
  C:0099H         LINE#         47
  C:00A5H         LINE#         48
  C:00A5H         LINE#         50
  C:00A7H         LINE#         52
  C:00A7H         LINE#         53
  C:00B3H         LINE#         54
  C:00B6H         LINE#         56
  C:00B6H         LINE#         57
  C:00B6H         LINE#         58
BL51 BANKED LINKER/LOCATER V6.22.4.0                                                  07/28/2026  22:18:38  PAGE 5


  C:00B9H         LINE#         59
  C:00C2H         LINE#         60
  C:00C2H         LINE#         61
  C:00EBH         LINE#         62
  C:00EBH         LINE#         63
  C:00FBH         LINE#         64
  C:00FBH         LINE#         65
  C:00FDH         LINE#         66
  C:0114H         LINE#         67
  C:0114H         LINE#         68
  C:0124H         LINE#         69
  C:0124H         LINE#         70
  C:0126H         LINE#         71
  C:012FH         LINE#         72
  C:012FH         LINE#         73
  C:013CH         LINE#         74
  C:013CH         LINE#         75
  C:0149H         LINE#         76
  C:0149H         LINE#         77
  C:014BH         LINE#         79
  C:014BH         LINE#         80
  C:0158H         LINE#         81
  C:0158H         LINE#         82
  C:0158H         LINE#         83
  C:0158H         LINE#         84
  C:015AH         LINE#         85
  C:015FH         LINE#         86
  C:015FH         LINE#         87
  C:016AH         LINE#         88
  C:0171H         LINE#         89
  C:0173H         LINE#         90
  C:0178H         LINE#         91
  C:0178H         LINE#         92
  C:0183H         LINE#         93
  C:0183H         LINE#         94
  C:0185H         LINE#         95
  C:018AH         LINE#         96
  C:018AH         LINE#         97
  C:0195H         LINE#         98
  C:0195H         LINE#         99
  C:0197H         LINE#         100
  C:019CH         LINE#         101
  C:019CH         LINE#         102
  C:01A7H         LINE#         103
  C:01AEH         LINE#         104
  C:01AEH         LINE#         106
  C:01AEH         LINE#         107
  C:01B7H         LINE#         108
  C:01B7H         LINE#         109
  C:01BDH         LINE#         110
  C:01C1H         LINE#         111
  C:01C1H         LINE#         112
  C:01D1H         LINE#         113
  C:01D8H         LINE#         114
  C:01DBH         LINE#         115
  C:01E1H         LINE#         116
  C:01E1H         LINE#         117
BL51 BANKED LINKER/LOCATER V6.22.4.0                                                  07/28/2026  22:18:38  PAGE 6


  C:01EEH         LINE#         118
  C:01F5H         LINE#         120
  C:020CH         LINE#         121
  C:020CH         LINE#         122
  C:0218H         LINE#         123
  C:0218H         LINE#         125
  C:021AH         LINE#         126
  C:0223H         LINE#         127
  C:0223H         LINE#         128
  C:0230H         LINE#         129
  C:0230H         LINE#         130
  C:023CH         LINE#         131
  C:023CH         LINE#         133
  C:023EH         LINE#         135
  C:023EH         LINE#         136
  C:024AH         LINE#         137
  C:024DH         LINE#         139
  C:024DH         LINE#         140
  C:024DH         LINE#         142
  C:0250H         LINE#         143
  C:0259H         LINE#         144
  C:0259H         LINE#         145
  C:0282H         LINE#         146
  C:0282H         LINE#         147
  C:0292H         LINE#         148
  C:0299H         LINE#         150
  C:029CH         LINE#         151
  C:02B3H         LINE#         152
  C:02B3H         LINE#         153
  C:02C3H         LINE#         154
  C:02CAH         LINE#         156
  C:02CDH         LINE#         157
  C:02D6H         LINE#         158
  C:02D6H         LINE#         159
  C:02E3H         LINE#         160
  C:02E3H         LINE#         161
  C:02F0H         LINE#         162
  C:02F7H         LINE#         164
  C:02F9H         LINE#         166
  C:02F9H         LINE#         167
  C:0306H         LINE#         168
  C:030DH         LINE#         170
  C:030DH         LINE#         171
  C:030DH         LINE#         172
  C:030FH         LINE#         174
  C:0314H         LINE#         175
  C:0314H         LINE#         176
  C:031FH         LINE#         177
  C:0326H         LINE#         178
  C:0328H         LINE#         179
  C:032DH         LINE#         180
  C:032DH         LINE#         181
  C:0338H         LINE#         182
  C:033FH         LINE#         183
  C:0341H         LINE#         184
  C:0346H         LINE#         185
  C:0346H         LINE#         186
BL51 BANKED LINKER/LOCATER V6.22.4.0                                                  07/28/2026  22:18:38  PAGE 7


  C:0351H         LINE#         187
  C:0351H         LINE#         188
  C:0353H         LINE#         189
  C:0358H         LINE#         190
  C:0358H         LINE#         191
  C:0363H         LINE#         192
  C:036AH         LINE#         193
  C:036AH         LINE#         195
  C:036AH         LINE#         197
  C:036DH         LINE#         198
  C:0385H         LINE#         199
  C:0396H         LINE#         200
  C:03AFH         LINE#         201
  C:03C0H         LINE#         202
  C:03D9H         LINE#         203
  C:03EAH         LINE#         204
  C:03FFH         LINE#         205
  C:0410H         LINE#         206
  C:0429H         LINE#         207
  C:043AH         LINE#         208
  C:0453H         LINE#         209
  C:0464H         LINE#         210
  C:047BH         LINE#         211
  C:048CH         LINE#         213
  -------         ENDPROC       DS1302_TIMESET
  -------         PROC          MAIN
  C:0873H         LINE#         214
  C:0873H         LINE#         215
  C:0873H         LINE#         216
  C:0876H         LINE#         217
  C:0879H         LINE#         218
  C:087CH         LINE#         219
  C:087FH         LINE#         221
  C:087FH         LINE#         222
  C:087FH         LINE#         223
  C:0884H         LINE#         224
  C:0889H         LINE#         225
  C:0889H         LINE#         226
  C:088DH         LINE#         227
  C:088DH         LINE#         228
  C:0890H         LINE#         229
  C:0892H         LINE#         230
  C:0894H         LINE#         231
  C:0899H         LINE#         232
  C:0899H         LINE#         233
  C:089CH         LINE#         234
  C:089CH         LINE#         235
  C:089CH         LINE#         236
  C:08A4H         LINE#         237
  C:08A4H         LINE#         238
  C:08A9H         LINE#         239
  C:08ACH         LINE#         240
  C:08ACH         LINE#         241
  C:08B1H         LINE#         242
  C:08B1H         LINE#         243
  C:08BDH         LINE#         244
  C:08BDH         LINE#         245
BL51 BANKED LINKER/LOCATER V6.22.4.0                                                  07/28/2026  22:18:38  PAGE 8


  C:08C1H         LINE#         246
  C:08C1H         LINE#         247
  C:08C5H         LINE#         248
  C:08C5H         LINE#         249
  C:08CCH         LINE#         250
  C:08CCH         LINE#         251
  C:08CCH         LINE#         253
  -------         ENDPROC       MAIN
  -------         PROC          TIMER0_FLASHFLAG
  -------         DO            
  D:002BH         SYMBOL        Timer0Count
  -------         ENDDO         
  C:09D3H         LINE#         256
  C:09DCH         LINE#         259
  C:09DFH         LINE#         260
  C:09E2H         LINE#         261
  C:09EAH         LINE#         262
  C:09F3H         LINE#         263
  C:09F3H         LINE#         264
  C:09F9H         LINE#         265
  C:09FEH         LINE#         266
  C:0A0CH         LINE#         268
  C:0A0FH         LINE#         269
  C:0A0FH         LINE#         271
  -------         ENDPROC       TIMER0_FLASHFLAG
  -------         ENDMOD        MAIN

  -------         MODULE        DELAY
  C:0000H         SYMBOL        _ICE_DUMMY_
  C:0B9BH         PUBLIC        _Delay
  -------         PROC          _DELAY
  D:0006H         SYMBOL        xms
  -------         DO            
  D:0005H         SYMBOL        i
  D:0004H         SYMBOL        j
  -------         ENDDO         
  C:0B9BH         LINE#         2
  C:0B9BH         LINE#         3
  C:0B9BH         LINE#         5
  C:0BA5H         LINE#         6
  C:0BA5H         LINE#         7
  C:0BA6H         LINE#         8
  C:0BA8H         LINE#         9
  C:0BAAH         LINE#         11
  C:0BAAH         LINE#         12
  C:0BACH         LINE#         13
  C:0BAEH         LINE#         14
  C:0BB0H         LINE#         15
  -------         ENDPROC       _DELAY
  -------         ENDMOD        DELAY

  -------         MODULE        KEY
  C:0000H         SYMBOL        _ICE_DUMMY_
  B:00B0H.0       PUBLIC        P3_0
  B:00B0H.1       PUBLIC        P3_1
  B:00B0H.2       PUBLIC        P3_2
  B:00B0H.3       PUBLIC        P3_3
BL51 BANKED LINKER/LOCATER V6.22.4.0                                                  07/28/2026  22:18:38  PAGE 9


  C:0814H         PUBLIC        Key
  -------         PROC          KEY
  C:0814H         LINE#         3
  C:0814H         LINE#         4
  C:0814H         LINE#         5
  C:0817H         LINE#         6
  C:0817H         LINE#         7
  C:081EH         LINE#         8
  C:0821H         LINE#         9
  C:0828H         LINE#         10
  C:082BH         LINE#         11
  C:082BH         LINE#         12
  C:082EH         LINE#         13
  C:082EH         LINE#         14
  C:0835H         LINE#         15
  C:0838H         LINE#         16
  C:083FH         LINE#         17
  C:0842H         LINE#         18
  C:0842H         LINE#         19
  C:0845H         LINE#         20
  C:0845H         LINE#         21
  C:084CH         LINE#         22
  C:084FH         LINE#         23
  C:0856H         LINE#         24
  C:0859H         LINE#         25
  C:0859H         LINE#         26
  C:085CH         LINE#         27
  C:085CH         LINE#         28
  C:0863H         LINE#         29
  C:0866H         LINE#         30
  C:086DH         LINE#         31
  C:0870H         LINE#         32
  C:0870H         LINE#         33
  C:0872H         LINE#         34
  -------         ENDPROC       KEY
  -------         ENDMOD        KEY

  -------         MODULE        LCD1602
  C:0000H         SYMBOL        _ICE_DUMMY_
  D:0080H         PUBLIC        P0
  D:00A0H         PUBLIC        P2
  C:0A94H         PUBLIC        _LCD1602_WriteData
  B:00A0H.7       PUBLIC        LCD1602_EN
  C:0BB1H         PUBLIC        LCD1602_Init
  C:0AD4H         PUBLIC        _LCD1602_ShowString
  C:0C24H         PUBLIC        _LCD1602_ShowChar
  C:0B53H         PUBLIC        _LCD1602_WriteCmd
  B:00A0H.6       PUBLIC        LCD1602_RS
  B:00A0H.5       PUBLIC        LCD1602_WR
  C:0AFAH         PUBLIC        _LCD1602_CursorSet
  C:07A9H         PUBLIC        _LCD1602_ShowSignedNum
  C:0749H         PUBLIC        _Pow
  C:0984H         PUBLIC        _LCD1602_ShowHex
  C:0A57H         PUBLIC        _LCD1602_ShowNum
  -------         PROC          L?0046
  -------         ENDPROC       L?0046
  -------         PROC          _POW
BL51 BANKED LINKER/LOCATER V6.22.4.0                                                  07/28/2026  22:18:38  PAGE 10


  D:001CH         SYMBOL        X
  D:0082H         SYMBOL        Y
  -------         DO            
  D:001EH         SYMBOL        i
  D:001FH         SYMBOL        result
  -------         ENDDO         
  C:0749H         LINE#         8
  C:0751H         LINE#         9
  C:0751H         LINE#         11
  C:075BH         LINE#         12
  C:0766H         LINE#         13
  C:0766H         LINE#         14
  C:0770H         LINE#         15
  C:0770H         LINE#         16
  C:078DH         LINE#         17
  C:0791H         LINE#         18
  C:0791H         LINE#         19
  C:0797H         LINE#         20
  C:0797H         LINE#         21
  C:07A0H         LINE#         22
  C:07A0H         LINE#         23
  C:07A8H         LINE#         24
  -------         ENDPROC       _POW
  -------         PROC          _LCD1602_WRITECMD
  D:0007H         SYMBOL        Cmd
  C:0B53H         LINE#         25
  C:0B53H         LINE#         26
  C:0B53H         LINE#         27
  C:0B55H         LINE#         28
  C:0B57H         LINE#         29
  C:0B59H         LINE#         30
  C:0B5BH         LINE#         31
  C:0B62H         LINE#         32
  C:0B64H         LINE#         33
  -------         ENDPROC       _LCD1602_WRITECMD
  -------         PROC          L?0045
  -------         ENDPROC       L?0045
  -------         PROC          _LCD1602_WRITEDATA
  D:0007H         SYMBOL        Data
  C:0A94H         LINE#         37
  C:0A94H         LINE#         38
  C:0A94H         LINE#         39
  C:0A96H         LINE#         40
  C:0A98H         LINE#         41
  C:0A9AH         LINE#         42
  C:0A9CH         LINE#         43
  C:0AA3H         LINE#         44
  C:0AA5H         LINE#         45
  -------         ENDPROC       _LCD1602_WRITEDATA
  -------         PROC          LCD1602_INIT
  C:0BB1H         LINE#         47
  C:0BB1H         LINE#         48
  C:0BB1H         LINE#         49
  C:0BB6H         LINE#         50
  C:0BBBH         LINE#         51
  C:0BC0H         LINE#         52
  -------         ENDPROC       LCD1602_INIT
BL51 BANKED LINKER/LOCATER V6.22.4.0                                                  07/28/2026  22:18:38  PAGE 11


  -------         PROC          _LCD1602_CURSORSET
  D:001CH         SYMBOL        Line
  D:001DH         SYMBOL        Col
  C:0AFAH         LINE#         55
  C:0AFEH         LINE#         56
  C:0AFEH         LINE#         57
  C:0B03H         LINE#         58
  C:0B03H         LINE#         59
  C:0B06H         LINE#         60
  C:0B08H         LINE#         61
  C:0B0DH         LINE#         62
  C:0B0DH         LINE#         63
  C:0B17H         LINE#         64
  C:0B17H         LINE#         65
  -------         ENDPROC       _LCD1602_CURSORSET
  -------         PROC          _LCD1602_SHOWCHAR
  D:0007H         SYMBOL        Line
  D:0005H         SYMBOL        Col
  D:0016H         SYMBOL        Char
  C:0C24H         LINE#         67
  C:0C26H         LINE#         68
  C:0C26H         LINE#         69
  C:0C29H         LINE#         70
  -------         ENDPROC       _LCD1602_SHOWCHAR
  -------         PROC          _LCD1602_SHOWSTRING
  D:0007H         SYMBOL        Line
  D:0005H         SYMBOL        Col
  D:0016H         SYMBOL        String
  -------         DO            
  D:0019H         SYMBOL        i
  -------         ENDDO         
  C:0AD4H         LINE#         72
  C:0ADAH         LINE#         73
  C:0ADAH         LINE#         75
  C:0ADDH         LINE#         76
  C:0AF2H         LINE#         77
  C:0AF2H         LINE#         78
  C:0AF5H         LINE#         79
  C:0AF9H         LINE#         80
  -------         ENDPROC       _LCD1602_SHOWSTRING
  -------         PROC          _LCD1602_SHOWNUM
  D:0007H         SYMBOL        Line
  D:0005H         SYMBOL        Col
  D:0018H         SYMBOL        Num
  D:001AH         SYMBOL        Lenth
  -------         DO            
  D:001BH         SYMBOL        i
  -------         ENDDO         
  C:0A57H         LINE#         81
  C:0A5BH         LINE#         82
  C:0A5BH         LINE#         84
  C:0A5EH         LINE#         85
  C:0A68H         LINE#         86
  C:0A68H         LINE#         87
  C:0A7FH         LINE#         88
  C:0A83H         LINE#         90
  -------         ENDPROC       _LCD1602_SHOWNUM
BL51 BANKED LINKER/LOCATER V6.22.4.0                                                  07/28/2026  22:18:38  PAGE 12


  -------         PROC          _LCD1602_SHOWSIGNEDNUM
  D:0007H         SYMBOL        Line
  D:0005H         SYMBOL        Col
  D:0025H         SYMBOL        Num
  D:0027H         SYMBOL        Lenth
  -------         DO            
  D:0028H         SYMBOL        Num1
  D:002AH         SYMBOL        i
  -------         ENDDO         
  C:07A9H         LINE#         91
  C:07ADH         LINE#         92
  C:07ADH         LINE#         95
  C:07B0H         LINE#         96
  C:07BDH         LINE#         97
  C:07BDH         LINE#         98
  C:07C2H         LINE#         99
  C:07C2H         LINE#         100
  C:07C4H         LINE#         101
  C:07CDH         LINE#         102
  C:07CDH         LINE#         103
  C:07D2H         LINE#         104
  C:07DDH         LINE#         105
  C:07DFH         LINE#         106
  C:07E5H         LINE#         107
  C:07E5H         LINE#         108
  C:07EBH         LINE#         109
  C:07EBH         LINE#         110
  C:07F5H         LINE#         111
  C:07F5H         LINE#         112
  C:080FH         LINE#         113
  C:0813H         LINE#         115
  -------         ENDPROC       _LCD1602_SHOWSIGNEDNUM
  -------         PROC          _LCD1602_SHOWHEX
  D:0007H         SYMBOL        Line
  D:0005H         SYMBOL        Col
  D:0032H         SYMBOL        Num
  -------         DO            
  D:0034H         SYMBOL        Temp
  D:0035H         SYMBOL        i
  -------         ENDDO         
  C:0984H         LINE#         116
  C:0988H         LINE#         117
  C:0988H         LINE#         121
  C:0991H         LINE#         122
  C:0999H         LINE#         123
  C:0999H         LINE#         124
  C:09B4H         LINE#         125
  C:09B9H         LINE#         126
  C:09B9H         LINE#         127
  C:09BDH         LINE#         128
  C:09BFH         LINE#         129
  C:09C6H         LINE#         130
  C:09C6H         LINE#         131
  C:09CEH         LINE#         132
  C:09CEH         LINE#         133
  C:09D2H         LINE#         135
  -------         ENDPROC       _LCD1602_SHOWHEX
BL51 BANKED LINKER/LOCATER V6.22.4.0                                                  07/28/2026  22:18:38  PAGE 13


  -------         ENDMOD        LCD1602

  -------         MODULE        DS1302
  C:0000H         SYMBOL        _ICE_DUMMY_
  C:08CEH         PUBLIC        DS1302_SetTime
  D:00B0H         PUBLIC        P3
  C:0929H         PUBLIC        DS1302_SetRealTime
  D:0008H         PUBLIC        Time
  D:000FH         PUBLIC        RealTime
  C:0BECH         PUBLIC        _DS1302_Read
  B:00B0H.5       PUBLIC        DS1302_CE
  C:0B83H         PUBLIC        _DS1302_WriteData
  C:0BCCH         PUBLIC        _DS1302_Write
  C:0B18H         PUBLIC        DS1302_ReadByte
  C:0C2EH         PUBLIC        DS1302_Init
  B:00B0H.4       PUBLIC        DS1302_IO
  C:0BFFH         PUBLIC        _DecToBcd
  C:0C15H         PUBLIC        _BcdToDec
  C:0B6BH         PUBLIC        _DS1302_WriteCmd
  B:00B0H.6       PUBLIC        DS1302_SCLK
  C:0A16H         PUBLIC        DS1302_GetTime
  C:05F9H         PUBLIC        DS1302_TimeShow
  -------         PROC          DS1302_INIT
  C:0C2EH         LINE#         19
  C:0C2EH         LINE#         20
  C:0C2EH         LINE#         21
  C:0C30H         LINE#         22
  C:0C32H         LINE#         23
  -------         ENDPROC       DS1302_INIT
  -------         PROC          _DS1302_WRITECMD
  D:0007H         SYMBOL        Cmd
  -------         DO            
  D:0006H         SYMBOL        i
  -------         ENDDO         
  C:0B6BH         LINE#         25
  C:0B6BH         LINE#         26
  C:0B6BH         LINE#         28
  C:0B6DH         LINE#         29
  C:0B6DH         LINE#         30
  C:0B7AH         LINE#         31
  C:0B7CH         LINE#         32
  C:0B7EH         LINE#         33
  C:0B82H         LINE#         34
  -------         ENDPROC       _DS1302_WRITECMD
  -------         PROC          _DS1302_WRITEDATA
  D:0007H         SYMBOL        Data
  -------         DO            
  D:0006H         SYMBOL        i
  -------         ENDDO         
  C:0B83H         LINE#         35
  C:0B83H         LINE#         36
  C:0B83H         LINE#         38
  C:0B85H         LINE#         39
  C:0B85H         LINE#         40
  C:0B92H         LINE#         41
  C:0B94H         LINE#         42
  C:0B96H         LINE#         43
BL51 BANKED LINKER/LOCATER V6.22.4.0                                                  07/28/2026  22:18:38  PAGE 14


  C:0B9AH         LINE#         44
  -------         ENDPROC       _DS1302_WRITEDATA
  -------         PROC          L?0030
  -------         ENDPROC       L?0030
  -------         PROC          _DS1302_WRITE
  D:0007H         SYMBOL        Cmd
  D:0005H         SYMBOL        Data
  C:0BCCH         LINE#         45
  C:0BCCH         LINE#         46
  C:0BCCH         LINE#         47
  C:0BCEH         LINE#         48
  C:0BD1H         LINE#         49
  C:0BD6H         LINE#         50
  C:0BD8H         LINE#         51
  -------         ENDPROC       _DS1302_WRITE
  -------         PROC          DS1302_READBYTE
  -------         DO            
  D:0006H         SYMBOL        i
  D:0007H         SYMBOL        Data
  -------         ENDDO         
  C:0B18H         LINE#         52
  C:0B18H         LINE#         53
  C:0B18H         LINE#         54
  C:0B1AH         LINE#         55
  C:0B1CH         LINE#         56
  C:0B1DH         LINE#         57
  C:0B1DH         LINE#         58
  C:0B1FH         LINE#         60
  C:0B22H         LINE#         61
  C:0B22H         LINE#         62
  C:0B2FH         LINE#         63
  C:0B2FH         LINE#         64
  C:0B31H         LINE#         65
  C:0B35H         LINE#         66
  C:0B35H         LINE#         67
  -------         ENDPROC       DS1302_READBYTE
  -------         PROC          _DS1302_READ
  D:0007H         SYMBOL        Cmd
  -------         DO            
  D:0007H         SYMBOL        Data
  -------         ENDDO         
  C:0BECH         LINE#         68
  C:0BECH         LINE#         69
  C:0BECH         LINE#         71
  C:0BEEH         LINE#         72
  C:0BF5H         LINE#         73
  C:0BF7H         LINE#         74
  C:0BFAH         LINE#         75
  C:0BFCH         LINE#         76
  C:0BFEH         LINE#         77
  C:0BFEH         LINE#         78
  -------         ENDPROC       _DS1302_READ
  -------         PROC          L?0029
  -------         ENDPROC       L?0029
  -------         PROC          _BCDTODEC
  D:0007H         SYMBOL        Bcd
  -------         DO            
BL51 BANKED LINKER/LOCATER V6.22.4.0                                                  07/28/2026  22:18:38  PAGE 15


  D:0007H         SYMBOL        result
  -------         ENDDO         
  C:0C15H         LINE#         79
  C:0C15H         LINE#         80
  C:0C15H         LINE#         82
  C:0C23H         LINE#         83
  C:0C23H         LINE#         84
  -------         ENDPROC       _BCDTODEC
  -------         PROC          _DECTOBCD
  D:0007H         SYMBOL        Dec
  -------         DO            
  D:0007H         SYMBOL        result
  -------         ENDDO         
  C:0BFFH         LINE#         85
  C:0BFFH         LINE#         86
  C:0BFFH         LINE#         88
  C:0C11H         LINE#         89
  C:0C11H         LINE#         90
  -------         ENDPROC       _DECTOBCD
  -------         PROC          DS1302_SETTIME
  C:08CEH         LINE#         91
  C:08CEH         LINE#         92
  C:08CEH         LINE#         93
  C:08D5H         LINE#         95
  C:08DAH         LINE#         96
  C:08E6H         LINE#         97
  C:08F2H         LINE#         98
  C:08FEH         LINE#         99
  C:090AH         LINE#         100
  C:0916H         LINE#         101
  C:0922H         LINE#         103
  -------         ENDPROC       DS1302_SETTIME
  -------         PROC          DS1302_GETTIME
  C:0A16H         LINE#         105
  C:0A16H         LINE#         106
  C:0A16H         LINE#         107
  C:0A1DH         LINE#         108
  C:0A24H         LINE#         109
  C:0A2EH         LINE#         110
  C:0A38H         LINE#         111
  C:0A42H         LINE#         112
  C:0A4CH         LINE#         113
  C:0A56H         LINE#         114
  -------         ENDPROC       DS1302_GETTIME
  -------         PROC          DS1302_TIMESHOW
  C:05F9H         LINE#         115
  C:05F9H         LINE#         116
  C:05F9H         LINE#         117
  C:0607H         LINE#         118
  C:0610H         LINE#         119
  C:0619H         LINE#         120
  C:0626H         LINE#         121
  C:062FH         LINE#         122
  C:0638H         LINE#         124
  C:063BH         LINE#         125
  C:064CH         LINE#         126
  C:065DH         LINE#         127
BL51 BANKED LINKER/LOCATER V6.22.4.0                                                  07/28/2026  22:18:38  PAGE 16


  C:066EH         LINE#         128
  C:067FH         LINE#         129
  C:0690H         LINE#         130
  C:06A1H         LINE#         131
  -------         ENDPROC       DS1302_TIMESHOW
  -------         PROC          DS1302_SETREALTIME
  C:0929H         LINE#         134
  C:0929H         LINE#         135
  C:0929H         LINE#         136
  C:0930H         LINE#         138
  C:0935H         LINE#         139
  C:0941H         LINE#         140
  C:094DH         LINE#         141
  C:0959H         LINE#         142
  C:0965H         LINE#         143
  C:0971H         LINE#         144
  C:097DH         LINE#         146
  -------         ENDPROC       DS1302_SETREALTIME
  -------         ENDMOD        DS1302

  -------         MODULE        TIMER0
  C:0000H         SYMBOL        _ICE_DUMMY_
  B:00A8H.7       PUBLIC        EA
  C:0B36H         PUBLIC        Timer0_Init
  D:0089H         PUBLIC        TMOD
  B:00A8H.1       PUBLIC        ET0
  B:0088H.5       PUBLIC        TF0
  D:008CH         PUBLIC        TH0
  D:008AH         PUBLIC        TL0
  B:00B8H.1       PUBLIC        PT0
  B:0088H.4       PUBLIC        TR0
  D:00B7H         PUBLIC        IPH
  -------         PROC          TIMER0_INIT
  C:0B36H         LINE#         3
  C:0B36H         LINE#         4
  C:0B36H         LINE#         5
  C:0B39H         LINE#         6
  C:0B3CH         LINE#         7
  C:0B3EH         LINE#         8
  C:0B40H         LINE#         9
  C:0B43H         LINE#         10
  C:0B46H         LINE#         11
  C:0B48H         LINE#         12
  C:0B4AH         LINE#         13
  C:0B4DH         LINE#         14
  C:0B50H         LINE#         15
  C:0B52H         LINE#         16
  -------         ENDPROC       TIMER0_INIT
  -------         ENDMOD        TIMER0

  -------         MODULE        BUZZER
  C:0000H         SYMBOL        _ICE_DUMMY_
  D:0090H         PUBLIC        P1
  D:00A0H         PUBLIC        P2
  D:00B0H         PUBLIC        P3
  B:00A0H.5       PUBLIC        Buzzer
  D:00A8H         PUBLIC        IE
BL51 BANKED LINKER/LOCATER V6.22.4.0                                                  07/28/2026  22:18:38  PAGE 17


  D:00B8H         PUBLIC        IP
  D:0098H         PUBLIC        SCON
  D:0088H         PUBLIC        TCON
  D:00C8H         PUBLIC        T2CON
  C:0AACH         PUBLIC        _Buzzer_Time
  D:00D0H         PUBLIC        PSW
  -------         PROC          _BUZZER_TIME
  D:0016H         SYMBOL        ms
  -------         DO            
  D:0018H         SYMBOL        i
  -------         ENDDO         
  C:0AACH         LINE#         5
  C:0AB0H         LINE#         6
  C:0AB0H         LINE#         8
  C:0AC0H         LINE#         9
  C:0AC0H         LINE#         10
  C:0AC2H         LINE#         11
  C:0AC9H         LINE#         12
  C:0AD3H         LINE#         13
  -------         ENDPROC       _BUZZER_TIME
  -------         ENDMOD        BUZZER

  -------         MODULE        ?C?SCDIV
  C:048DH         PUBLIC        ?C?SCDIV
  -------         ENDMOD        ?C?SCDIV

  -------         MODULE        ?C?CLDOPTR
  C:04AFH         PUBLIC        ?C?CLDOPTR
  -------         ENDMOD        ?C?CLDOPTR

  -------         MODULE        ?C?LMUL
  C:04DCH         PUBLIC        ?C?LMUL
  -------         ENDMOD        ?C?LMUL

  -------         MODULE        ?C?ULDIV
  C:0567H         PUBLIC        ?C?ULDIV
  -------         ENDMOD        ?C?ULDIV

*** WARNING L16: UNCALLED SEGMENT, IGNORED FOR OVERLAY PROCESS
    SEGMENT: ?PR?_LCD1602_SHOWSIGNEDNUM?LCD1602

*** WARNING L16: UNCALLED SEGMENT, IGNORED FOR OVERLAY PROCESS
    SEGMENT: ?PR?_LCD1602_SHOWHEX?LCD1602

Program Size: data=55.0 xdata=0 code=3127
LINK/LOCATE RUN COMPLETE.  2 WARNING(S),  0 ERROR(S)
