C51 COMPILER V9.60.7.0   MAIN                                                              07/28/2026 22:18:38 PAGE 1   


C51 COMPILER V9.60.7.0, COMPILATION OF MODULE MAIN
OBJECT MODULE PLACED IN .\Objects\main.obj
COMPILER INVOKED BY: D:\Keil\C51\BIN\C51.EXE main.c OPTIMIZE(8,SPEED) BROWSE DEBUG OBJECTEXTEND PRINT(.\Listings\main.ls
                    -t) TABS(2) OBJECT(.\Objects\main.obj)

line level    source

   1          #include <REGX52.H>
   2          #include "Delay.h"
   3          #include "LCD1602.h"
   4          #include "Key.h"
   5          #include "DS1302.h"
   6          #include "Timer0.h"
   7          #include "Buzzer.h"
   8          
   9          #define Second  0x80
  10          #define Minute  0x82
  11          #define Hour    0x84
  12          #define Date    0x86
  13          #define Month   0x88
  14          #define Day     0x8A
  15          #define Year    0x8C
  16          #define WP      0x8E
  17          unsigned char KeyNum,MODE = 0,TimeSetSelect = 0,TimeSetFlashFlag,BuzzerFlag = 0;
  18          void DS1302_TimeSet()
  19          {
  20   1        if (KeyNum == 2)
  21   1        {
  22   2          TimeSetSelect++;
  23   2          TimeSetSelect %= 7;
  24   2        }
  25   1        if (KeyNum == 4)
  26   1        {
  27   2          RealTime[TimeSetSelect]++;
  28   2          if (TimeSetSelect == 0)
  29   2          {
  30   3            if (RealTime[TimeSetSelect] > 99)
  31   3            RealTime[TimeSetSelect] = 00;
  32   3          }
  33   2          else if (TimeSetSelect == 1)
  34   2          {
  35   3            if (RealTime[TimeSetSelect] > 12)
  36   3            RealTime[TimeSetSelect] = 01;
  37   3            if (RealTime[1] == 4 || RealTime[1] == 6 || RealTime[1] == 9 || RealTime[1] == 11)
  38   3            {
  39   4              if (RealTime[2] > 30)
  40   4              RealTime[2] = 01;
  41   4      
  42   4            }
  43   3            else if (RealTime[1] == 2)
  44   3            {
  45   4              if (RealTime[0] % 4 == 0)
  46   4              {
  47   5                if (RealTime[2] > 29)
  48   5                RealTime[2] = 01;
  49   5      
  50   5              }
  51   4              else 
  52   4              {
  53   5                if (RealTime[2] > 28)
  54   5                RealTime[2] = 01;
C51 COMPILER V9.60.7.0   MAIN                                                              07/28/2026 22:18:38 PAGE 2   

  55   5      
  56   5              }
  57   4            }
  58   3          } 
  59   2          else if (TimeSetSelect == 2)
  60   2          {
  61   3            if (RealTime[1] == 1 || RealTime[1] == 3 || RealTime[1] == 5 || RealTime[1] == 7 || RealTime[1] == 8 ||
             - RealTime[1] == 10 || RealTime[1] == 12)
  62   3            {
  63   4              if (RealTime[TimeSetSelect] > 31)
  64   4              RealTime[TimeSetSelect] = 01;
  65   4            }
  66   3            else if (RealTime[1] == 4 || RealTime[1] == 6 || RealTime[1] == 9 || RealTime[1] == 11)
  67   3            {
  68   4              if (RealTime[TimeSetSelect] > 30)
  69   4              RealTime[TimeSetSelect] = 01;
  70   4            }
  71   3            else if (RealTime[1] == 2)
  72   3            {
  73   4              if (RealTime[0] % 4 == 0)
  74   4              {
  75   5                if (RealTime[TimeSetSelect] > 29)
  76   5                RealTime[TimeSetSelect] = 01;
  77   5              }
  78   4              else 
  79   4              {
  80   5                if (RealTime[TimeSetSelect] > 28)
  81   5                RealTime[TimeSetSelect] = 01;
  82   5              }
  83   4            }
  84   3          }
  85   2          else if (TimeSetSelect == 3)
  86   2          {
  87   3            if (RealTime[TimeSetSelect] > 7)
  88   3            RealTime[TimeSetSelect] = 1;
  89   3          }
  90   2          else if (TimeSetSelect == 4)
  91   2          {
  92   3            if (RealTime[TimeSetSelect] > 23)
  93   3            RealTime[TimeSetSelect] = 00;
  94   3          }
  95   2          else if (TimeSetSelect == 5)
  96   2          {
  97   3            if (RealTime[TimeSetSelect] > 59)
  98   3            RealTime[TimeSetSelect] = 00;
  99   3          }
 100   2          else if (TimeSetSelect == 6)
 101   2          {
 102   3            if (RealTime[TimeSetSelect] > 59)
 103   3            RealTime[TimeSetSelect] = 00;
 104   3          }
 105   2          
 106   2        }
 107   1        if (KeyNum == 3)
 108   1        {
 109   2          RealTime[TimeSetSelect]--;
 110   2          if (TimeSetSelect == 0)
 111   2          {
 112   3            if (RealTime[TimeSetSelect] < 0)
 113   3            RealTime[TimeSetSelect] = 99;
 114   3          }
 115   2          else if (TimeSetSelect == 1)
C51 COMPILER V9.60.7.0   MAIN                                                              07/28/2026 22:18:38 PAGE 3   

 116   2          {
 117   3            if (RealTime[TimeSetSelect] < 1)
 118   3            RealTime[TimeSetSelect] = 12;
 119   3      
 120   3            if (RealTime[1] == 4 || RealTime[1] == 6 || RealTime[1] == 9 || RealTime[1] == 11)
 121   3            {
 122   4              if (RealTime[2] > 30)
 123   4              RealTime[2] = 01;
 124   4      
 125   4            }
 126   3            else if (RealTime[1] == 2)
 127   3            {
 128   4              if (RealTime[0] % 4 == 0)
 129   4              {
 130   5                if (RealTime[2] > 29)
 131   5                RealTime[2] = 01;
 132   5      
 133   5              }
 134   4              else 
 135   4              {
 136   5                if (RealTime[2] > 28)
 137   5                RealTime[2] = 01;
 138   5      
 139   5              }
 140   4            }
 141   3      
 142   3          } 
 143   2          else if (TimeSetSelect == 2)
 144   2          {
 145   3            if (RealTime[1] == 1 || RealTime[1] == 3 || RealTime[1] == 5 || RealTime[1] == 7 || RealTime[1] == 8 ||
             - RealTime[1] == 10 || RealTime[1] == 12)
 146   3            {
 147   4              if (RealTime[TimeSetSelect] < 1)
 148   4              RealTime[TimeSetSelect] = 31;
 149   4      
 150   4            }
 151   3            else if (RealTime[1] == 4 || RealTime[1] == 6 || RealTime[1] == 9 || RealTime[1] == 11)
 152   3            {
 153   4              if (RealTime[TimeSetSelect] < 1)
 154   4              RealTime[TimeSetSelect] = 30;
 155   4      
 156   4            }
 157   3            else if (RealTime[1] == 2)
 158   3            {
 159   4              if (RealTime[0] % 4 == 0)
 160   4              {
 161   5                if (RealTime[TimeSetSelect] < 1)
 162   5                RealTime[TimeSetSelect] = 29;
 163   5      
 164   5              }
 165   4              else 
 166   4              {
 167   5                if (RealTime[TimeSetSelect] < 1)
 168   5                RealTime[TimeSetSelect] = 28;
 169   5      
 170   5              }
 171   4            }
 172   3          }
 173   2          
 174   2          else if (TimeSetSelect == 3)
 175   2          {
 176   3            if (RealTime[TimeSetSelect] < 1)
C51 COMPILER V9.60.7.0   MAIN                                                              07/28/2026 22:18:38 PAGE 4   

 177   3            RealTime[TimeSetSelect] = 7;
 178   3          }
 179   2          else if (TimeSetSelect == 4)
 180   2          {
 181   3            if (RealTime[TimeSetSelect] < 00)
 182   3            RealTime[TimeSetSelect] = 23;
 183   3          }
 184   2          else if (TimeSetSelect == 5)
 185   2          {
 186   3            if (RealTime[TimeSetSelect] < 00)
 187   3            RealTime[TimeSetSelect] = 59;
 188   3          }
 189   2          else if (TimeSetSelect == 6)
 190   2          {
 191   3            if (RealTime[TimeSetSelect] < 00)
 192   3            RealTime[TimeSetSelect] = 59;
 193   3          }
 194   2          
 195   2        }
 196   1      
 197   1        DS1302_SetRealTime();
 198   1        if (TimeSetSelect == 0 && TimeSetFlashFlag == 1){LCD1602_ShowString(1,3,"  ");}
 199   1        else {LCD1602_ShowNum(1,3,RealTime[0],2);}//年
 200   1        if (TimeSetSelect == 1 && TimeSetFlashFlag == 1){LCD1602_ShowString(1,6,"  ");}
 201   1        else {LCD1602_ShowNum(1,6,RealTime[1],2);}//月
 202   1        if (TimeSetSelect == 2 && TimeSetFlashFlag == 1){LCD1602_ShowString(1,9,"  ");}
 203   1        else {LCD1602_ShowNum(1,9,RealTime[2],2);}//日
 204   1        if (TimeSetSelect == 3 && TimeSetFlashFlag == 1){LCD1602_ShowChar(1,16,' ');}
 205   1        else {LCD1602_ShowNum(1,16,RealTime[3],1);}//星期
 206   1        if (TimeSetSelect == 4 && TimeSetFlashFlag == 1){LCD1602_ShowString(2,1,"  ");}
 207   1        else {LCD1602_ShowNum(2,1,RealTime[4],2);}//时
 208   1        if (TimeSetSelect == 5 && TimeSetFlashFlag == 1){LCD1602_ShowString(2,4,"  ");}
 209   1        else {LCD1602_ShowNum(2,4,RealTime[5],2);}//分
 210   1        if (TimeSetSelect == 6 && TimeSetFlashFlag == 1){LCD1602_ShowString(2,7,"  ");}
 211   1        else {LCD1602_ShowNum(2,7,RealTime[6],2);}//秒
 212   1      
 213   1      }
 214          void main()
 215          {
 216   1        LCD1602_Init();//初始化LCD1602显示屏
 217   1        DS1302_Init();//初始化DS1302
 218   1        DS1302_SetTime();//写入时间
 219   1        Timer0_Init();
 220   1      
 221   1        while(1)
 222   1        {
 223   2          KeyNum = Key();
 224   2          if (KeyNum == 1)
 225   2          {
 226   3            if (MODE == 0)
 227   3            {
 228   4              MODE = 1;
 229   4              TimeSetSelect = 0;
 230   4            }
 231   3            else if (MODE == 1)
 232   3            {
 233   4              MODE = 0;
 234   4            }
 235   3          }
 236   2          switch (MODE)
 237   2          {
 238   3            case 0: DS1302_TimeShow();break;
C51 COMPILER V9.60.7.0   MAIN                                                              07/28/2026 22:18:38 PAGE 5   

 239   3            case 1: DS1302_TimeSet();break;
 240   3          }
 241   2          if (KeyNum == 3)
 242   2          {
 243   3            BuzzerFlag = !BuzzerFlag;
 244   3          } 
 245   2          if(BuzzerFlag==0)
 246   2            {
 247   3              if(KeyNum)
 248   3              {
 249   4                Buzzer_Time(50);
 250   4              }
 251   3            }
 252   2      
 253   2        }
 254   1      }
 255          
 256          void Timer0_FlashFlag() interrupt 1
 257          {
 258   1        static unsigned int Timer0Count;
 259   1        TL0 = 0x18;
 260   1        TH0 = 0xFC;
 261   1        Timer0Count++;
 262   1        if (Timer0Count >= 500)
 263   1        {
 264   2          Timer0Count = 0;
 265   2          if (MODE == 1)
 266   2          TimeSetFlashFlag = !TimeSetFlashFlag;
 267   2          else 
 268   2          TimeSetFlashFlag = 0;
 269   2        }
 270   1      
 271   1      }
 272          
 273          


MODULE INFORMATION:   STATIC OVERLAYABLE
   CODE SIZE        =   1309    ----
   CONSTANT SIZE    =      3    ----
   XDATA SIZE       =   ----    ----
   PDATA SIZE       =   ----    ----
   DATA SIZE        =      7    ----
   IDATA SIZE       =   ----    ----
   BIT SIZE         =   ----    ----
END OF MODULE INFORMATION.


C51 COMPILATION COMPLETE.  0 WARNING(S),  0 ERROR(S)
