C51 COMPILER V9.60.7.0   MAIN                                                              07/10/2026 00:50:14 PAGE 1   


C51 COMPILER V9.60.7.0, COMPILATION OF MODULE MAIN
OBJECT MODULE PLACED IN .\Objects\main.obj
COMPILER INVOKED BY: D:\Keil\C51\BIN\C51.EXE main.c OPTIMIZE(8,SPEED) BROWSE DEBUG OBJECTEXTEND PRINT(.\Listings\main.ls
                    -t) TABS(2) OBJECT(.\Objects\main.obj)

line level    source

   1          #include <REGX52.H>
   2          #include <INTRINS.H>
   3          void Delay(unsigned int xms)  //@11.0592MHz
   4          {
   5   1        unsigned char data i, j;
   6   1        while(xms--)
   7   1        {
   8   2          _nop_();
   9   2          i = 2;
  10   2          j = 199;
  11   2          do
  12   2          {
  13   3            while (--j);
  14   3          } while (--i);
  15   2        }
  16   1      }
  17          void Leds(unsigned char Location,unsigned char Num)
  18          {
  19   1        
  20   1        
  21   1        switch(Location)
  22   1        {
  23   2          case 1:P2_2 = 1;P2_3 = 1;P2_4 = 1;break; 
  24   2          case 2:P2_2 = 0;P2_3 = 1;P2_4 = 1;break; 
  25   2          case 3:P2_2 = 1;P2_3 = 0;P2_4 = 1;break; 
  26   2          case 4:P2_2 = 0;P2_3 = 0;P2_4 = 1;break; 
  27   2          case 5:P2_2 = 1;P2_3 = 1;P2_4 = 0;break; 
  28   2          case 6:P2_2 = 0;P2_3 = 1;P2_4 = 0;break; 
  29   2          case 7:P2_2 = 1;P2_3 = 0;P2_4 = 0;break; 
  30   2          case 8:P2_2 = 0;P2_3 = 0;P2_4 = 0;break; 
  31   2        }
  32   1        switch(Num)
  33   1        {
  34   2          case 1:P0 = 0x06;break;
  35   2          case 2:P0 = 0x5B;break;
  36   2          case 3:P0 = 0x4F;break;
  37   2          case 4:P0 = 0x66;break;
  38   2          case 5:P0 = 0x6D;break;
  39   2          case 6:P0 = 0x7D;break;
  40   2          case 7:P0 = 0x07;break;
  41   2          case 8:P0 = 0x7F;break;
  42   2          case 9:P0 = 0x6F;break;
  43   2        }
  44   1        Delay(1);
  45   1        P0 = 0x00;
  46   1      }
  47          
  48          
  49          void main()
  50          {
  51   1        unsigned char Location = 0,Num = 0;
  52   1        while(1)
  53   1        {
  54   2          Location++;
C51 COMPILER V9.60.7.0   MAIN                                                              07/10/2026 00:50:14 PAGE 2   

  55   2          Num++;
  56   2          if(Location > 8)
  57   2            Location = 1;
  58   2          if(Num > 8)
  59   2            Num = 1;
  60   2          Leds(Location,Num);
  61   2          
  62   2        }
  63   1      
  64   1      }
  65          


MODULE INFORMATION:   STATIC OVERLAYABLE
   CODE SIZE        =    245    ----
   CONSTANT SIZE    =   ----    ----
   XDATA SIZE       =   ----    ----
   PDATA SIZE       =   ----    ----
   DATA SIZE        =   ----    ----
   IDATA SIZE       =   ----    ----
   BIT SIZE         =   ----    ----
END OF MODULE INFORMATION.


C51 COMPILATION COMPLETE.  0 WARNING(S),  0 ERROR(S)
