C51 COMPILER V9.60.7.0   MAIN                                                              08/13/2026 16:29:05 PAGE 1   


C51 COMPILER V9.60.7.0, COMPILATION OF MODULE MAIN
OBJECT MODULE PLACED IN .\Objects\main.obj
COMPILER INVOKED BY: D:\Keil\C51\BIN\C51.EXE main.c OPTIMIZE(8,SPEED) BROWSE DEBUG OBJECTEXTEND PRINT(.\Listings\main.ls
                    -t) TABS(2) OBJECT(.\Objects\main.obj)

line level    source

   1          #include <REGX52.H>
   2          #include "Timer0.h"
   3          #include "Key.h"
   4          #include "Leds.h"
   5          
   6          sbit M = P1^0;
   7          sbit LED = P2^0;
   8          unsigned int Count,Compare;
   9          void main()
  10          {
  11   1          unsigned char K;
  12   1          unsigned char SPEED = 0;
  13   1          Timer0_Init();
  14   1          Compare = 0;
  15   1          while(1)
  16   1          {
  17   2              K = Key();
  18   2              if(K == 1)
  19   2              {
  20   3                  SPEED++;
  21   3                  if(SPEED > 4)
  22   3                  {
  23   4                      SPEED = 0;
  24   4                  }
  25   3      
  26   3              }
  27   2              if(K == 2)
  28   2              {
  29   3                  SPEED = 0;
  30   3              }
  31   2              if(SPEED == 0)
  32   2              {
  33   3                  Compare = 0;
  34   3              }
  35   2              else if (SPEED == 1)
  36   2              {
  37   3                  Compare = 35;
  38   3              }
  39   2              else if (SPEED == 2)
  40   2              {
  41   3                  Compare = 50;
  42   3              }
  43   2              else if (SPEED == 3)
  44   2              {
  45   3                  Compare = 75;
  46   3              }
  47   2              else if (SPEED == 4)
  48   2              {
  49   3                  Compare = 100;
  50   3              }
  51   2              Leds(1,SPEED);
  52   2          }
  53   1      }
  54          
C51 COMPILER V9.60.7.0   MAIN                                                              08/13/2026 16:29:05 PAGE 2   

  55          
  56          
  57          void Timer0() interrupt 1
  58          {
  59   1          TL0 = 0xA4;
  60   1        TH0 = 0xFF;
  61   1          Count++;
  62   1          if(Count >= 100)
  63   1          {
  64   2              Count = 0;
  65   2          }
  66   1          if(Count < Compare)
  67   1          {
  68   2              M = 1;
  69   2          }
  70   1          else if (Count >= Compare)
  71   1          {
  72   2              M = 0;
  73   2          }
  74   1      
  75   1      }


MODULE INFORMATION:   STATIC OVERLAYABLE
   CODE SIZE        =    170    ----
   CONSTANT SIZE    =   ----    ----
   XDATA SIZE       =   ----    ----
   PDATA SIZE       =   ----    ----
   DATA SIZE        =      4       1
   IDATA SIZE       =   ----    ----
   BIT SIZE         =   ----    ----
END OF MODULE INFORMATION.


C51 COMPILATION COMPLETE.  0 WARNING(S),  0 ERROR(S)
