C51 COMPILER V9.60.7.0   UART                                                              07/14/2026 15:30:56 PAGE 1   


C51 COMPILER V9.60.7.0, COMPILATION OF MODULE UART
OBJECT MODULE PLACED IN .\Objects\UART.obj
COMPILER INVOKED BY: D:\Keil\C51\BIN\C51.EXE UART.c OPTIMIZE(8,SPEED) BROWSE DEBUG OBJECTEXTEND PRINT(.\Listings\UART.ls
                    -t) TABS(2) OBJECT(.\Objects\UART.obj)

line level    source

   1          #include <REGX52.H>
   2          
   3          void UART_Init()
   4          {
   5   1        SCON = 0x50;//配置串口模式
   6   1        PCON &= 0x7F;
   7   1        TMOD = 0x21;//配置计时器
   8   1        TH1 = 0xFA;   
   9   1        TL1 = 0xFA;
  10   1        TH0 = 0xFC;
  11   1        TL0 = 0x66;
  12   1        TF1 = 0;
  13   1        TF0 = 0;
  14   1        ET0 = 1;
  15   1        ET1 = 0;
  16   1        EA = 1;
  17   1        ES = 1;
  18   1        PS = 1;
  19   1        PT0 = 0;
  20   1        IPH &= 0xE7;
  21   1        IPH |= 0x18;
  22   1        TR1 = 1;
  23   1        TR0 = 1;
  24   1      }
  25          
  26          
  27          
  28          void UART_SendByte(unsigned char Byte)
  29          {
  30   1        SBUF = Byte;
  31   1        while(TI == 0);
  32   1        TI = 0;
  33   1      }


MODULE INFORMATION:   STATIC OVERLAYABLE
   CODE SIZE        =     56    ----
   CONSTANT SIZE    =   ----    ----
   XDATA SIZE       =   ----    ----
   PDATA SIZE       =   ----    ----
   DATA SIZE        =   ----    ----
   IDATA SIZE       =   ----    ----
   BIT SIZE         =   ----    ----
END OF MODULE INFORMATION.


C51 COMPILATION COMPLETE.  0 WARNING(S),  0 ERROR(S)
