C51 COMPILER V9.60.7.0   MAIN                                                              07/16/2026 16:27:27 PAGE 1   


C51 COMPILER V9.60.7.0, COMPILATION OF MODULE MAIN
OBJECT MODULE PLACED IN .\Objects\main.obj
COMPILER INVOKED BY: D:\Keil\C51\BIN\C51.EXE main.c OPTIMIZE(8,SPEED) BROWSE DEBUG OBJECTEXTEND PRINT(.\Listings\main.ls
                    -t) TABS(2) OBJECT(.\Objects\main.obj)

line level    source

   1          #include <REGX52.H>
   2          #include <INTRINS.H>
   3          #include <Timer0.h>
   4          #include <Delay.h>
   5          volatile unsigned char i = 1;
   6          unsigned char j = 0;
   7          sbit SER = P3^4;
   8          sbit RCK = P3^5;
   9          sbit SRCK = P3^6;
  10          void HC595(unsigned char Byte)
  11          {
  12   1        unsigned char i;
  13   1        for (i = 0; i < 8; i++)
  14   1        {
  15   2          SER = (Byte & (0x80 >> i)) !=0;
  16   2          SRCK = 0;
  17   2          SRCK = 1;
  18   2        }
  19   1        RCK = 0;
  20   1        RCK = 1;
  21   1      }
  22          
  23          void HC595_Show(unsigned char hang,unsigned char Data)
  24          {
  25   1        HC595(Data);
  26   1        P0 = ~(0x80 >> (hang - 1));
  27   1        Delay(1);
  28   1        P0 = 0xFF;
  29   1      }
  30          
  31          void main()
  32          {
  33   1        Timer0_Init();
  34   1        while(1)
  35   1        {
  36   2          switch(i)
  37   2          {
  38   3            case 1:HC595_Show(3,0x84);HC595_Show(4,0xFC);HC595_Show(5,0x84);break;
  39   3            case 2:HC595_Show(3,0xFC);HC595_Show(4,0x04);HC595_Show(5,0x04);break;
  40   3            case 3:HC595_Show(2,0x78);HC595_Show(3,0x84);HC595_Show(4,0x84);HC595_Show(5,0x84);HC595_Show(6,0x78);b
             -reak;
  41   3            case 4:HC595_Show(2,0xE0);HC595_Show(3,0x18);HC595_Show(4,0x04);HC595_Show(5,0x18);HC595_Show(6,0xE0);b
             -reak;
  42   3            case 5:HC595_Show(2,0xFE);HC595_Show(3,0x92);HC595_Show(4,0x92);HC595_Show(5,0x92);HC595_Show(6,0x92);b
             -reak;
  43   3            case 6:HC595_Show(2,0xF8);HC595_Show(3,0x04);HC595_Show(4,0x04);HC595_Show(5,0x04);HC595_Show(6,0xF8);b
             -reak;
  44   3            case 7:HC595_Show(1,0x70);HC595_Show(2,0x88);HC595_Show(3,0x84);HC595_Show(4,0x42);HC595_Show(5,0x42);H
             -C595_Show(6,0x84);HC595_Show(7,0x88);HC595_Show(8,0x70);break;
  45   3          }
  46   2        }
  47   1      }
  48          
  49          
C51 COMPILER V9.60.7.0   MAIN                                                              07/16/2026 16:27:27 PAGE 2   

  50          void Timer0() interrupt 1
  51          {
  52   1        static unsigned int Num = 500;
  53   1        static unsigned int Counts = 0;
  54   1        TL0 = 0x18;
  55   1        TH0 = 0xFC;
  56   1        Counts++;
  57   1        if(Counts >= Num )
  58   1        {
  59   2          Counts = 0;
  60   2          i++;
  61   2          if (i < 7)
  62   2            Num = 500;
  63   2          else if (i == 7)
  64   2            Num = 2000;
  65   2          else if (i > 7)
  66   2          { 
  67   3            i = 1;
  68   3            Num = 500;
  69   3          }
  70   2        }
  71   1      }


MODULE INFORMATION:   STATIC OVERLAYABLE
   CODE SIZE        =    436    ----
   CONSTANT SIZE    =   ----    ----
   XDATA SIZE       =   ----    ----
   PDATA SIZE       =   ----    ----
   DATA SIZE        =      6    ----
   IDATA SIZE       =   ----    ----
   BIT SIZE         =   ----    ----
END OF MODULE INFORMATION.


C51 COMPILATION COMPLETE.  0 WARNING(S),  0 ERROR(S)
