C51 COMPILER V9.60.7.0   AT24C02                                                           08/05/2026 15:29:48 PAGE 1   


C51 COMPILER V9.60.7.0, COMPILATION OF MODULE AT24C02
OBJECT MODULE PLACED IN .\Objects\AT24C02.obj
COMPILER INVOKED BY: D:\Keil\C51\BIN\C51.EXE AT24C02.c OPTIMIZE(8,SPEED) BROWSE DEBUG OBJECTEXTEND PRINT(.\Listings\AT24
                    -C02.lst) TABS(2) OBJECT(.\Objects\AT24C02.obj)

line level    source

   1          #include <REGX52.H>
   2          #include "I2C.h"
   3          
   4          #define AT24C02_Address    0xA0
   5          
   6          void AT24C02_WriteByte(unsigned char WordAddress,unsigned char Data)
   7          {
   8   1          I2C_Start();
   9   1          I2C_SendByte(AT24C02_Address);
  10   1          I2C_ReciveAck();
  11   1          I2C_SendByte(WordAddress);
  12   1          I2C_ReciveAck();
  13   1          I2C_SendByte(Data);
  14   1          I2C_ReciveAck();
  15   1          I2C_Stop();
  16   1      }
  17          unsigned char AT24C02_ReciveByte(unsigned char WordAddress)
  18          {
  19   1          unsigned char Data;
  20   1          I2C_Start();
  21   1          I2C_SendByte(AT24C02_Address);
  22   1          I2C_ReciveAck();
  23   1          I2C_SendByte(WordAddress);
  24   1          I2C_ReciveAck();
  25   1          I2C_Start();
  26   1          I2C_SendByte(AT24C02_Address | 0x01);
  27   1          I2C_ReciveAck();
  28   1          Data = I2C_ReadByte();
  29   1          I2C_SendAck(1);
  30   1          I2C_Stop();
  31   1          return Data;
  32   1      }


MODULE INFORMATION:   STATIC OVERLAYABLE
   CODE SIZE        =     82    ----
   CONSTANT SIZE    =   ----    ----
   XDATA SIZE       =   ----    ----
   PDATA SIZE       =   ----    ----
   DATA SIZE        =   ----       4
   IDATA SIZE       =   ----    ----
   BIT SIZE         =   ----    ----
END OF MODULE INFORMATION.


C51 COMPILATION COMPLETE.  0 WARNING(S),  0 ERROR(S)
