C51 COMPILER V9.60.7.0   MAIN                                                              08/05/2026 15:33:27 PAGE 1   


C51 COMPILER V9.60.7.0, COMPILATION OF MODULE MAIN
OBJECT MODULE PLACED IN .\Objects\main.obj
COMPILER INVOKED BY: D:\Keil\C51\BIN\C51.EXE main.c OPTIMIZE(8,SPEED) BROWSE DEBUG OBJECTEXTEND PRINT(.\Listings\main.ls
                    -t) TABS(2) OBJECT(.\Objects\main.obj)

line level    source

   1          #include <REGX52.H>
   2          #include "LCD1602.h"
   3          #include "Delay.h"
   4          #include "AT24C02.h"
   5          #include "I2C.h"
   6          #include "Timer0.h"
   7          #include "Key.h"
   8          #include "Leds.h"
   9          unsigned char Temp;
  10          
  11          void main()
  12          {
  13   1        unsigned char a;
  14   1        Timer0_Init();  
  15   1        while(1)
  16   1        {
  17   2          unsigned char Temp;
  18   2          a = KEY();
  19   2          if (a){Temp = a;}
  20   2          Leds(1,Temp);
  21   2        }
  22   1      }
  23          
  24          void Timer() interrupt 1
  25          {
  26   1      
  27   1        static unsigned int Counts = 0;
  28   1        TL0 = 0x18;
  29   1        TH0 = 0xFC;
  30   1        Counts++;
  31   1        if(Counts >= 20)
  32   1        {
  33   2          Counts = 0;
  34   2          Key_Loop();
  35   2        }
  36   1      
  37   1      }
  38          
  39          
  40          


MODULE INFORMATION:   STATIC OVERLAYABLE
   CODE SIZE        =    108    ----
   CONSTANT SIZE    =   ----    ----
   XDATA SIZE       =   ----    ----
   PDATA SIZE       =   ----    ----
   DATA SIZE        =      3       1
   IDATA SIZE       =   ----    ----
   BIT SIZE         =   ----    ----
END OF MODULE INFORMATION.


C51 COMPILATION COMPLETE.  0 WARNING(S),  0 ERROR(S)
