BL51 BANKED LINKER/LOCATER V6.22.4.0                                                    07/27/2026  13:35:52  PAGE 1


BL51 BANKED LINKER/LOCATER V6.22.4.0, INVOKED BY:
D:\KEIL\C51\BIN\BL51.EXE .\Objects\main.obj, .\Objects\Delay.obj, .\Objects\Key.obj, .\Objects\Buzzer.obj, .\Objects\Led
>> s.obj TO .\Objects\Buzzer PRINT (.\Listings\Buzzer.m51) RAMSIZE (256)


MEMORY MODEL: SMALL


INPUT MODULES INCLUDED:
  .\Objects\main.obj (MAIN)
  .\Objects\Delay.obj (DELAY)
  .\Objects\Key.obj (KEY)
  .\Objects\Buzzer.obj (BUZZER)
  .\Objects\Leds.obj (LEDS)
  D:\KEIL\C51\LIB\C51S.LIB (?C_STARTUP)


LINK MAP OF MODULE:  .\Objects\Buzzer (MAIN)


            TYPE    BASE      LENGTH    RELOCATION   SEGMENT NAME
            -----------------------------------------------------

            * * * * * * *   D A T A   M E M O R Y   * * * * * * *
            REG     0000H     0008H     ABSOLUTE     "REG BANK 0"
            DATA    0008H     0005H     UNIT         _DATA_GROUP_
            IDATA   000DH     0001H     UNIT         ?STACK

            * * * * * * *   C O D E   M E M O R Y   * * * * * * *
            CODE    0000H     0003H     ABSOLUTE     
            CODE    0003H     00C5H     UNIT         ?PR?_LEDS?LEDS
            CODE    00C8H     005FH     UNIT         ?PR?KEY?KEY
            CODE    0127H     0028H     UNIT         ?PR?_BUZZER_TIME?BUZZER
            CODE    014FH     0020H     UNIT         ?PR?MAIN?MAIN
            CODE    016FH     0016H     UNIT         ?PR?_DELAY?DELAY
            CODE    0185H     000CH     UNIT         ?C_C51STARTUP



OVERLAY MAP OF MODULE:   .\Objects\Buzzer (MAIN)


SEGMENT                           DATA_GROUP 
  +--> CALLED SEGMENT           START    LENGTH
-----------------------------------------------
?C_C51STARTUP                   -----    -----
  +--> ?PR?MAIN?MAIN

?PR?MAIN?MAIN                   0008H    0001H
  +--> ?PR?_LEDS?LEDS
  +--> ?PR?KEY?KEY
  +--> ?PR?_BUZZER_TIME?BUZZER

?PR?_LEDS?LEDS                  -----    -----
  +--> ?PR?_DELAY?DELAY

?PR?KEY?KEY                     -----    -----
  +--> ?PR?_DELAY?DELAY
BL51 BANKED LINKER/LOCATER V6.22.4.0                                                  07/27/2026  13:35:52  PAGE 2



?PR?_BUZZER_TIME?BUZZER         0009H    0004H
  +--> ?PR?_DELAY?DELAY



SYMBOL TABLE OF MODULE:  .\Objects\Buzzer (MAIN)

  VALUE           TYPE          NAME
  ----------------------------------

  -------         MODULE        MAIN
  C:0000H         SYMBOL        _ICE_DUMMY_
  D:0090H         PUBLIC        P1
  D:00B0H         PUBLIC        P3
  D:00A8H         PUBLIC        IE
  D:00B8H         PUBLIC        IP
  C:014FH         PUBLIC        main
  D:0098H         PUBLIC        SCON
  D:0088H         PUBLIC        TCON
  D:00C8H         PUBLIC        T2CON
  D:00D0H         PUBLIC        PSW
  -------         PROC          MAIN
  -------         DO            
  D:0008H         SYMBOL        KeyNum
  -------         ENDDO         
  C:014FH         LINE#         7
  C:014FH         LINE#         8
  C:014FH         LINE#         10
  C:0156H         LINE#         11
  C:0156H         LINE#         12
  C:0156H         LINE#         13
  C:015BH         LINE#         14
  C:016DH         LINE#         16
  -------         ENDPROC       MAIN
  -------         ENDMOD        MAIN

  -------         MODULE        DELAY
  C:0000H         SYMBOL        _ICE_DUMMY_
  C:016FH         PUBLIC        _Delay
  -------         PROC          _DELAY
  D:0006H         SYMBOL        xms
  -------         DO            
  D:0005H         SYMBOL        i
  D:0004H         SYMBOL        j
  -------         ENDDO         
  C:016FH         LINE#         2
  C:016FH         LINE#         3
  C:016FH         LINE#         5
  C:0179H         LINE#         6
  C:0179H         LINE#         7
  C:017AH         LINE#         8
  C:017CH         LINE#         9
  C:017EH         LINE#         11
  C:017EH         LINE#         12
  C:0180H         LINE#         13
  C:0182H         LINE#         14
BL51 BANKED LINKER/LOCATER V6.22.4.0                                                  07/27/2026  13:35:52  PAGE 3


  C:0184H         LINE#         15
  -------         ENDPROC       _DELAY
  -------         ENDMOD        DELAY

  -------         MODULE        KEY
  C:0000H         SYMBOL        _ICE_DUMMY_
  B:00B0H.0       PUBLIC        P3_0
  B:00B0H.1       PUBLIC        P3_1
  B:00B0H.2       PUBLIC        P3_2
  B:00B0H.3       PUBLIC        P3_3
  C:00C8H         PUBLIC        Key
  -------         PROC          KEY
  C:00C8H         LINE#         3
  C:00C8H         LINE#         4
  C:00C8H         LINE#         5
  C:00CBH         LINE#         6
  C:00CBH         LINE#         7
  C:00D2H         LINE#         8
  C:00D5H         LINE#         9
  C:00DCH         LINE#         10
  C:00DFH         LINE#         11
  C:00DFH         LINE#         12
  C:00E2H         LINE#         13
  C:00E2H         LINE#         14
  C:00E9H         LINE#         15
  C:00ECH         LINE#         16
  C:00F3H         LINE#         17
  C:00F6H         LINE#         18
  C:00F6H         LINE#         19
  C:00F9H         LINE#         20
  C:00F9H         LINE#         21
  C:0100H         LINE#         22
  C:0103H         LINE#         23
  C:010AH         LINE#         24
  C:010DH         LINE#         25
  C:010DH         LINE#         26
  C:0110H         LINE#         27
  C:0110H         LINE#         28
  C:0117H         LINE#         29
  C:011AH         LINE#         30
  C:0121H         LINE#         31
  C:0124H         LINE#         32
  C:0124H         LINE#         33
  C:0126H         LINE#         34
  -------         ENDPROC       KEY
  -------         ENDMOD        KEY

  -------         MODULE        BUZZER
  C:0000H         SYMBOL        _ICE_DUMMY_
  D:0090H         PUBLIC        P1
  D:00A0H         PUBLIC        P2
  D:00B0H         PUBLIC        P3
  B:00A0H.5       PUBLIC        Buzzer
  D:00A8H         PUBLIC        IE
  D:00B8H         PUBLIC        IP
  D:0098H         PUBLIC        SCON
  D:0088H         PUBLIC        TCON
BL51 BANKED LINKER/LOCATER V6.22.4.0                                                  07/27/2026  13:35:52  PAGE 4


  D:00C8H         PUBLIC        T2CON
  C:0127H         PUBLIC        _Buzzer_Time
  D:00D0H         PUBLIC        PSW
  -------         PROC          _BUZZER_TIME
  D:0009H         SYMBOL        ms
  -------         DO            
  D:000BH         SYMBOL        i
  -------         ENDDO         
  C:0127H         LINE#         5
  C:012BH         LINE#         6
  C:012BH         LINE#         8
  C:013BH         LINE#         9
  C:013BH         LINE#         10
  C:013DH         LINE#         11
  C:0144H         LINE#         12
  C:014EH         LINE#         13
  -------         ENDPROC       _BUZZER_TIME
  -------         ENDMOD        BUZZER

  -------         MODULE        LEDS
  C:0000H         SYMBOL        _ICE_DUMMY_
  D:0080H         PUBLIC        P0
  C:0003H         PUBLIC        _Leds
  B:00A0H.2       PUBLIC        P2_2
  B:00A0H.3       PUBLIC        P2_3
  B:00A0H.4       PUBLIC        P2_4
  -------         PROC          _LEDS
  D:0007H         SYMBOL        Location
  D:0005H         SYMBOL        Num
  C:0003H         LINE#         3
  C:0003H         LINE#         4
  C:0003H         LINE#         5
  C:0030H         LINE#         6
  C:0030H         LINE#         7
  C:0034H         LINE#         8
  C:003CH         LINE#         9
  C:0040H         LINE#         10
  C:0048H         LINE#         11
  C:004CH         LINE#         12
  C:0054H         LINE#         13
  C:0058H         LINE#         14
  C:005EH         LINE#         15
  C:005EH         LINE#         16
  C:008CH         LINE#         17
  C:008CH         LINE#         18
  C:0091H         LINE#         19
  C:0096H         LINE#         20
  C:009BH         LINE#         21
  C:00A0H         LINE#         22
  C:00A5H         LINE#         23
  C:00AAH         LINE#         24
  C:00AFH         LINE#         25
  C:00B4H         LINE#         26
  C:00B9H         LINE#         27
  C:00BEH         LINE#         28
  C:00C1H         LINE#         29
  C:00C1H         LINE#         30
BL51 BANKED LINKER/LOCATER V6.22.4.0                                                  07/27/2026  13:35:52  PAGE 5


  -------         ENDPROC       _LEDS
  -------         ENDMOD        LEDS

Program Size: data=14.0 xdata=0 code=401
LINK/LOCATE RUN COMPLETE.  0 WARNING(S),  0 ERROR(S)
