C51 COMPILER V9.60.7.0   BUZZER                                                            07/27/2026 13:35:52 PAGE 1   


C51 COMPILER V9.60.7.0, COMPILATION OF MODULE BUZZER
OBJECT MODULE PLACED IN .\Objects\Buzzer.obj
COMPILER INVOKED BY: D:\Keil\C51\BIN\C51.EXE Buzzer.c OPTIMIZE(8,SPEED) BROWSE DEBUG OBJECTEXTEND PRINT(.\Listings\Buzze
                    -r.lst) TABS(2) OBJECT(.\Objects\Buzzer.obj)

line level    source

   1          #include <REG52.H>
   2          #include "Delay.h"
   3          sbit Buzzer = P2^5;
   4          
   5          void Buzzer_Time(unsigned int ms)
   6          {
   7   1          unsigned int i;
   8   1          for (i = 0; i < ms;i++)
   9   1          {
  10   2              Buzzer = !Buzzer;
  11   2              Delay(1);
  12   2          }
  13   1      }


MODULE INFORMATION:   STATIC OVERLAYABLE
   CODE SIZE        =     40    ----
   CONSTANT SIZE    =   ----    ----
   XDATA SIZE       =   ----    ----
   PDATA SIZE       =   ----    ----
   DATA SIZE        =   ----       4
   IDATA SIZE       =   ----    ----
   BIT SIZE         =   ----    ----
END OF MODULE INFORMATION.


C51 COMPILATION COMPLETE.  0 WARNING(S),  0 ERROR(S)
