C51 COMPILER V9.60.7.0   KEY                                                               07/27/2026 13:35:52 PAGE 1   


C51 COMPILER V9.60.7.0, COMPILATION OF MODULE KEY
OBJECT MODULE PLACED IN .\Objects\Key.obj
COMPILER INVOKED BY: D:\Keil\C51\BIN\C51.EXE Key.c OPTIMIZE(8,SPEED) BROWSE DEBUG OBJECTEXTEND PRINT(.\Listings\Key.lst)
                    - TABS(2) OBJECT(.\Objects\Key.obj)

line level    source

   1          #include <REGX52.H>
   2          #include "Delay.h"
   3          unsigned char Key(void)
   4          {
   5   1          if(P3_1==0)
   6   1          {
   7   2              Delay(20);
   8   2              while(P3_1 == 0);
   9   2              Delay(20);
  10   2              return 1;
  11   2          }
  12   1           if(P3_0==0)
  13   1          {
  14   2              Delay(20);
  15   2              while(P3_0 == 0);
  16   2              Delay(20);
  17   2              return 2;
  18   2          }
  19   1           if(P3_2==0)
  20   1          {
  21   2              Delay(20);
  22   2              while(P3_2 == 0);
  23   2              Delay(20);
  24   2              return 3;
  25   2          }
  26   1           if(P3_3==0)
  27   1          {
  28   2              Delay(20);
  29   2              while(P3_3 == 0);
  30   2              Delay(20);
  31   2              return 4;
  32   2          }
  33   1          return 0;
  34   1      }


MODULE INFORMATION:   STATIC OVERLAYABLE
   CODE SIZE        =     95    ----
   CONSTANT SIZE    =   ----    ----
   XDATA SIZE       =   ----    ----
   PDATA SIZE       =   ----    ----
   DATA SIZE        =   ----    ----
   IDATA SIZE       =   ----    ----
   BIT SIZE         =   ----    ----
END OF MODULE INFORMATION.


C51 COMPILATION COMPLETE.  0 WARNING(S),  0 ERROR(S)
