C51 COMPILER V9.60.7.0   LEDS                                                              07/27/2026 13:35:52 PAGE 1   


C51 COMPILER V9.60.7.0, COMPILATION OF MODULE LEDS
OBJECT MODULE PLACED IN .\Objects\Leds.obj
COMPILER INVOKED BY: D:\Keil\C51\BIN\C51.EXE Leds.c OPTIMIZE(8,SPEED) BROWSE DEBUG OBJECTEXTEND PRINT(.\Listings\Leds.ls
                    -t) TABS(2) OBJECT(.\Objects\Leds.obj)

line level    source

   1          #include <REGX52.H>
   2          #include <Delay.h>
   3          void Leds(unsigned char Location,unsigned char Num)
   4          {
   5   1        switch(Location)
   6   1        {
   7   2          case 1:P2_2 = 1;P2_3 = 1;P2_4 = 1;break; 
   8   2          case 2:P2_2 = 0;P2_3 = 1;P2_4 = 1;break; 
   9   2          case 3:P2_2 = 1;P2_3 = 0;P2_4 = 1;break; 
  10   2          case 4:P2_2 = 0;P2_3 = 0;P2_4 = 1;break; 
  11   2          case 5:P2_2 = 1;P2_3 = 1;P2_4 = 0;break; 
  12   2          case 6:P2_2 = 0;P2_3 = 1;P2_4 = 0;break; 
  13   2          case 7:P2_2 = 1;P2_3 = 0;P2_4 = 0;break; 
  14   2          case 8:P2_2 = 0;P2_3 = 0;P2_4 = 0;break; 
  15   2        }
  16   1        switch(Num)
  17   1        {
  18   2          case 1:P0 = 0x06;break;
  19   2          case 2:P0 = 0x5B;break;
  20   2          case 3:P0 = 0x4F;break;
  21   2          case 4:P0 = 0x66;break;
  22   2          case 5:P0 = 0x6D;break;
  23   2          case 6:P0 = 0x7D;break;
  24   2          case 7:P0 = 0x07;break;
  25   2          case 8:P0 = 0x7F;break;
  26   2          case 9:P0 = 0x6F;break;
  27   2          case 0:P0 = 0x3F;break;
  28   2          case 10:P0 = 0x00;break;
  29   2        }
  30   1        Delay(1);
  31   1        //P0 = 0x00;
  32   1      }


MODULE INFORMATION:   STATIC OVERLAYABLE
   CODE SIZE        =    197    ----
   CONSTANT SIZE    =   ----    ----
   XDATA SIZE       =   ----    ----
   PDATA SIZE       =   ----    ----
   DATA SIZE        =   ----    ----
   IDATA SIZE       =   ----    ----
   BIT SIZE         =   ----    ----
END OF MODULE INFORMATION.


C51 COMPILATION COMPLETE.  0 WARNING(S),  0 ERROR(S)
